Component: ARM Compiler 5.06 update 6 (build 750) Tool: armlink [4d35ed]

==============================================================================

Section Cross References

    startup_stm32f103xe.o(RESET) refers to startup_stm32f103xe.o(STACK) for __initial_sp
    startup_stm32f103xe.o(RESET) refers to startup_stm32f103xe.o(.text) for Reset_Handler
    startup_stm32f103xe.o(RESET) refers to stm32f1xx_it.o(i.NMI_Handler) for NMI_Handler
    startup_stm32f103xe.o(RESET) refers to stm32f1xx_it.o(i.HardFault_Handler) for HardFault_Handler
    startup_stm32f103xe.o(RESET) refers to stm32f1xx_it.o(i.MemManage_Handler) for MemManage_Handler
    startup_stm32f103xe.o(RESET) refers to stm32f1xx_it.o(i.BusFault_Handler) for BusFault_Handler
    startup_stm32f103xe.o(RESET) refers to stm32f1xx_it.o(i.UsageFault_Handler) for UsageFault_Handler
    startup_stm32f103xe.o(RESET) refers to port.o(.emb_text) for SVC_Handler
    startup_stm32f103xe.o(RESET) refers to stm32f1xx_it.o(i.DebugMon_Handler) for DebugMon_Handler
    startup_stm32f103xe.o(RESET) refers to port.o(i.SysTick_Handler) for SysTick_Handler
    startup_stm32f103xe.o(RESET) refers to stm32f1xx_it.o(i.TIM1_UP_IRQHandler) for TIM1_UP_IRQHandler
    startup_stm32f103xe.o(.text) refers to system_stm32f1xx.o(i.SystemInit) for SystemInit
    startup_stm32f103xe.o(.text) refers to entry.o(.ARM.Collect$$$$00000000) for __main
    bsp_led_hardware.o(i.LED_GPIO_Init) refers to memseta.o(.text) for __aeabi_memclr4
    bsp_led_hardware.o(i.LED_GPIO_Init) refers to bsp_led_hardware.o(i.LL_APB2_GRP1_EnableClock) for LL_APB2_GRP1_EnableClock
    bsp_led_hardware.o(i.LED_GPIO_Init) refers to stm32f1xx_ll_gpio.o(i.LL_GPIO_Init) for LL_GPIO_Init
    main.o(i.Ball_Numbers) refers to main.o(.data) for displayram
    main.o(i.Ball_Numbers) refers to main.o(.constdata) for gRNum
    main.o(i.HAL_TIM_PeriodElapsedCallback) refers to stm32f1xx_hal.o(i.HAL_IncTick) for HAL_IncTick
    main.o(i.Hit_Rate) refers to main.o(.data) for displayram
    main.o(i.Hit_Rate) refers to main.o(.constdata) for gRNum
    main.o(i.LED_SendByte) refers to main.o(i.LL_GPIO_ResetOutputPin) for LL_GPIO_ResetOutputPin
    main.o(i.LED_SendByte) refers to main.o(i.LL_GPIO_SetOutputPin) for LL_GPIO_SetOutputPin
    main.o(i.MOC_Delay_ms) refers to cmsis_os2.o(i.osDelay) for osDelay
    main.o(i.MOC_Delay_ms) refers to bsp_led_hardware.o(.data) for g_OS_InitFlag
    main.o(i.MX_GPIO_Init) refers to main.o(i.LL_APB2_GRP1_EnableClock) for LL_APB2_GRP1_EnableClock
    main.o(i.Refresh_LED) refers to main.o(i.moc_L3_ON) for moc_L3_ON
    main.o(i.Refresh_LED) refers to main.o(i.LED_SendByte) for LED_SendByte
    main.o(i.Refresh_LED) refers to cmsis_os2.o(i.osDelay) for osDelay
    main.o(i.Refresh_LED) refers to main.o(i.moc_L0_ON) for moc_L0_ON
    main.o(i.Refresh_LED) refers to main.o(i.moc_L1_ON) for moc_L1_ON
    main.o(i.Refresh_LED) refers to main.o(i.moc_L2_ON) for moc_L2_ON
    main.o(i.Refresh_LED) refers to main.o(.data) for displayram
    main.o(i.Score) refers to main.o(.data) for displayram
    main.o(i.Score) refers to main.o(.constdata) for gRNum
    main.o(i.Serve_Ball) refers to main.o(.data) for displayram
    main.o(i.Serve_Ball) refers to main.o(.constdata) for gRNum
    main.o(i.StartDefaultTask) refers to main.o(i.Refresh_LED) for Refresh_LED
    main.o(i.StartDefaultTask) refers to main.o(i.Ball_Numbers) for Ball_Numbers
    main.o(i.StartDefaultTask) refers to main.o(i.Hit_Rate) for Hit_Rate
    main.o(i.StartDefaultTask) refers to main.o(i.Score) for Score
    main.o(i.StartDefaultTask) refers to main.o(i.Serve_Ball) for Serve_Ball
    main.o(i.StartTask02) refers to cmsis_os2.o(i.osDelay) for osDelay
    main.o(i.SystemClock_Config) refers to main.o(i.Error_Handler) for Error_Handler
    main.o(i.SystemClock_Config) refers to stm32f1xx_ll_utils.o(i.LL_SetSystemCoreClock) for LL_SetSystemCoreClock
    main.o(i.SystemClock_Config) refers to stm32f1xx_hal_timebase_tim.o(i.HAL_InitTick) for HAL_InitTick
    main.o(i.main) refers to stm32f1xx_hal.o(i.HAL_Init) for HAL_Init
    main.o(i.main) refers to main.o(i.SystemClock_Config) for SystemClock_Config
    main.o(i.main) refers to main.o(i.MX_GPIO_Init) for MX_GPIO_Init
    main.o(i.main) refers to bsp_led_hardware.o(i.LED_GPIO_Init) for LED_GPIO_Init
    main.o(i.main) refers to cmsis_os2.o(i.osKernelInitialize) for osKernelInitialize
    main.o(i.main) refers to cmsis_os2.o(i.osThreadNew) for osThreadNew
    main.o(i.main) refers to cmsis_os2.o(i.osKernelStart) for osKernelStart
    main.o(i.main) refers to main.o(.constdata) for defaultTask_attributes
    main.o(i.main) refers to main.o(i.StartDefaultTask) for StartDefaultTask
    main.o(i.main) refers to main.o(.data) for defaultTaskHandle
    main.o(i.main) refers to main.o(i.StartTask02) for StartTask02
    main.o(i.moc_L0_ON) refers to main.o(i.LL_GPIO_ResetOutputPin) for LL_GPIO_ResetOutputPin
[...]
    Removing stm32f1xx_hal_tim_ex.o(i.HAL_TIMEx_RemapConfig), (6 bytes).
    Removing stm32f1xx_hal_tim_ex.o(i.TIMEx_DMACommutationCplt), (20 bytes).
    Removing stm32f1xx_hal_tim_ex.o(i.TIMEx_DMACommutationHalfCplt), (20 bytes).
    Removing stm32f1xx_hal_tim_ex.o(i.TIM_CCxNChannelCmd), (34 bytes).
    Removing system_stm32f1xx.o(.rev16_text), (4 bytes).
    Removing system_stm32f1xx.o(.revsh_text), (4 bytes).
    Removing system_stm32f1xx.o(.rrx_text), (6 bytes).
    Removing system_stm32f1xx.o(i.SystemCoreClockUpdate), (164 bytes).
    Removing event_groups.o(i.prvTestWaitCondition), (30 bytes).
    Removing event_groups.o(i.uxEventGroupGetNumber), (14 bytes).
    Removing event_groups.o(i.vEventGroupClearBitsCallback), (16 bytes).
    Removing event_groups.o(i.vEventGroupDelete), (86 bytes).
    Removing event_groups.o(i.vEventGroupSetBitsCallback), (16 bytes).
    Removing event_groups.o(i.vEventGroupSetNumber), (4 bytes).
    Removing event_groups.o(i.xEventGroupClearBits), (92 bytes).
    Removing event_groups.o(i.xEventGroupClearBitsFromISR), (28 bytes).
    Removing event_groups.o(i.xEventGroupCreate), (30 bytes).
    Removing event_groups.o(i.xEventGroupCreateStatic), (90 bytes).
    Removing event_groups.o(i.xEventGroupGetBitsFromISR), (44 bytes).
    Removing event_groups.o(i.xEventGroupSetBits), (206 bytes).
    Removing event_groups.o(i.xEventGroupSetBitsFromISR), (36 bytes).
    Removing event_groups.o(i.xEventGroupSync), (272 bytes).
    Removing event_groups.o(i.xEventGroupWaitBits), (344 bytes).
    Removing queue.o(i.pcQueueGetName), (44 bytes).
    Removing queue.o(i.prvGetDisinheritPriorityAfterTimeout), (20 bytes).
    Removing queue.o(i.prvInitialiseMutex), (28 bytes).
    Removing queue.o(i.ucQueueGetQueueType), (8 bytes).
    Removing queue.o(i.uxQueueGetQueueNumber), (6 bytes).
    Removing queue.o(i.uxQueueMessagesWaiting), (42 bytes).
    Removing queue.o(i.uxQueueMessagesWaitingFromISR), (30 bytes).
    Removing queue.o(i.uxQueueSpacesAvailable), (48 bytes).
    Removing queue.o(i.vQueueDelete), (50 bytes).
    Removing queue.o(i.vQueueSetQueueNumber), (4 bytes).
    Removing queue.o(i.vQueueUnregisterQueue), (48 bytes).
    Removing queue.o(i.xQueueCreateCountingSemaphore), (92 bytes).
    Removing queue.o(i.xQueueCreateCountingSemaphoreStatic), (100 bytes).
    Removing queue.o(i.xQueueCreateMutex), (34 bytes).
    Removing queue.o(i.xQueueCreateMutexStatic), (42 bytes).
    Removing queue.o(i.xQueueGenericCreate), (94 bytes).
    Removing queue.o(i.xQueueGetMutexHolder), (26 bytes).
    Removing queue.o(i.xQueueGetMutexHolderFromISR), (38 bytes).
    Removing queue.o(i.xQueueGiveFromISR), (224 bytes).
    Removing queue.o(i.xQueueGiveMutexRecursive), (72 bytes).
    Removing queue.o(i.xQueueIsQueueEmptyFromISR), (38 bytes).
    Removing queue.o(i.xQueueIsQueueFullFromISR), (42 bytes).
    Removing queue.o(i.xQueuePeek), (368 bytes).
    Removing queue.o(i.xQueuePeekFromISR), (176 bytes).
    Removing queue.o(i.xQueueReceiveFromISR), (202 bytes).
    Removing queue.o(i.xQueueSemaphoreTake), (440 bytes).
    Removing queue.o(i.xQueueTakeMutexRecursive), (78 bytes).
    Removing stream_buffer.o(i.prvBytesInBuffer), (24 bytes).
    Removing stream_buffer.o(i.prvInitialiseNewStreamBuffer), (96 bytes).
    Removing stream_buffer.o(i.prvReadBytesFromBuffer), (202 bytes).
    Removing stream_buffer.o(i.prvReadMessageFromBuffer), (72 bytes).
    Removing stream_buffer.o(i.prvWriteBytesToBuffer), (186 bytes).
    Removing stream_buffer.o(i.prvWriteMessageToBuffer), (92 bytes).
    Removing stream_buffer.o(i.ucStreamBufferGetStreamBufferType), (10 bytes).
    Removing stream_buffer.o(i.uxStreamBufferGetStreamBufferNumber), (6 bytes).
    Removing stream_buffer.o(i.vStreamBufferDelete), (56 bytes).
    Removing stream_buffer.o(i.vStreamBufferSetStreamBufferNumber), (4 bytes).
    Removing stream_buffer.o(i.xStreamBufferBytesAvailable), (42 bytes).
    Removing stream_buffer.o(i.xStreamBufferGenericCreate), (114 bytes).
    Removing stream_buffer.o(i.xStreamBufferGenericCreateStatic), (222 bytes).
    Removing stream_buffer.o(i.xStreamBufferIsEmpty), (46 bytes).
    Removing stream_buffer.o(i.xStreamBufferIsFull), (64 bytes).
    Removing stream_buffer.o(i.xStreamBufferReceive), (254 bytes).
    Removing stream_buffer.o(i.xStreamBufferReceiveCompletedFromISR), (102 bytes).
    Removing stream_buffer.o(i.xStreamBufferReceiveFromISR), (184 bytes).
    Removing stream_buffer.o(i.xStreamBufferReset), (86 bytes).
    Removing stream_buffer.o(i.xStreamBufferSend), (274 bytes).
    Removing stream_buffer.o(i.xStreamBufferSendCompletedFromISR), (102 bytes).
    Removing stream_buffer.o(i.xStreamBufferSendFromISR), (184 bytes).
    Removing stream_buffer.o(i.xStreamBufferSetTriggerLevel), (50 bytes).
    Removing stream_buffer.o(i.xStreamBufferSpacesAvailable), (54 bytes).
    Removing tasks.o(i.eTaskGetState), (132 bytes).
    Removing tasks.o(i.pcTaskGetName), (48 bytes).
    Removing tasks.o(i.prvListTasksWithinSingleList), (106 bytes).
    Removing tasks.o(i.prvTaskCheckFreeStackSpace), (22 bytes).
    Removing tasks.o(i.prvTaskIsTaskSuspended), (88 bytes).
    Removing tasks.o(i.pvTaskIncrementMutexHeldCount), (32 bytes).
    Removing tasks.o(i.ulTaskNotifyTake), (116 bytes).
    Removing tasks.o(i.uxTaskGetNumberOfTasks), (12 bytes).
    Removing tasks.o(i.uxTaskGetStackHighWaterMark), (40 bytes).
    Removing tasks.o(i.uxTaskGetSystemState), (176 bytes).
    Removing tasks.o(i.uxTaskGetTaskNumber), (14 bytes).
    Removing tasks.o(i.uxTaskPriorityGet), (36 bytes).
    Removing tasks.o(i.uxTaskPriorityGetFromISR), (68 bytes).
    Removing tasks.o(i.uxTaskResetEventItemValue), (28 bytes).
    Removing tasks.o(i.vTaskDelayUntil), (212 bytes).
    Removing tasks.o(i.vTaskDelete), (200 bytes).
    Removing tasks.o(i.vTaskEndScheduler), (36 bytes).
    Removing tasks.o(i.vTaskGetInfo), (132 bytes).
    Removing tasks.o(i.vTaskNotifyGiveFromISR), (240 bytes).
    Removing tasks.o(i.vTaskPlaceOnUnorderedEventList), (108 bytes).
    Removing tasks.o(i.vTaskPriorityDisinheritAfterTimeout), (208 bytes).
    Removing tasks.o(i.vTaskPrioritySet), (256 bytes).
    Removing tasks.o(i.vTaskRemoveFromUnorderedEventList), (160 bytes).
    Removing tasks.o(i.vTaskResume), (144 bytes).
    Removing tasks.o(i.vTaskSetTaskNumber), (8 bytes).
    Removing tasks.o(i.vTaskSetTimeOutState), (60 bytes).
    Removing tasks.o(i.vTaskSuspend), (200 bytes).
    Removing tasks.o(i.xTaskGenericNotify), (256 bytes).
    Removing tasks.o(i.xTaskGenericNotifyFromISR), (320 bytes).
    Removing tasks.o(i.xTaskGetCurrentTaskHandle), (12 bytes).
    Removing tasks.o(i.xTaskGetTickCountFromISR), (20 bytes).
    Removing tasks.o(i.xTaskNotifyStateClear), (52 bytes).
    Removing tasks.o(i.xTaskNotifyWait), (160 bytes).
    Removing tasks.o(i.xTaskPriorityInherit), (164 bytes).
    Removing tasks.o(i.xTaskResumeFromISR), (176 bytes).
    Removing timers.o(i.pcTimerGetName), (32 bytes).
    Removing timers.o(i.prvInitialiseNewTimer), (78 bytes).
    Removing timers.o(i.pvTimerGetTimerID), (44 bytes).
    Removing timers.o(i.uxTimerGetTimerNumber), (6 bytes).
    Removing timers.o(i.vTimerSetTimerID), (44 bytes).
    Removing timers.o(i.vTimerSetTimerNumber), (4 bytes).
    Removing timers.o(i.xTimerCreate), (54 bytes).
    Removing timers.o(i.xTimerCreateStatic), (112 bytes).
    Removing timers.o(i.xTimerGetExpiryTime), (34 bytes).
    Removing timers.o(i.xTimerGetPeriod), (32 bytes).
    Removing timers.o(i.xTimerGetTimerDaemonTaskHandle), (48 bytes).
    Removing timers.o(i.xTimerIsTimerActive), (56 bytes).
    Removing timers.o(i.xTimerPendFunctionCall), (80 bytes).
    Removing timers.o(i.xTimerPendFunctionCallFromISR), (52 bytes).
    Removing cmsis_os2.o(.rev16_text), (4 bytes).
    Removing cmsis_os2.o(.revsh_text), (4 bytes).
    Removing cmsis_os2.o(.rrx_text), (6 bytes).
    Removing cmsis_os2.o(i.TimerCallback), (22 bytes).
    Removing cmsis_os2.o(i.osDelayUntil), (64 bytes).
    Removing cmsis_os2.o(i.osEventFlagsClear), (96 bytes).
    Removing cmsis_os2.o(i.osEventFlagsDelete), (64 bytes).
    Removing cmsis_os2.o(i.osEventFlagsGet), (68 bytes).
    Removing cmsis_os2.o(i.osEventFlagsNew), (96 bytes).
    Removing cmsis_os2.o(i.osEventFlagsSet), (116 bytes).
    Removing cmsis_os2.o(i.osEventFlagsWait), (164 bytes).
    Removing cmsis_os2.o(i.osKernelGetInfo), (64 bytes).
    Removing cmsis_os2.o(i.osKernelGetState), (52 bytes).
    Removing cmsis_os2.o(i.osKernelGetSysTimerCount), (60 bytes).
    Removing cmsis_os2.o(i.osKernelGetSysTimerFreq), (12 bytes).
    Removing cmsis_os2.o(i.osKernelGetTickCount), (52 bytes).
    Removing cmsis_os2.o(i.osKernelGetTickFreq), (6 bytes).
    Removing cmsis_os2.o(i.osKernelLock), (80 bytes).
    Removing cmsis_os2.o(i.osKernelRestoreLock), (112 bytes).
    Removing cmsis_os2.o(i.osKernelUnlock), (92 bytes).
    Removing cmsis_os2.o(i.osMessageQueueDelete), (68 bytes).
    Removing cmsis_os2.o(i.osMessageQueueGet), (152 bytes).
    Removing cmsis_os2.o(i.osMessageQueueGetCapacity), (14 bytes).
    Removing cmsis_os2.o(i.osMessageQueueGetCount), (64 bytes).
    Removing cmsis_os2.o(i.osMessageQueueGetMsgSize), (14 bytes).
    Removing cmsis_os2.o(i.osMessageQueueGetSpace), (100 bytes).
    Removing cmsis_os2.o(i.osMessageQueueNew), (184 bytes).
    Removing cmsis_os2.o(i.osMessageQueuePut), (156 bytes).
    Removing cmsis_os2.o(i.osMessageQueueReset), (64 bytes).
    Removing cmsis_os2.o(i.osMutexAcquire), (124 bytes).
    Removing cmsis_os2.o(i.osMutexDelete), (72 bytes).
    Removing cmsis_os2.o(i.osMutexGetOwner), (56 bytes).
    Removing cmsis_os2.o(i.osMutexNew), (208 bytes).
    Removing cmsis_os2.o(i.osMutexRelease), (104 bytes).
    Removing cmsis_os2.o(i.osSemaphoreAcquire), (132 bytes).
    Removing cmsis_os2.o(i.osSemaphoreDelete), (68 bytes).
    Removing cmsis_os2.o(i.osSemaphoreGetCount), (64 bytes).
    Removing cmsis_os2.o(i.osSemaphoreNew), (236 bytes).
    Removing cmsis_os2.o(i.osSemaphoreRelease), (116 bytes).
    Removing cmsis_os2.o(i.osThreadEnumerate), (132 bytes).
    Removing cmsis_os2.o(i.osThreadExit), (10 bytes).
    Removing cmsis_os2.o(i.osThreadFlagsClear), (112 bytes).
    Removing cmsis_os2.o(i.osThreadFlagsGet), (72 bytes).
    Removing cmsis_os2.o(i.osThreadFlagsSet), (152 bytes).
    Removing cmsis_os2.o(i.osThreadFlagsWait), (204 bytes).
    Removing cmsis_os2.o(i.osThreadGetCount), (48 bytes).
    Removing cmsis_os2.o(i.osThreadGetId), (48 bytes).
    Removing cmsis_os2.o(i.osThreadGetName), (56 bytes).
    Removing cmsis_os2.o(i.osThreadGetPriority), (56 bytes).
    Removing cmsis_os2.o(i.osThreadGetStackSize), (6 bytes).
    Removing cmsis_os2.o(i.osThreadGetStackSpace), (56 bytes).
    Removing cmsis_os2.o(i.osThreadGetState), (96 bytes).
    Removing cmsis_os2.o(i.osThreadResume), (64 bytes).
    Removing cmsis_os2.o(i.osThreadSetPriority), (80 bytes).
    Removing cmsis_os2.o(i.osThreadSuspend), (64 bytes).
    Removing cmsis_os2.o(i.osThreadTerminate), (84 bytes).
    Removing cmsis_os2.o(i.osThreadYield), (64 bytes).
    Removing cmsis_os2.o(i.osTimerDelete), (96 bytes).
    Removing cmsis_os2.o(i.osTimerGetName), (56 bytes).
    Removing cmsis_os2.o(i.osTimerIsRunning), (56 bytes).
    Removing cmsis_os2.o(i.osTimerNew), (204 bytes).
    Removing cmsis_os2.o(i.osTimerStart), (84 bytes).
    Removing cmsis_os2.o(i.osTimerStop), (96 bytes).
    Removing heap_4.o(i.vPortInitialiseBlocks), (2 bytes).
    Removing heap_4.o(i.xPortGetFreeHeapSize), (12 bytes).
    Removing heap_4.o(i.xPortGetMinimumEverFreeHeapSize), (12 bytes).
    Removing port.o(i.vPortEndScheduler), (48 bytes).

580 unused section(s) (total 47325 bytes) removed from the image.

==============================================================================

Image Symbol Table

    Local Symbols

    Symbol Name                              Value     Ov Type        Size  Object(Section)

    ../Drivers/STM32F1xx_HAL_Driver/Src/stm32f1xx_hal.c 0x00000000   Number         0  stm32f1xx_hal.o ABSOLUTE
    ../Drivers/STM32F1xx_HAL_Driver/Src/stm32f1xx_hal_cortex.c 0x00000000   Number         0  stm32f1xx_hal_cortex.o ABSOLUTE
    ../Drivers/STM32F1xx_HAL_Driver/Src/stm32f1xx_hal_dma.c 0x00000000   Number         0  stm32f1xx_hal_dma.o ABSOLUTE
    ../Drivers/STM32F1xx_HAL_Driver/Src/stm32f1xx_hal_exti.c 0x00000000   Number         0  stm32f1xx_hal_exti.o ABSOLUTE
    ../Drivers/STM32F1xx_HAL_Driver/Src/stm32f1xx_hal_flash.c 0x00000000   Number         0  stm32f1xx_hal_flash.o ABSOLUTE
    ../Drivers/STM32F1xx_HAL_Driver/Src/stm32f1xx_hal_flash_ex.c 0x00000000   Number         0  stm32f1xx_hal_flash_ex.o ABSOLUTE
    ../Drivers/STM32F1xx_HAL_Driver/Src/stm32f1xx_hal_gpio.c 0x00000000   Number         0  stm32f1xx_hal_gpio.o ABSOLUTE
    ../Drivers/STM32F1xx_HAL_Driver/Src/stm32f1xx_hal_gpio_ex.c 0x00000000   Number         0  stm32f1xx_hal_gpio_ex.o ABSOLUTE
    ../Drivers/STM32F1xx_HAL_Driver/Src/stm32f1xx_hal_pwr.c 0x00000000   Number         0  stm32f1xx_hal_pwr.o ABSOLUTE
    ../Drivers/STM32F1xx_HAL_Driver/Src/stm32f1xx_hal_rcc.c 0x00000000   Number         0  stm32f1xx_hal_rcc.o ABSOLUTE
    ../Drivers/STM32F1xx_HAL_Driver/Src/stm32f1xx_hal_rcc_ex.c 0x00000000   Number         0  stm32f1xx_hal_rcc_ex.o ABSOLUTE
    ../Drivers/STM32F1xx_HAL_Driver/Src/stm32f1xx_hal_tim.c 0x00000000   Number         0  stm32f1xx_hal_tim.o ABSOLUTE
    ../Drivers/STM32F1xx_HAL_Driver/Src/stm32f1xx_hal_tim_ex.c 0x00000000   Number         0  stm32f1xx_hal_tim_ex.o ABSOLUTE
    ../Drivers/STM32F1xx_HAL_Driver/Src/stm32f1xx_ll_exti.c 0x00000000   Number         0  stm32f1xx_ll_exti.o ABSOLUTE
    ../Drivers/STM32F1xx_HAL_Driver/Src/stm32f1xx_ll_gpio.c 0x00000000   Number         0  stm32f1xx_ll_gpio.o ABSOLUTE
    ../Drivers/STM32F1xx_HAL_Driver/Src/stm32f1xx_ll_rcc.c 0x00000000   Number         0  stm32f1xx_ll_rcc.o ABSOLUTE
    ../Drivers/STM32F1xx_HAL_Driver/Src/stm32f1xx_ll_utils.c 0x00000000   Number         0  stm32f1xx_ll_utils.o ABSOLUTE
    ../Middlewares/Third_Party/FreeRTOS/Source/CMSIS_RTOS_V2/cmsis_os2.c 0x00000000   Number         0  cmsis_os2.o ABSOLUTE
    ../Middlewares/Third_Party/FreeRTOS/Source/croutine.c 0x00000000   Number         0  croutine.o ABSOLUTE
    ../Middlewares/Third_Party/FreeRTOS/Source/event_groups.c 0x00000000   Number         0  event_groups.o ABSOLUTE
    ../Middlewares/Third_Party/FreeRTOS/Source/list.c 0x00000000   Number         0  list.o ABSOLUTE
    ../Middlewares/Third_Party/FreeRTOS/Source/portable/MemMang/heap_4.c 0x00000000   Number         0  heap_4.o ABSOLUTE
    ../Middlewares/Third_Party/FreeRTOS/Source/portable/RVDS/ARM_CM3/port.c 0x00000000   Number         0  port.o ABSOLUTE
    ../Middlewares/Third_Party/FreeRTOS/Source/queue.c 0x00000000   Number         0  queue.o ABSOLUTE
    ../Middlewares/Third_Party/FreeRTOS/Source/stream_buffer.c 0x00000000   Number         0  stream_buffer.o ABSOLUTE
    ../Middlewares/Third_Party/FreeRTOS/Source/tasks.c 0x00000000   Number         0  tasks.o ABSOLUTE
    ../Middlewares/Third_Party/FreeRTOS/Source/timers.c 0x00000000   Number         0  timers.o ABSOLUTE
    ../Src/freertos.c                        0x00000000   Number         0  freertos.o ABSOLUTE
    ../Src/main.c                            0x00000000   Number         0  main.o ABSOLUTE
    ../Src/stm32f1xx_hal_msp.c               0x00000000   Number         0  stm32f1xx_hal_msp.o ABSOLUTE
    ../Src/stm32f1xx_hal_timebase_tim.c      0x00000000   Number         0  stm32f1xx_hal_timebase_tim.o ABSOLUTE
    ../Src/stm32f1xx_it.c                    0x00000000   Number         0  stm32f1xx_it.o ABSOLUTE
    ../Src/system_stm32f1xx.c                0x00000000   Number         0  system_stm32f1xx.o ABSOLUTE
    ../clib/microlib/init/entry.s            0x00000000   Number         0  entry5.o ABSOLUTE
    ../clib/microlib/init/entry.s            0x00000000   Number         0  entry10a.o ABSOLUTE
    ../clib/microlib/init/entry.s            0x00000000   Number         0  entry.o ABSOLUTE
    ../clib/microlib/init/entry.s            0x00000000   Number         0  entry9b.o ABSOLUTE
    ../clib/microlib/init/entry.s            0x00000000   Number         0  entry11b.o ABSOLUTE
    ../clib/microlib/init/entry.s            0x00000000   Number         0  entry7a.o ABSOLUTE
    ../clib/microlib/init/entry.s            0x00000000   Number         0  entry7b.o ABSOLUTE
    ../clib/microlib/init/entry.s            0x00000000   Number         0  entry8a.o ABSOLUTE
    ../clib/microlib/init/entry.s            0x00000000   Number         0  entry8b.o ABSOLUTE
    ../clib/microlib/init/entry.s            0x00000000   Number         0  entry9a.o ABSOLUTE
    ../clib/microlib/init/entry.s            0x00000000   Number         0  entry2.o ABSOLUTE
    ../clib/microlib/init/entry.s            0x00000000   Number         0  entry11a.o ABSOLUTE
    ../clib/microlib/init/entry.s            0x00000000   Number         0  entry10b.o ABSOLUTE
    ../clib/microlib/longlong.c              0x00000000   Number         0  llushr.o ABSOLUTE
    ../clib/microlib/string/memcpy.c         0x00000000   Number         0  memcpya.o ABSOLUTE
    ../clib/microlib/string/memcpy.c         0x00000000   Number         0  memcpyb.o ABSOLUTE
    ../clib/microlib/string/memset.c         0x00000000   Number         0  memset.o ABSOLUTE
    ../clib/microlib/string/memset.c         0x00000000   Number         0  memseta.o ABSOLUTE
    ..\Drivers\STM32F1xx_HAL_Driver\Src\stm32f1xx_hal.c 0x00000000   Number         0  stm32f1xx_hal.o ABSOLUTE
    ..\Drivers\STM32F1xx_HAL_Driver\Src\stm32f1xx_hal_cortex.c 0x00000000   Number         0  stm32f1xx_hal_cortex.o ABSOLUTE
    ..\Drivers\STM32F1xx_HAL_Driver\Src\stm32f1xx_hal_dma.c 0x00000000   Number         0  stm32f1xx_hal_dma.o ABSOLUTE
    ..\Drivers\STM32F1xx_HAL_Driver\Src\stm32f1xx_hal_exti.c 0x00000000   Number         0  stm32f1xx_hal_exti.o ABSOLUTE
    ..\Drivers\STM32F1xx_HAL_Driver\Src\stm32f1xx_hal_flash.c 0x00000000   Number         0  stm32f1xx_hal_flash.o ABSOLUTE
    ..\Drivers\STM32F1xx_HAL_Driver\Src\stm32f1xx_hal_flash_ex.c 0x00000000   Number         0  stm32f1xx_hal_flash_ex.o ABSOLUTE
    ..\Drivers\STM32F1xx_HAL_Driver\Src\stm32f1xx_hal_gpio.c 0x00000000   Number         0  stm32f1xx_hal_gpio.o ABSOLUTE
    ..\Drivers\STM32F1xx_HAL_Driver\Src\stm32f1xx_hal_gpio_ex.c 0x00000000   Number         0  stm32f1xx_hal_gpio_ex.o ABSOLUTE
    ..\Drivers\STM32F1xx_HAL_Driver\Src\stm32f1xx_hal_pwr.c 0x00000000   Number         0  stm32f1xx_hal_pwr.o ABSOLUTE
    ..\Drivers\STM32F1xx_HAL_Driver\Src\stm32f1xx_hal_rcc.c 0x00000000   Number         0  stm32f1xx_hal_rcc.o ABSOLUTE
    ..\Drivers\STM32F1xx_HAL_Driver\Src\stm32f1xx_hal_rcc_ex.c 0x00000000   Number         0  stm32f1xx_hal_rcc_ex.o ABSOLUTE
    ..\Drivers\STM32F1xx_HAL_Driver\Src\stm32f1xx_hal_tim.c 0x00000000   Number         0  stm32f1xx_hal_tim.o ABSOLUTE
    ..\Drivers\STM32F1xx_HAL_Driver\Src\stm32f1xx_hal_tim_ex.c 0x00000000   Number         0  stm32f1xx_hal_tim_ex.o ABSOLUTE
    ..\Drivers\STM32F1xx_HAL_Driver\Src\stm32f1xx_ll_exti.c 0x00000000   Number         0  stm32f1xx_ll_exti.o ABSOLUTE
    ..\Drivers\STM32F1xx_HAL_Driver\Src\stm32f1xx_ll_gpio.c 0x00000000   Number         0  stm32f1xx_ll_gpio.o ABSOLUTE
    ..\Drivers\STM32F1xx_HAL_Driver\Src\stm32f1xx_ll_rcc.c 0x00000000   Number         0  stm32f1xx_ll_rcc.o ABSOLUTE
    ..\Drivers\STM32F1xx_HAL_Driver\Src\stm32f1xx_ll_utils.c 0x00000000   Number         0  stm32f1xx_ll_utils.o ABSOLUTE
    ..\Middlewares\Third_Party\FreeRTOS\Source\CMSIS_RTOS_V2\cmsis_os2.c 0x00000000   Number         0  cmsis_os2.o ABSOLUTE
    ..\Middlewares\Third_Party\FreeRTOS\Source\portable\RVDS\ARM_CM3\port.c 0x00000000   Number         0  port.o ABSOLUTE
    ..\Src\freertos.c                        0x00000000   Number         0  freertos.o ABSOLUTE
    ..\Src\main.c                            0x00000000   Number         0  main.o ABSOLUTE
    ..\Src\stm32f1xx_hal_msp.c               0x00000000   Number         0  stm32f1xx_hal_msp.o ABSOLUTE
    ..\Src\stm32f1xx_hal_timebase_tim.c      0x00000000   Number         0  stm32f1xx_hal_timebase_tim.o ABSOLUTE
    ..\Src\stm32f1xx_it.c                    0x00000000   Number         0  stm32f1xx_it.o ABSOLUTE
    ..\Src\system_stm32f1xx.c                0x00000000   Number         0  system_stm32f1xx.o ABSOLUTE
    ..\\user\\bsp\\bsp_led_hardware.c        0x00000000   Number         0  bsp_led_hardware.o ABSOLUTE
    ..\\user\\bsp\\bsp_mocbox_UART5.c        0x00000000   Number         0  bsp_mocbox_uart5.o ABSOLUTE
    ..\user\bsp\bsp_led_hardware.c           0x00000000   Number         0  bsp_led_hardware.o ABSOLUTE
    ..\user\bsp\bsp_mocbox_UART5.c           0x00000000   Number         0  bsp_mocbox_uart5.o ABSOLUTE
    dc.s                                     0x00000000   Number         0  dc.o ABSOLUTE
    handlers.s                               0x00000000   Number         0  handlers.o ABSOLUTE
    init.s                                   0x00000000   Number         0  init.o ABSOLUTE
    startup_stm32f103xe.s                    0x00000000   Number         0  startup_stm32f103xe.o ABSOLUTE
    RESET                                    0x08000000   Section      304  startup_stm32f103xe.o(RESET)
    .ARM.Collect$$$$00000000                 0x08000130   Section        0  entry.o(.ARM.Collect$$$$00000000)
    .ARM.Collect$$$$00000001                 0x08000130   Section        4  entry2.o(.ARM.Collect$$$$00000001)
    .ARM.Collect$$$$00000004                 0x08000134   Section        4  entry5.o(.ARM.Collect$$$$00000004)
    .ARM.Collect$$$$00000008                 0x08000138   Section        0  entry7b.o(.ARM.Collect$$$$00000008)
    .ARM.Collect$$$$0000000A                 0x08000138   Section        0  entry8b.o(.ARM.Collect$$$$0000000A)
    .ARM.Collect$$$$0000000B                 0x08000138   Section        8  entry9a.o(.ARM.Collect$$$$0000000B)
    .ARM.Collect$$$$0000000D                 0x08000140   Section        0  entry10a.o(.ARM.Collect$$$$0000000D)
    .ARM.Collect$$$$0000000F                 0x08000140   Section        0  entry11a.o(.ARM.Collect$$$$0000000F)
    .ARM.Collect$$$$00002712                 0x08000140   Section        4  entry2.o(.ARM.Collect$$$$00002712)
    __lit__00000000                          0x08000140   Data           4  entry2.o(.ARM.Collect$$$$00002712)
    .emb_text                                0x08000144   Section      150  port.o(.emb_text)
    .text                                    0x080001dc   Section       36  startup_stm32f103xe.o(.text)
    .text                                    0x08000200   Section        0  memcpya.o(.text)
    .text                                    0x08000224   Section        0  memseta.o(.text)
    .text                                    0x08000248   Section       36  init.o(.text)
    i.Ball_Numbers                           0x0800026c   Section        0  main.o(i.Ball_Numbers)
    i.BusFault_Handler                       0x08000324   Section        0  stm32f1xx_it.o(i.BusFault_Handler)
    i.DebugMon_Handler                       0x08000328   Section        0  stm32f1xx_it.o(i.DebugMon_Handler)
    i.Error_Handler                          0x0800032a   Section        0  main.o(i.Error_Handler)
    i.HAL_IncTick                            0x0800032c   Section        0  stm32f1xx_hal.o(i.HAL_IncTick)
    i.HAL_Init                               0x08000344   Section        0  stm32f1xx_hal.o(i.HAL_Init)
    i.HAL_InitTick                           0x0800036c   Section        0  stm32f1xx_hal_timebase_tim.o(i.HAL_InitTick)
    i.HAL_MspInit                            0x080003f4   Section        0  stm32f1xx_hal_msp.o(i.HAL_MspInit)
    i.HAL_NVIC_EnableIRQ                     0x08000454   Section        0  stm32f1xx_hal_cortex.o(i.HAL_NVIC_EnableIRQ)
    i.HAL_NVIC_SetPriority                   0x08000474   Section        0  stm32f1xx_hal_cortex.o(i.HAL_NVIC_SetPriority)
    i.HAL_NVIC_SetPriorityGrouping           0x080004f0   Section        0  stm32f1xx_hal_cortex.o(i.HAL_NVIC_SetPriorityGrouping)
    i.HAL_RCC_GetClockConfig                 0x08000518   Section        0  stm32f1xx_hal_rcc.o(i.HAL_RCC_GetClockConfig)
    i.HAL_RCC_GetHCLKFreq                    0x0800055c   Section        0  stm32f1xx_hal_rcc.o(i.HAL_RCC_GetHCLKFreq)
    i.HAL_RCC_GetPCLK2Freq                   0x08000568   Section        0  stm32f1xx_hal_rcc.o(i.HAL_RCC_GetPCLK2Freq)
    i.HAL_TIMEx_BreakCallback                0x08000588   Section        0  stm32f1xx_hal_tim_ex.o(i.HAL_TIMEx_BreakCallback)
    i.HAL_TIMEx_CommutCallback               0x0800058a   Section        0  stm32f1xx_hal_tim_ex.o(i.HAL_TIMEx_CommutCallback)
    i.HAL_TIM_Base_Init                      0x0800058c   Section        0  stm32f1xx_hal_tim.o(i.HAL_TIM_Base_Init)
    i.HAL_TIM_Base_MspInit                   0x080005c0   Section        0  stm32f1xx_hal_tim.o(i.HAL_TIM_Base_MspInit)
    i.HAL_TIM_Base_Start_IT                  0x080005c2   Section        0  stm32f1xx_hal_tim.o(i.HAL_TIM_Base_Start_IT)
    i.HAL_TIM_IC_CaptureCallback             0x080005ec   Section        0  stm32f1xx_hal_tim.o(i.HAL_TIM_IC_CaptureCallback)
    i.HAL_TIM_IRQHandler                     0x080005ee   Section        0  stm32f1xx_hal_tim.o(i.HAL_TIM_IRQHandler)
    i.HAL_TIM_OC_DelayElapsedCallback        0x08000784   Section        0  stm32f1xx_hal_tim.o(i.HAL_TIM_OC_DelayElapsedCallback)
    i.HAL_TIM_PWM_PulseFinishedCallback      0x08000786   Section        0  stm32f1xx_hal_tim.o(i.HAL_TIM_PWM_PulseFinishedCallback)
    i.HAL_TIM_PeriodElapsedCallback          0x08000788   Section        0  main.o(i.HAL_TIM_PeriodElapsedCallback)
    i.HAL_TIM_TriggerCallback                0x080007a0   Section        0  stm32f1xx_hal_tim.o(i.HAL_TIM_TriggerCallback)
    i.HardFault_Handler                      0x080007a2   Section        0  stm32f1xx_it.o(i.HardFault_Handler)
    i.Hit_Rate                               0x080007a8   Section        0  main.o(i.Hit_Rate)
    i.LED_GPIO_Init                          0x08000868   Section        0  bsp_led_hardware.o(i.LED_GPIO_Init)
    i.LED_SendByte                           0x08000974   Section        0  main.o(i.LED_SendByte)
    i.LL_APB2_GRP1_EnableClock               0x080009ec   Section        0  bsp_led_hardware.o(i.LL_APB2_GRP1_EnableClock)
    LL_APB2_GRP1_EnableClock                 0x080009ed   Thumb Code    24  bsp_led_hardware.o(i.LL_APB2_GRP1_EnableClock)
    i.LL_APB2_GRP1_EnableClock               0x08000a08   Section        0  main.o(i.LL_APB2_GRP1_EnableClock)
    LL_APB2_GRP1_EnableClock                 0x08000a09   Thumb Code    24  main.o(i.LL_APB2_GRP1_EnableClock)
    i.LL_GPIO_Init                           0x08000a24   Section        0  stm32f1xx_ll_gpio.o(i.LL_GPIO_Init)
    i.LL_GPIO_ResetOutputPin                 0x08000b44   Section        0  main.o(i.LL_GPIO_ResetOutputPin)
    LL_GPIO_ResetOutputPin                   0x08000b45   Thumb Code     8  main.o(i.LL_GPIO_ResetOutputPin)
    i.LL_GPIO_SetOutputPin                   0x08000b4c   Section        0  main.o(i.LL_GPIO_SetOutputPin)
    LL_GPIO_SetOutputPin                     0x08000b4d   Thumb Code     8  main.o(i.LL_GPIO_SetOutputPin)
    i.LL_SetSystemCoreClock                  0x08000b54   Section        0  stm32f1xx_ll_utils.o(i.LL_SetSystemCoreClock)
    i.MX_GPIO_Init                           0x08000b60   Section        0  main.o(i.MX_GPIO_Init)
    MX_GPIO_Init                             0x08000b61   Thumb Code    16  main.o(i.MX_GPIO_Init)
    i.MemManage_Handler                      0x08000b70   Section        0  stm32f1xx_it.o(i.MemManage_Handler)
    i.NMI_Handler                            0x08000b74   Section        0  stm32f1xx_it.o(i.NMI_Handler)
    i.Refresh_LED                            0x08000b78   Section        0  main.o(i.Refresh_LED)
    i.Score                                  0x08000c50   Section        0  main.o(i.Score)
    i.Serve_Ball                             0x08000d20   Section        0  main.o(i.Serve_Ball)
    i.StartDefaultTask                       0x08000df4   Section        0  main.o(i.StartDefaultTask)
    i.StartTask02                            0x08000e30   Section        0  main.o(i.StartTask02)
    i.SysTick_Handler                        0x08000e54   Section        0  port.o(i.SysTick_Handler)
    i.SystemClock_Config                     0x08000e88   Section        0  main.o(i.SystemClock_Config)
    i.SystemInit                             0x08000f7c   Section        0  system_stm32f1xx.o(i.SystemInit)
    i.TIM1_UP_IRQHandler                     0x08000fd4   Section        0  stm32f1xx_it.o(i.TIM1_UP_IRQHandler)
    i.TIM_Base_SetConfig                     0x08000fe4   Section        0  stm32f1xx_hal_tim.o(i.TIM_Base_SetConfig)
    i.UsageFault_Handler                     0x08001080   Section        0  stm32f1xx_it.o(i.UsageFault_Handler)
    i.__NVIC_GetPriorityGrouping             0x08001084   Section        0  stm32f1xx_hal_cortex.o(i.__NVIC_GetPriorityGrouping)
    __NVIC_GetPriorityGrouping               0x08001085   Thumb Code    10  stm32f1xx_hal_cortex.o(i.__NVIC_GetPriorityGrouping)
    i.__NVIC_SetPriority                     0x08001094   Section        0  stm32f1xx_hal_cortex.o(i.__NVIC_SetPriority)
    __NVIC_SetPriority                       0x08001095   Thumb Code    32  stm32f1xx_hal_cortex.o(i.__NVIC_SetPriority)
    i.__get_BASEPRI                          0x080010bc   Section        0  cmsis_os2.o(i.__get_BASEPRI)
    __get_BASEPRI                            0x080010bd   Thumb Code     6  cmsis_os2.o(i.__get_BASEPRI)
    i.__get_IPSR                             0x080010c2   Section        0  cmsis_os2.o(i.__get_IPSR)
    __get_IPSR                               0x080010c3   Thumb Code     6  cmsis_os2.o(i.__get_IPSR)
    i.__get_PRIMASK                          0x080010c8   Section        0  cmsis_os2.o(i.__get_PRIMASK)
    __get_PRIMASK                            0x080010c9   Thumb Code     6  cmsis_os2.o(i.__get_PRIMASK)
    i.__scatterload_copy                     0x080010ce   Section       14  handlers.o(i.__scatterload_copy)
    i.__scatterload_null                     0x080010dc   Section        2  handlers.o(i.__scatterload_null)
    i.__scatterload_zeroinit                 0x080010de   Section       14  handlers.o(i.__scatterload_zeroinit)
    i.main                                   0x080010ec   Section        0  main.o(i.main)
    i.moc_L0_ON                              0x0800113c   Section        0  main.o(i.moc_L0_ON)
    i.moc_L1_ON                              0x080011d8   Section        0  main.o(i.moc_L1_ON)
    i.moc_L2_ON                              0x08001274   Section        0  main.o(i.moc_L2_ON)
    i.moc_L3_ON                              0x08001310   Section        0  main.o(i.moc_L3_ON)
    i.osDelay                                0x080013ac   Section        0  cmsis_os2.o(i.osDelay)
    i.osKernelInitialize                     0x080013e4   Section        0  cmsis_os2.o(i.osKernelInitialize)
    i.osKernelStart                          0x08001424   Section        0  cmsis_os2.o(i.osKernelStart)
    i.osThreadNew                            0x08001468   Section        0  cmsis_os2.o(i.osThreadNew)
    i.prvAddCurrentTaskToDelayedList         0x08001544   Section        0  tasks.o(i.prvAddCurrentTaskToDelayedList)
    prvAddCurrentTaskToDelayedList           0x08001545   Thumb Code   100  tasks.o(i.prvAddCurrentTaskToDelayedList)
    i.prvAddNewTaskToReadyList               0x080015c0   Section        0  tasks.o(i.prvAddNewTaskToReadyList)
    prvAddNewTaskToReadyList                 0x080015c1   Thumb Code   154  tasks.o(i.prvAddNewTaskToReadyList)
    i.prvCheckForValidListAndQueue           0x08001678   Section        0  timers.o(i.prvCheckForValidListAndQueue)
    prvCheckForValidListAndQueue             0x08001679   Thumb Code    78  timers.o(i.prvCheckForValidListAndQueue)
    i.prvCheckTasksWaitingTermination        0x080016ec   Section        0  tasks.o(i.prvCheckTasksWaitingTermination)
    prvCheckTasksWaitingTermination          0x080016ed   Thumb Code    60  tasks.o(i.prvCheckTasksWaitingTermination)
    i.prvCopyDataFromQueue                   0x08001734   Section        0  queue.o(i.prvCopyDataFromQueue)
    prvCopyDataFromQueue                     0x08001735   Thumb Code    42  queue.o(i.prvCopyDataFromQueue)
    i.prvCopyDataToQueue                     0x0800175e   Section        0  queue.o(i.prvCopyDataToQueue)
    prvCopyDataToQueue                       0x0800175f   Thumb Code   124  queue.o(i.prvCopyDataToQueue)
    i.prvDeleteTCB                           0x080017da   Section        0  tasks.o(i.prvDeleteTCB)
    prvDeleteTCB                             0x080017db   Thumb Code    80  tasks.o(i.prvDeleteTCB)
    i.prvGetNextExpireTime                   0x0800182c   Section        0  timers.o(i.prvGetNextExpireTime)
    prvGetNextExpireTime                     0x0800182d   Thumb Code    36  timers.o(i.prvGetNextExpireTime)
    i.prvHeapInit                            0x08001854   Section        0  heap_4.o(i.prvHeapInit)
    prvHeapInit                              0x08001855   Thumb Code    98  heap_4.o(i.prvHeapInit)
    i.prvIdleTask                            0x080018d0   Section        0  tasks.o(i.prvIdleTask)
    prvIdleTask                              0x080018d1   Thumb Code    32  tasks.o(i.prvIdleTask)
    i.prvInitialiseNewQueue                  0x080018f8   Section        0  queue.o(i.prvInitialiseNewQueue)
    prvInitialiseNewQueue                    0x080018f9   Thumb Code    42  queue.o(i.prvInitialiseNewQueue)
    i.prvInitialiseNewTask                   0x08001922   Section        0  tasks.o(i.prvInitialiseNewTask)
    prvInitialiseNewTask                     0x08001923   Thumb Code   180  tasks.o(i.prvInitialiseNewTask)
    i.prvInitialiseTaskLists                 0x080019d8   Section        0  tasks.o(i.prvInitialiseTaskLists)
    prvInitialiseTaskLists                   0x080019d9   Thumb Code    70  tasks.o(i.prvInitialiseTaskLists)
    i.prvInsertBlockIntoFreeList             0x08001a40   Section        0  heap_4.o(i.prvInsertBlockIntoFreeList)
    prvInsertBlockIntoFreeList               0x08001a41   Thumb Code    96  heap_4.o(i.prvInsertBlockIntoFreeList)
    i.prvInsertTimerInActiveList             0x08001aa8   Section        0  timers.o(i.prvInsertTimerInActiveList)
    prvInsertTimerInActiveList               0x08001aa9   Thumb Code    80  timers.o(i.prvInsertTimerInActiveList)
    i.prvIsQueueEmpty                        0x08001b00   Section        0  queue.o(i.prvIsQueueEmpty)
    prvIsQueueEmpty                          0x08001b01   Thumb Code    26  queue.o(i.prvIsQueueEmpty)
    i.prvIsQueueFull                         0x08001b1a   Section        0  queue.o(i.prvIsQueueFull)
    prvIsQueueFull                           0x08001b1b   Thumb Code    30  queue.o(i.prvIsQueueFull)
    i.prvProcessExpiredTimer                 0x08001b38   Section        0  timers.o(i.prvProcessExpiredTimer)
    prvProcessExpiredTimer                   0x08001b39   Thumb Code    94  timers.o(i.prvProcessExpiredTimer)
    i.prvProcessReceivedCommands             0x08001b9c   Section        0  timers.o(i.prvProcessReceivedCommands)
    prvProcessReceivedCommands               0x08001b9d   Thumb Code   290  timers.o(i.prvProcessReceivedCommands)
    i.prvProcessTimerOrBlockTask             0x08001cc4   Section        0  timers.o(i.prvProcessTimerOrBlockTask)
    prvProcessTimerOrBlockTask               0x08001cc5   Thumb Code   102  timers.o(i.prvProcessTimerOrBlockTask)
    i.prvResetNextTaskUnblockTime            0x08001d38   Section        0  tasks.o(i.prvResetNextTaskUnblockTime)
    prvResetNextTaskUnblockTime              0x08001d39   Thumb Code    42  tasks.o(i.prvResetNextTaskUnblockTime)
    i.prvSampleTimeNow                       0x08001d6c   Section        0  timers.o(i.prvSampleTimeNow)
    prvSampleTimeNow                         0x08001d6d   Thumb Code    40  timers.o(i.prvSampleTimeNow)
    i.prvSwitchTimerLists                    0x08001d98   Section        0  timers.o(i.prvSwitchTimerLists)
    prvSwitchTimerLists                      0x08001d99   Thumb Code   150  timers.o(i.prvSwitchTimerLists)
    i.prvTaskExitError                       0x08001e38   Section        0  port.o(i.prvTaskExitError)
    prvTaskExitError                         0x08001e39   Thumb Code    60  port.o(i.prvTaskExitError)
    i.prvTimerTask                           0x08001e78   Section        0  timers.o(i.prvTimerTask)
    prvTimerTask                             0x08001e79   Thumb Code    26  timers.o(i.prvTimerTask)
    i.prvUnlockQueue                         0x08001e92   Section        0  queue.o(i.prvUnlockQueue)
    prvUnlockQueue                           0x08001e93   Thumb Code   126  queue.o(i.prvUnlockQueue)
    i.pvPortMalloc                           0x08001f10   Section        0  heap_4.o(i.pvPortMalloc)
    i.pxPortInitialiseStack                  0x0800204c   Section        0  port.o(i.pxPortInitialiseStack)
    i.uxListRemove                           0x08002070   Section        0  list.o(i.uxListRemove)
    i.vApplicationGetIdleTaskMemory          0x08002098   Section        0  cmsis_os2.o(i.vApplicationGetIdleTaskMemory)
    i.vApplicationGetTimerTaskMemory         0x080020b0   Section        0  cmsis_os2.o(i.vApplicationGetTimerTaskMemory)
    i.vListInitialise                        0x080020c8   Section        0  list.o(i.vListInitialise)
    i.vListInitialiseItem                    0x080020e2   Section        0  list.o(i.vListInitialiseItem)
    i.vListInsert                            0x080020e8   Section        0  list.o(i.vListInsert)
    i.vListInsertEnd                         0x0800211c   Section        0  list.o(i.vListInsertEnd)
    i.vPortEnterCritical                     0x08002134   Section        0  port.o(i.vPortEnterCritical)
    i.vPortExitCritical                      0x08002188   Section        0  port.o(i.vPortExitCritical)
    i.vPortFree                              0x080021c4   Section        0  heap_4.o(i.vPortFree)
    i.vPortSetupTimerInterrupt               0x08002258   Section        0  port.o(i.vPortSetupTimerInterrupt)
    i.vPortValidateInterruptPriority         0x08002280   Section        0  port.o(i.vPortValidateInterruptPriority)
    i.vQueueAddToRegistry                    0x080022f8   Section        0  queue.o(i.vQueueAddToRegistry)
    i.vQueueWaitForMessageRestricted         0x08002324   Section        0  queue.o(i.vQueueWaitForMessageRestricted)
    i.vTaskDelay                             0x08002370   Section        0  tasks.o(i.vTaskDelay)
    i.vTaskInternalSetTimeOutState           0x080023cc   Section        0  tasks.o(i.vTaskInternalSetTimeOutState)
    i.vTaskMissedYield                       0x080023e4   Section        0  tasks.o(i.vTaskMissedYield)
    i.vTaskPlaceOnEventList                  0x080023f0   Section        0  tasks.o(i.vTaskPlaceOnEventList)
    i.vTaskPlaceOnEventListRestricted        0x08002428   Section        0  tasks.o(i.vTaskPlaceOnEventListRestricted)
    i.vTaskStartScheduler                    0x08002468   Section        0  tasks.o(i.vTaskStartScheduler)
    i.vTaskSuspendAll                        0x08002520   Section        0  tasks.o(i.vTaskSuspendAll)
    i.vTaskSwitchContext                     0x08002530   Section        0  tasks.o(i.vTaskSwitchContext)
    i.xPortStartScheduler                    0x080025c0   Section        0  port.o(i.xPortStartScheduler)
    i.xQueueGenericCreateStatic              0x080026b8   Section        0  queue.o(i.xQueueGenericCreateStatic)
    i.xQueueGenericReset                     0x08002798   Section        0  queue.o(i.xQueueGenericReset)
    i.xQueueGenericSend                      0x08002830   Section        0  queue.o(i.xQueueGenericSend)
    i.xQueueGenericSendFromISR               0x080029d8   Section        0  queue.o(i.xQueueGenericSendFromISR)
    i.xQueueReceive                          0x08002ad0   Section        0  queue.o(i.xQueueReceive)
    i.xTaskCheckForTimeOut                   0x08002c38   Section        0  tasks.o(i.xTaskCheckForTimeOut)
    i.xTaskCreate                            0x08002cc4   Section        0  tasks.o(i.xTaskCreate)
    i.xTaskCreateStatic                      0x08002d28   Section        0  tasks.o(i.xTaskCreateStatic)
    i.xTaskGetSchedulerState                 0x08002de0   Section        0  tasks.o(i.xTaskGetSchedulerState)
    i.xTaskGetTickCount                      0x08002e00   Section        0  tasks.o(i.xTaskGetTickCount)
    i.xTaskIncrementTick                     0x08002e0c   Section        0  tasks.o(i.xTaskIncrementTick)
    i.xTaskPriorityDisinherit                0x08002f50   Section        0  tasks.o(i.xTaskPriorityDisinherit)
    i.xTaskRemoveFromEventList               0x08002ff4   Section        0  tasks.o(i.xTaskRemoveFromEventList)
    i.xTaskResumeAll                         0x0800308c   Section        0  tasks.o(i.xTaskResumeAll)
    i.xTimerCreateTimerTask                  0x08003190   Section        0  timers.o(i.xTimerCreateTimerTask)
    i.xTimerGenericCommand                   0x08003208   Section        0  timers.o(i.xTimerGenericCommand)
    .constdata                               0x0800328c   Section      491  main.o(.constdata)
    CHANNEL_OFFSET_TAB                       0x0800328c   Data           7  main.o(.constdata)
    L0_EIGHT                                 0x08003293   Data          16  main.o(.constdata)
    L1_EIGHT                                 0x080032a3   Data          16  main.o(.constdata)
    L2_EIGHT                                 0x080032b3   Data          16  main.o(.constdata)
    L3_EIGHT                                 0x080032c3   Data          16  main.o(.constdata)
    L0_ONE                                   0x080032d3   Data          16  main.o(.constdata)
    L1_ONE                                   0x080032e3   Data          16  main.o(.constdata)
    L2_ONE                                   0x080032f3   Data          16  main.o(.constdata)
    L3_ONE                                   0x08003303   Data          16  main.o(.constdata)
    L0_TWO                                   0x08003313   Data          16  main.o(.constdata)
    L1_TWO                                   0x08003323   Data          16  main.o(.constdata)
    L2_TWO                                   0x08003333   Data          16  main.o(.constdata)
    L3_TWO                                   0x08003343   Data          16  main.o(.constdata)
    L0_THREE                                 0x08003353   Data          16  main.o(.constdata)
    L1_THREE                                 0x08003363   Data          16  main.o(.constdata)
    L2_THREE                                 0x08003373   Data          16  main.o(.constdata)
    L3_THREE                                 0x08003383   Data          16  main.o(.constdata)
    L0_Shoot                                 0x08003393   Data          16  main.o(.constdata)
    L1_Shoot                                 0x080033a3   Data          16  main.o(.constdata)
    L2_Shoot                                 0x080033b3   Data          16  main.o(.constdata)
    L3_Shoot                                 0x080033c3   Data          16  main.o(.constdata)
    .constdata                               0x08003477   Section       24  system_stm32f1xx.o(.constdata)
    .conststring                             0x08003490   Section       24  main.o(.conststring)
    .data                                    0x20000000   Section       72  main.o(.data)
    .data                                    0x20000048   Section        9  stm32f1xx_hal.o(.data)
    .data                                    0x20000054   Section        4  system_stm32f1xx.o(.data)
    .data                                    0x20000058   Section       60  tasks.o(.data)
    pxDelayedTaskList                        0x2000005c   Data           4  tasks.o(.data)
    pxOverflowDelayedTaskList                0x20000060   Data           4  tasks.o(.data)
    uxDeletedTasksWaitingCleanUp             0x20000064   Data           4  tasks.o(.data)
    uxCurrentNumberOfTasks                   0x20000068   Data           4  tasks.o(.data)
    xTickCount                               0x2000006c   Data           4  tasks.o(.data)
    uxTopReadyPriority                       0x20000070   Data           4  tasks.o(.data)
    xSchedulerRunning                        0x20000074   Data           4  tasks.o(.data)
    uxPendedTicks                            0x20000078   Data           4  tasks.o(.data)
    xYieldPending                            0x2000007c   Data           4  tasks.o(.data)
    xNumOfOverflows                          0x20000080   Data           4  tasks.o(.data)
    uxTaskNumber                             0x20000084   Data           4  tasks.o(.data)
    xNextTaskUnblockTime                     0x20000088   Data           4  tasks.o(.data)
    xIdleTaskHandle                          0x2000008c   Data           4  tasks.o(.data)
    uxSchedulerSuspended                     0x20000090   Data           4  tasks.o(.data)
    .data                                    0x20000094   Section       20  timers.o(.data)
    pxCurrentTimerList                       0x20000094   Data           4  timers.o(.data)
    pxOverflowTimerList                      0x20000098   Data           4  timers.o(.data)
    xTimerQueue                              0x2000009c   Data           4  timers.o(.data)
    xTimerTaskHandle                         0x200000a0   Data           4  timers.o(.data)
    xLastTime                                0x200000a4   Data           4  timers.o(.data)
    .data                                    0x200000a8   Section        4  cmsis_os2.o(.data)
    KernelState                              0x200000a8   Data           4  cmsis_os2.o(.data)
    .data                                    0x200000ac   Section       24  heap_4.o(.data)
    xStart                                   0x200000ac   Data           8  heap_4.o(.data)
    pxEnd                                    0x200000b4   Data           4  heap_4.o(.data)
    xFreeBytesRemaining                      0x200000b8   Data           4  heap_4.o(.data)
    xMinimumEverFreeBytesRemaining           0x200000bc   Data           4  heap_4.o(.data)
    xBlockAllocatedBit                       0x200000c0   Data           4  heap_4.o(.data)
    .data                                    0x200000c4   Section       12  port.o(.data)
    uxCriticalNesting                        0x200000c4   Data           4  port.o(.data)
    ucMaxSysCallPriority                     0x200000c8   Data           1  port.o(.data)
    ulMaxPRIGROUPValue                       0x200000cc   Data           4  port.o(.data)
    .bss                                     0x200000d0   Section       64  stm32f1xx_hal_timebase_tim.o(.bss)
    .bss                                     0x20000110   Section       64  queue.o(.bss)
    .bss                                     0x20000150   Section     1220  tasks.o(.bss)
    pxReadyTasksLists                        0x20000150   Data        1120  tasks.o(.bss)
    xDelayedTaskList1                        0x200005b0   Data          20  tasks.o(.bss)
    xDelayedTaskList2                        0x200005c4   Data          20  tasks.o(.bss)
    xPendingReadyList                        0x200005d8   Data          20  tasks.o(.bss)
    xTasksWaitingTermination                 0x200005ec   Data          20  tasks.o(.bss)
    xSuspendedTaskList                       0x20000600   Data          20  tasks.o(.bss)
    .bss                                     0x20000614   Section      280  timers.o(.bss)
    xActiveTimerList1                        0x20000614   Data          20  timers.o(.bss)
    xActiveTimerList2                        0x20000628   Data          20  timers.o(.bss)
    xStaticTimerQueue                        0x2000063c   Data          80  timers.o(.bss)
    ucStaticTimerQueueStorage                0x2000068c   Data         160  timers.o(.bss)
    .bss                                     0x2000072c   Section     1720  cmsis_os2.o(.bss)
    Idle_TCB                                 0x2000072c   Data          92  cmsis_os2.o(.bss)
    Idle_Stack                               0x20000788   Data         512  cmsis_os2.o(.bss)
    Timer_TCB                                0x20000988   Data          92  cmsis_os2.o(.bss)
    Timer_Stack                              0x200009e4   Data        1024  cmsis_os2.o(.bss)
    .bss                                     0x20000de4   Section     8192  heap_4.o(.bss)
    ucHeap                                   0x20000de4   Data        8192  heap_4.o(.bss)
    STACK                                    0x20002de8   Section     1024  startup_stm32f103xe.o(STACK)

    Global Symbols

    Symbol Name                              Value     Ov Type        Size  Object(Section)

    BuildAttributes$$THM_ISAv4$P$D$K$B$S$PE$A:L22UL41UL21$X:L11$S22US41US21$IEEE1$IW$USESV6$~STKCKD$USESV7$~SHL$OSPACE$EBA8$MICROLIB$REQ8$PRES8$EABIv2 0x00000000   Number         0  anon$$obj.o ABSOLUTE
    __ARM_use_no_argv                        0x00000000   Number         0  main.o ABSOLUTE
    __cpp_initialize__aeabi_                  - Undefined Weak Reference
    __cxa_finalize                            - Undefined Weak Reference
    __decompress                              - Undefined Weak Reference
    _clock_init                               - Undefined Weak Reference
    _microlib_exit                            - Undefined Weak Reference
    __Vectors_Size                           0x00000130   Number         0  startup_stm32f103xe.o ABSOLUTE
    __Vectors                                0x08000000   Data           4  startup_stm32f103xe.o(RESET)
    __Vectors_End                            0x08000130   Data           0  startup_stm32f103xe.o(RESET)
    __main                                   0x08000131   Thumb Code     0  entry.o(.ARM.Collect$$$$00000000)
    _main_stk                                0x08000131   Thumb Code     0  entry2.o(.ARM.Collect$$$$00000001)
    _main_scatterload                        0x08000135   Thumb Code     0  entry5.o(.ARM.Collect$$$$00000004)
    __main_after_scatterload                 0x08000139   Thumb Code     0  entry5.o(.ARM.Collect$$$$00000004)
    _main_clock                              0x08000139   Thumb Code     0  entry7b.o(.ARM.Collect$$$$00000008)
    _main_cpp_init                           0x08000139   Thumb Code     0  entry8b.o(.ARM.Collect$$$$0000000A)
    _main_init                               0x08000139   Thumb Code     0  entry9a.o(.ARM.Collect$$$$0000000B)
    __rt_final_cpp                           0x08000141   Thumb Code     0  entry10a.o(.ARM.Collect$$$$0000000D)
    __rt_final_exit                          0x08000141   Thumb Code     0  entry11a.o(.ARM.Collect$$$$0000000F)
    SVC_Handler                              0x08000145   Thumb Code    32  port.o(.emb_text)
    __asm___6_port_c_39a90d8d__prvStartFirstTask 0x08000169   Thumb Code    28  port.o(.emb_text)
    PendSV_Handler                           0x08000189   Thumb Code    72  port.o(.emb_text)
    vPortGetIPSR                             0x080001d5   Thumb Code     6  port.o(.emb_text)
    Reset_Handler                            0x080001dd   Thumb Code     8  startup_stm32f103xe.o(.text)
    ADC1_2_IRQHandler                        0x080001f7   Thumb Code     0  startup_stm32f103xe.o(.text)
    ADC3_IRQHandler                          0x080001f7   Thumb Code     0  startup_stm32f103xe.o(.text)
    CAN1_RX1_IRQHandler                      0x080001f7   Thumb Code     0  startup_stm32f103xe.o(.text)
    CAN1_SCE_IRQHandler                      0x080001f7   Thumb Code     0  startup_stm32f103xe.o(.text)
    DMA1_Channel1_IRQHandler                 0x080001f7   Thumb Code     0  startup_stm32f103xe.o(.text)
    DMA1_Channel2_IRQHandler                 0x080001f7   Thumb Code     0  startup_stm32f103xe.o(.text)
    DMA1_Channel3_IRQHandler                 0x080001f7   Thumb Code     0  startup_stm32f103xe.o(.text)
    DMA1_Channel4_IRQHandler                 0x080001f7   Thumb Code     0  startup_stm32f103xe.o(.text)
    DMA1_Channel5_IRQHandler                 0x080001f7   Thumb Code     0  startup_stm32f103xe.o(.text)
    DMA1_Channel6_IRQHandler                 0x080001f7   Thumb Code     0  startup_stm32f103xe.o(.text)
    DMA1_Channel7_IRQHandler                 0x080001f7   Thumb Code     0  startup_stm32f103xe.o(.text)
    DMA2_Channel1_IRQHandler                 0x080001f7   Thumb Code     0  startup_stm32f103xe.o(.text)
    DMA2_Channel2_IRQHandler                 0x080001f7   Thumb Code     0  startup_stm32f103xe.o(.text)
    DMA2_Channel3_IRQHandler                 0x080001f7   Thumb Code     0  startup_stm32f103xe.o(.text)
    DMA2_Channel4_5_IRQHandler               0x080001f7   Thumb Code     0  startup_stm32f103xe.o(.text)
    EXTI0_IRQHandler                         0x080001f7   Thumb Code     0  startup_stm32f103xe.o(.text)
    EXTI15_10_IRQHandler                     0x080001f7   Thumb Code     0  startup_stm32f103xe.o(.text)
    EXTI1_IRQHandler                         0x080001f7   Thumb Code     0  startup_stm32f103xe.o(.text)
    EXTI2_IRQHandler                         0x080001f7   Thumb Code     0  startup_stm32f103xe.o(.text)
    EXTI3_IRQHandler                         0x080001f7   Thumb Code     0  startup_stm32f103xe.o(.text)
    EXTI4_IRQHandler                         0x080001f7   Thumb Code     0  startup_stm32f103xe.o(.text)
    EXTI9_5_IRQHandler                       0x080001f7   Thumb Code     0  startup_stm32f103xe.o(.text)
    FLASH_IRQHandler                         0x080001f7   Thumb Code     0  startup_stm32f103xe.o(.text)
    FSMC_IRQHandler                          0x080001f7   Thumb Code     0  startup_stm32f103xe.o(.text)
    I2C1_ER_IRQHandler                       0x080001f7   Thumb Code     0  startup_stm32f103xe.o(.text)
    I2C1_EV_IRQHandler                       0x080001f7   Thumb Code     0  startup_stm32f103xe.o(.text)
    I2C2_ER_IRQHandler                       0x080001f7   Thumb Code     0  startup_stm32f103xe.o(.text)
    I2C2_EV_IRQHandler                       0x080001f7   Thumb Code     0  startup_stm32f103xe.o(.text)
    PVD_IRQHandler                           0x080001f7   Thumb Code     0  startup_stm32f103xe.o(.text)
    RCC_IRQHandler                           0x080001f7   Thumb Code     0  startup_stm32f103xe.o(.text)
    RTC_Alarm_IRQHandler                     0x080001f7   Thumb Code     0  startup_stm32f103xe.o(.text)
    RTC_IRQHandler                           0x080001f7   Thumb Code     0  startup_stm32f103xe.o(.text)
    SDIO_IRQHandler                          0x080001f7   Thumb Code     0  startup_stm32f103xe.o(.text)
    SPI1_IRQHandler                          0x080001f7   Thumb Code     0  startup_stm32f103xe.o(.text)
    SPI2_IRQHandler                          0x080001f7   Thumb Code     0  startup_stm32f103xe.o(.text)
    SPI3_IRQHandler                          0x080001f7   Thumb Code     0  startup_stm32f103xe.o(.text)
    TAMPER_IRQHandler                        0x080001f7   Thumb Code     0  startup_stm32f103xe.o(.text)
    TIM1_BRK_IRQHandler                      0x080001f7   Thumb Code     0  startup_stm32f103xe.o(.text)
    TIM1_CC_IRQHandler                       0x080001f7   Thumb Code     0  startup_stm32f103xe.o(.text)
    TIM1_TRG_COM_IRQHandler                  0x080001f7   Thumb Code     0  startup_stm32f103xe.o(.text)
    TIM2_IRQHandler                          0x080001f7   Thumb Code     0  startup_stm32f103xe.o(.text)
    TIM3_IRQHandler                          0x080001f7   Thumb Code     0  startup_stm32f103xe.o(.text)
    TIM4_IRQHandler                          0x080001f7   Thumb Code     0  startup_stm32f103xe.o(.text)
    TIM5_IRQHandler                          0x080001f7   Thumb Code     0  startup_stm32f103xe.o(.text)
    TIM6_IRQHandler                          0x080001f7   Thumb Code     0  startup_stm32f103xe.o(.text)
    TIM7_IRQHandler                          0x080001f7   Thumb Code     0  startup_stm32f103xe.o(.text)
    TIM8_BRK_IRQHandler                      0x080001f7   Thumb Code     0  startup_stm32f103xe.o(.text)
    TIM8_CC_IRQHandler                       0x080001f7   Thumb Code     0  startup_stm32f103xe.o(.text)
    TIM8_TRG_COM_IRQHandler                  0x080001f7   Thumb Code     0  startup_stm32f103xe.o(.text)
    TIM8_UP_IRQHandler                       0x080001f7   Thumb Code     0  startup_stm32f103xe.o(.text)
    UART4_IRQHandler                         0x080001f7   Thumb Code     0  startup_stm32f103xe.o(.text)
    UART5_IRQHandler                         0x080001f7   Thumb Code     0  startup_stm32f103xe.o(.text)
    USART1_IRQHandler                        0x080001f7   Thumb Code     0  startup_stm32f103xe.o(.text)
    USART2_IRQHandler                        0x080001f7   Thumb Code     0  startup_stm32f103xe.o(.text)
    USART3_IRQHandler                        0x080001f7   Thumb Code     0  startup_stm32f103xe.o(.text)
    USBWakeUp_IRQHandler                     0x080001f7   Thumb Code     0  startup_stm32f103xe.o(.text)
    USB_HP_CAN1_TX_IRQHandler                0x080001f7   Thumb Code     0  startup_stm32f103xe.o(.text)
    USB_LP_CAN1_RX0_IRQHandler               0x080001f7   Thumb Code     0  startup_stm32f103xe.o(.text)
    WWDG_IRQHandler                          0x080001f7   Thumb Code     0  startup_stm32f103xe.o(.text)
    __aeabi_memcpy                           0x08000201   Thumb Code    36  memcpya.o(.text)
    __aeabi_memcpy4                          0x08000201   Thumb Code     0  memcpya.o(.text)
    __aeabi_memcpy8                          0x08000201   Thumb Code     0  memcpya.o(.text)
    __aeabi_memset                           0x08000225   Thumb Code    14  memseta.o(.text)
    __aeabi_memset4                          0x08000225   Thumb Code     0  memseta.o(.text)
    __aeabi_memset8                          0x08000225   Thumb Code     0  memseta.o(.text)
    __aeabi_memclr                           0x08000233   Thumb Code     4  memseta.o(.text)
    __aeabi_memclr4                          0x08000233   Thumb Code     0  memseta.o(.text)
    __aeabi_memclr8                          0x08000233   Thumb Code     0  memseta.o(.text)
    memset                                   0x08000237   Thumb Code    18  memseta.o(.text)
    __scatterload                            0x08000249   Thumb Code    28  init.o(.text)
    __scatterload_rt2                        0x08000249   Thumb Code     0  init.o(.text)
    Ball_Numbers                             0x0800026d   Thumb Code   174  main.o(i.Ball_Numbers)
    BusFault_Handler                         0x08000325   Thumb Code     4  stm32f1xx_it.o(i.BusFault_Handler)
    DebugMon_Handler                         0x08000329   Thumb Code     2  stm32f1xx_it.o(i.DebugMon_Handler)
    Error_Handler                            0x0800032b   Thumb Code     2  main.o(i.Error_Handler)
    HAL_IncTick                              0x0800032d   Thumb Code    16  stm32f1xx_hal.o(i.HAL_IncTick)
    HAL_Init                                 0x08000345   Thumb Code    34  stm32f1xx_hal.o(i.HAL_Init)
    HAL_InitTick                             0x0800036d   Thumb Code   118  stm32f1xx_hal_timebase_tim.o(i.HAL_InitTick)
    HAL_MspInit                              0x080003f5   Thumb Code    86  stm32f1xx_hal_msp.o(i.HAL_MspInit)
    HAL_NVIC_EnableIRQ                       0x08000455   Thumb Code    32  stm32f1xx_hal_cortex.o(i.HAL_NVIC_EnableIRQ)
    HAL_NVIC_SetPriority                     0x08000475   Thumb Code   124  stm32f1xx_hal_cortex.o(i.HAL_NVIC_SetPriority)
    HAL_NVIC_SetPriorityGrouping             0x080004f1   Thumb Code    32  stm32f1xx_hal_cortex.o(i.HAL_NVIC_SetPriorityGrouping)
    HAL_RCC_GetClockConfig                   0x08000519   Thumb Code    58  stm32f1xx_hal_rcc.o(i.HAL_RCC_GetClockConfig)
    HAL_RCC_GetHCLKFreq                      0x0800055d   Thumb Code     6  stm32f1xx_hal_rcc.o(i.HAL_RCC_GetHCLKFreq)
    HAL_RCC_GetPCLK2Freq                     0x08000569   Thumb Code    22  stm32f1xx_hal_rcc.o(i.HAL_RCC_GetPCLK2Freq)
    HAL_TIMEx_BreakCallback                  0x08000589   Thumb Code     2  stm32f1xx_hal_tim_ex.o(i.HAL_TIMEx_BreakCallback)
    HAL_TIMEx_CommutCallback                 0x0800058b   Thumb Code     2  stm32f1xx_hal_tim_ex.o(i.HAL_TIMEx_CommutCallback)
    HAL_TIM_Base_Init                        0x0800058d   Thumb Code    52  stm32f1xx_hal_tim.o(i.HAL_TIM_Base_Init)
    HAL_TIM_Base_MspInit                     0x080005c1   Thumb Code     2  stm32f1xx_hal_tim.o(i.HAL_TIM_Base_MspInit)
    HAL_TIM_Base_Start_IT                    0x080005c3   Thumb Code    42  stm32f1xx_hal_tim.o(i.HAL_TIM_Base_Start_IT)
    HAL_TIM_IC_CaptureCallback               0x080005ed   Thumb Code     2  stm32f1xx_hal_tim.o(i.HAL_TIM_IC_CaptureCallback)
    HAL_TIM_IRQHandler                       0x080005ef   Thumb Code   406  stm32f1xx_hal_tim.o(i.HAL_TIM_IRQHandler)
    HAL_TIM_OC_DelayElapsedCallback          0x08000785   Thumb Code     2  stm32f1xx_hal_tim.o(i.HAL_TIM_OC_DelayElapsedCallback)
    HAL_TIM_PWM_PulseFinishedCallback        0x08000787   Thumb Code     2  stm32f1xx_hal_tim.o(i.HAL_TIM_PWM_PulseFinishedCallback)
    HAL_TIM_PeriodElapsedCallback            0x08000789   Thumb Code    18  main.o(i.HAL_TIM_PeriodElapsedCallback)
    HAL_TIM_TriggerCallback                  0x080007a1   Thumb Code     2  stm32f1xx_hal_tim.o(i.HAL_TIM_TriggerCallback)
    HardFault_Handler                        0x080007a3   Thumb Code     4  stm32f1xx_it.o(i.HardFault_Handler)
    Hit_Rate                                 0x080007a9   Thumb Code   182  main.o(i.Hit_Rate)
    LED_GPIO_Init                            0x08000869   Thumb Code   244  bsp_led_hardware.o(i.LED_GPIO_Init)
    LED_SendByte                             0x08000975   Thumb Code   108  main.o(i.LED_SendByte)
    LL_GPIO_Init                             0x08000a25   Thumb Code   288  stm32f1xx_ll_gpio.o(i.LL_GPIO_Init)
    LL_SetSystemCoreClock                    0x08000b55   Thumb Code     6  stm32f1xx_ll_utils.o(i.LL_SetSystemCoreClock)
    MemManage_Handler                        0x08000b71   Thumb Code     4  stm32f1xx_it.o(i.MemManage_Handler)
    NMI_Handler                              0x08000b75   Thumb Code     2  stm32f1xx_it.o(i.NMI_Handler)
    Refresh_LED                              0x08000b79   Thumb Code   212  main.o(i.Refresh_LED)
    Score                                    0x08000c51   Thumb Code   198  main.o(i.Score)
    Serve_Ball                               0x08000d21   Thumb Code   202  main.o(i.Serve_Ball)
    StartDefaultTask                         0x08000df5   Thumb Code    60  main.o(i.StartDefaultTask)
    StartTask02                              0x08000e31   Thumb Code    30  main.o(i.StartTask02)
    SysTick_Handler                          0x08000e55   Thumb Code    46  port.o(i.SysTick_Handler)
    SystemClock_Config                       0x08000e89   Thumb Code   230  main.o(i.SystemClock_Config)
    SystemInit                               0x08000f7d   Thumb Code    70  system_stm32f1xx.o(i.SystemInit)
    TIM1_UP_IRQHandler                       0x08000fd5   Thumb Code    10  stm32f1xx_it.o(i.TIM1_UP_IRQHandler)
    TIM_Base_SetConfig                       0x08000fe5   Thumb Code   134  stm32f1xx_hal_tim.o(i.TIM_Base_SetConfig)
    UsageFault_Handler                       0x08001081   Thumb Code     4  stm32f1xx_it.o(i.UsageFault_Handler)
    __scatterload_copy                       0x080010cf   Thumb Code    14  handlers.o(i.__scatterload_copy)
    __scatterload_null                       0x080010dd   Thumb Code     2  handlers.o(i.__scatterload_null)
    __scatterload_zeroinit                   0x080010df   Thumb Code    14  handlers.o(i.__scatterload_zeroinit)
    main                                     0x080010ed   Thumb Code    56  main.o(i.main)
    moc_L0_ON                                0x0800113d   Thumb Code   132  main.o(i.moc_L0_ON)
    moc_L1_ON                                0x080011d9   Thumb Code   132  main.o(i.moc_L1_ON)
    moc_L2_ON                                0x08001275   Thumb Code   132  main.o(i.moc_L2_ON)
    moc_L3_ON                                0x08001311   Thumb Code   132  main.o(i.moc_L3_ON)
    osDelay                                  0x080013ad   Thumb Code    50  cmsis_os2.o(i.osDelay)
    osKernelInitialize                       0x080013e5   Thumb Code    58  cmsis_os2.o(i.osKernelInitialize)
    osKernelStart                            0x08001425   Thumb Code    64  cmsis_os2.o(i.osKernelStart)
    osThreadNew                              0x08001469   Thumb Code   216  cmsis_os2.o(i.osThreadNew)
    pvPortMalloc                             0x08001f11   Thumb Code   296  heap_4.o(i.pvPortMalloc)
    pxPortInitialiseStack                    0x0800204d   Thumb Code    30  port.o(i.pxPortInitialiseStack)
    uxListRemove                             0x08002071   Thumb Code    40  list.o(i.uxListRemove)
    vApplicationGetIdleTaskMemory            0x08002099   Thumb Code    14  cmsis_os2.o(i.vApplicationGetIdleTaskMemory)
    vApplicationGetTimerTaskMemory           0x080020b1   Thumb Code    16  cmsis_os2.o(i.vApplicationGetTimerTaskMemory)
    vListInitialise                          0x080020c9   Thumb Code    26  list.o(i.vListInitialise)
    vListInitialiseItem                      0x080020e3   Thumb Code     6  list.o(i.vListInitialiseItem)
    vListInsert                              0x080020e9   Thumb Code    52  list.o(i.vListInsert)
    vListInsertEnd                           0x0800211d   Thumb Code    24  list.o(i.vListInsertEnd)
    vPortEnterCritical                       0x08002135   Thumb Code    76  port.o(i.vPortEnterCritical)
    vPortExitCritical                        0x08002189   Thumb Code    56  port.o(i.vPortExitCritical)
    vPortFree                                0x080021c5   Thumb Code   140  heap_4.o(i.vPortFree)
    vPortSetupTimerInterrupt                 0x08002259   Thumb Code    36  port.o(i.vPortSetupTimerInterrupt)
    vPortValidateInterruptPriority           0x08002281   Thumb Code   106  port.o(i.vPortValidateInterruptPriority)
    vQueueAddToRegistry                      0x080022f9   Thumb Code    38  queue.o(i.vQueueAddToRegistry)
    vQueueWaitForMessageRestricted           0x08002325   Thumb Code    74  queue.o(i.vQueueWaitForMessageRestricted)
    vTaskDelay                               0x08002371   Thumb Code    82  tasks.o(i.vTaskDelay)
    vTaskInternalSetTimeOutState             0x080023cd   Thumb Code    14  tasks.o(i.vTaskInternalSetTimeOutState)
    vTaskMissedYield                         0x080023e5   Thumb Code     8  tasks.o(i.vTaskMissedYield)
    vTaskPlaceOnEventList                    0x080023f1   Thumb Code    52  tasks.o(i.vTaskPlaceOnEventList)
    vTaskPlaceOnEventListRestricted          0x08002429   Thumb Code    60  tasks.o(i.vTaskPlaceOnEventListRestricted)
    vTaskStartScheduler                      0x08002469   Thumb Code   156  tasks.o(i.vTaskStartScheduler)
    vTaskSuspendAll                          0x08002521   Thumb Code    12  tasks.o(i.vTaskSuspendAll)
    vTaskSwitchContext                       0x08002531   Thumb Code   122  tasks.o(i.vTaskSwitchContext)
    xPortStartScheduler                      0x080025c1   Thumb Code   228  port.o(i.xPortStartScheduler)
    xQueueGenericCreateStatic                0x080026b9   Thumb Code   222  queue.o(i.xQueueGenericCreateStatic)
    xQueueGenericReset                       0x08002799   Thumb Code   146  queue.o(i.xQueueGenericReset)
    xQueueGenericSend                        0x08002831   Thumb Code   420  queue.o(i.xQueueGenericSend)
    xQueueGenericSendFromISR                 0x080029d9   Thumb Code   248  queue.o(i.xQueueGenericSendFromISR)
    xQueueReceive                            0x08002ad1   Thumb Code   356  queue.o(i.xQueueReceive)
    xTaskCheckForTimeOut                     0x08002c39   Thumb Code   132  tasks.o(i.xTaskCheckForTimeOut)
    xTaskCreate                              0x08002cc5   Thumb Code   100  tasks.o(i.xTaskCreate)
    xTaskCreateStatic                        0x08002d29   Thumb Code   184  tasks.o(i.xTaskCreateStatic)
    xTaskGetSchedulerState                   0x08002de1   Thumb Code    24  tasks.o(i.xTaskGetSchedulerState)
    xTaskGetTickCount                        0x08002e01   Thumb Code     6  tasks.o(i.xTaskGetTickCount)
    xTaskIncrementTick                       0x08002e0d   Thumb Code   280  tasks.o(i.xTaskIncrementTick)
    xTaskPriorityDisinherit                  0x08002f51   Thumb Code   152  tasks.o(i.xTaskPriorityDisinherit)
    xTaskRemoveFromEventList                 0x08002ff5   Thumb Code   126  tasks.o(i.xTaskRemoveFromEventList)
    xTaskResumeAll                           0x0800308d   Thumb Code   222  tasks.o(i.xTaskResumeAll)
    xTimerCreateTimerTask                    0x08003191   Thumb Code   100  timers.o(i.xTimerCreateTimerTask)
    xTimerGenericCommand                     0x08003209   Thumb Code   128  timers.o(i.xTimerGenericCommand)
    defaultTask_attributes                   0x080033d4   Data          36  main.o(.constdata)
    myTask02_attributes                      0x080033f8   Data          36  main.o(.constdata)
    gRNum                                    0x0800341c   Data          91  main.o(.constdata)
    AHBPrescTable                            0x08003477   Data          16  system_stm32f1xx.o(.constdata)
    APBPrescTable                            0x08003487   Data           8  system_stm32f1xx.o(.constdata)
    Region$$Table$$Base                      0x080034a8   Number         0  anon$$obj.o(Region$$Table)
    Region$$Table$$Limit                     0x080034c8   Number         0  anon$$obj.o(Region$$Table)
    defaultTaskHandle                        0x20000000   Data           4  main.o(.data)
    myTask02Handle                           0x20000004   Data           4  main.o(.data)
    displayram                               0x20000008   Data          64  main.o(.data)
    uwTick                                   0x20000048   Data           4  stm32f1xx_hal.o(.data)
    uwTickPrio                               0x2000004c   Data           4  stm32f1xx_hal.o(.data)
    uwTickFreq                               0x20000050   Data           1  stm32f1xx_hal.o(.data)
    SystemCoreClock                          0x20000054   Data           4  system_stm32f1xx.o(.data)
    pxCurrentTCB                             0x20000058   Data           4  tasks.o(.data)
    htim1                                    0x200000d0   Data          64  stm32f1xx_hal_timebase_tim.o(.bss)
    xQueueRegistry                           0x20000110   Data          64  queue.o(.bss)
    __initial_sp                             0x200031e8   Data           0  startup_stm32f103xe.o(STACK)



==============================================================================

Memory Map of the image

  Image Entry point : 0x08000131

  Load Region LR_IROM1 (Base: 0x08000000, Size: 0x00003598, Max: 0x00080000, ABSOLUTE)

    Execution Region ER_IROM1 (Exec base: 0x08000000, Load base: 0x08000000, Size: 0x000034c8, Max: 0x00080000, ABSOLUTE)

    Exec Addr    Load Addr    Size         Type   Attr      Idx    E Section Name        Object

    0x08000000   0x08000000   0x00000130   Data   RO            3    RESET               startup_stm32f103xe.o
    0x08000130   0x08000130   0x00000000   Code   RO         4575  * .ARM.Collect$$$$00000000  mc_w.l(entry.o)
    0x08000130   0x08000130   0x00000004   Code   RO         4588    .ARM.Collect$$$$00000001  mc_w.l(entry2.o)
    0x08000134   0x08000134   0x00000004   Code   RO         4591    .ARM.Collect$$$$00000004  mc_w.l(entry5.o)
    0x08000138   0x08000138   0x00000000   Code   RO         4593    .ARM.Collect$$$$00000008  mc_w.l(entry7b.o)
    0x08000138   0x08000138   0x00000000   Code   RO         4595    .ARM.Collect$$$$0000000A  mc_w.l(entry8b.o)
    0x08000138   0x08000138   0x00000008   Code   RO         4596    .ARM.Collect$$$$0000000B  mc_w.l(entry9a.o)
    0x08000140   0x08000140   0x00000000   Code   RO         4598    .ARM.Collect$$$$0000000D  mc_w.l(entry10a.o)
    0x08000140   0x08000140   0x00000000   Code   RO         4600    .ARM.Collect$$$$0000000F  mc_w.l(entry11a.o)
    0x08000140   0x08000140   0x00000004   Code   RO         4589    .ARM.Collect$$$$00002712  mc_w.l(entry2.o)
    0x08000144   0x08000144   0x00000096   Code   RO         4498    .emb_text           port.o
    0x080001da   0x080001da   0x00000002   PAD
    0x080001dc   0x080001dc   0x00000024   Code   RO            4    .text               startup_stm32f103xe.o
    0x08000200   0x08000200   0x00000024   Code   RO         4580    .text               mc_w.l(memcpya.o)
    0x08000224   0x08000224   0x00000024   Code   RO         4584    .text               mc_w.l(memseta.o)
    0x08000248   0x08000248   0x00000024   Code   RO         4602    .text               mc_w.l(init.o)
    0x0800026c   0x0800026c   0x000000b8   Code   RO          254    i.Ball_Numbers      main.o
    0x08000324   0x08000324   0x00000004   Code   RO          472    i.BusFault_Handler  stm32f1xx_it.o
    0x08000328   0x08000328   0x00000002   Code   RO          473    i.DebugMon_Handler  stm32f1xx_it.o
    0x0800032a   0x0800032a   0x00000002   Code   RO          255    i.Error_Handler     main.o
    0x0800032c   0x0800032c   0x00000018   Code   RO          951    i.HAL_IncTick       stm32f1xx_hal.o
    0x08000344   0x08000344   0x00000028   Code   RO          952    i.HAL_Init          stm32f1xx_hal.o
    0x0800036c   0x0800036c   0x00000088   Code   RO          564    i.HAL_InitTick      stm32f1xx_hal_timebase_tim.o
    0x080003f4   0x080003f4   0x00000060   Code   RO          538    i.HAL_MspInit       stm32f1xx_hal_msp.o
    0x08000454   0x08000454   0x00000020   Code   RO         1414    i.HAL_NVIC_EnableIRQ  stm32f1xx_hal_cortex.o
    0x08000474   0x08000474   0x0000007c   Code   RO         1420    i.HAL_NVIC_SetPriority  stm32f1xx_hal_cortex.o
    0x080004f0   0x080004f0   0x00000028   Code   RO         1421    i.HAL_NVIC_SetPriorityGrouping  stm32f1xx_hal_cortex.o
    0x08000518   0x08000518   0x00000044   Code   RO         1113    i.HAL_RCC_GetClockConfig  stm32f1xx_hal_rcc.o
    0x0800055c   0x0800055c   0x0000000c   Code   RO         1114    i.HAL_RCC_GetHCLKFreq  stm32f1xx_hal_rcc.o
    0x08000568   0x08000568   0x00000020   Code   RO         1117    i.HAL_RCC_GetPCLK2Freq  stm32f1xx_hal_rcc.o
    0x08000588   0x08000588   0x00000002   Code   RO         2628    i.HAL_TIMEx_BreakCallback  stm32f1xx_hal_tim_ex.o
    0x0800058a   0x0800058a   0x00000002   Code   RO         2629    i.HAL_TIMEx_CommutCallback  stm32f1xx_hal_tim_ex.o
    0x0800058c   0x0800058c   0x00000034   Code   RO         1942    i.HAL_TIM_Base_Init  stm32f1xx_hal_tim.o
    0x080005c0   0x080005c0   0x00000002   Code   RO         1944    i.HAL_TIM_Base_MspInit  stm32f1xx_hal_tim.o
    0x080005c2   0x080005c2   0x0000002a   Code   RO         1947    i.HAL_TIM_Base_Start_IT  stm32f1xx_hal_tim.o
    0x080005ec   0x080005ec   0x00000002   Code   RO         1971    i.HAL_TIM_IC_CaptureCallback  stm32f1xx_hal_tim.o
    0x080005ee   0x080005ee   0x00000196   Code   RO         1985    i.HAL_TIM_IRQHandler  stm32f1xx_hal_tim.o
    0x08000784   0x08000784   0x00000002   Code   RO         1988    i.HAL_TIM_OC_DelayElapsedCallback  stm32f1xx_hal_tim.o
    0x08000786   0x08000786   0x00000002   Code   RO         2015    i.HAL_TIM_PWM_PulseFinishedCallback  stm32f1xx_hal_tim.o
    0x08000788   0x08000788   0x00000018   Code   RO          256    i.HAL_TIM_PeriodElapsedCallback  main.o
    0x080007a0   0x080007a0   0x00000002   Code   RO         2028    i.HAL_TIM_TriggerCallback  stm32f1xx_hal_tim.o
    0x080007a2   0x080007a2   0x00000004   Code   RO          474    i.HardFault_Handler  stm32f1xx_it.o
    0x080007a6   0x080007a6   0x00000002   PAD
    0x080007a8   0x080007a8   0x000000c0   Code   RO          257    i.Hit_Rate          main.o
    0x08000868   0x08000868   0x0000010c   Code   RO           15    i.LED_GPIO_Init     bsp_led_hardware.o
    0x08000974   0x08000974   0x00000078   Code   RO          259    i.LED_SendByte      main.o
    0x080009ec   0x080009ec   0x0000001c   Code   RO           16    i.LL_APB2_GRP1_EnableClock  bsp_led_hardware.o
    0x08000a08   0x08000a08   0x0000001c   Code   RO          260    i.LL_APB2_GRP1_EnableClock  main.o
    0x08000a24   0x08000a24   0x00000120   Code   RO          642    i.LL_GPIO_Init      stm32f1xx_ll_gpio.o
    0x08000b44   0x08000b44   0x00000008   Code   RO          261    i.LL_GPIO_ResetOutputPin  main.o
    0x08000b4c   0x08000b4c   0x00000008   Code   RO          262    i.LL_GPIO_SetOutputPin  main.o
    0x08000b54   0x08000b54   0x0000000c   Code   RO          778    i.LL_SetSystemCoreClock  stm32f1xx_ll_utils.o
    0x08000b60   0x08000b60   0x00000010   Code   RO          264    i.MX_GPIO_Init      main.o
    0x08000b70   0x08000b70   0x00000004   Code   RO          475    i.MemManage_Handler  stm32f1xx_it.o
    0x08000b74   0x08000b74   0x00000002   Code   RO          476    i.NMI_Handler       stm32f1xx_it.o
    0x08000b76   0x08000b76   0x00000002   PAD
    0x08000b78   0x08000b78   0x000000d8   Code   RO          265    i.Refresh_LED       main.o
    0x08000c50   0x08000c50   0x000000d0   Code   RO          266    i.Score             main.o
    0x08000d20   0x08000d20   0x000000d4   Code   RO          267    i.Serve_Ball        main.o
    0x08000df4   0x08000df4   0x0000003c   Code   RO          268    i.StartDefaultTask  main.o
    0x08000e30   0x08000e30   0x00000024   Code   RO          269    i.StartTask02       main.o
    0x08000e54   0x08000e54   0x00000034   Code   RO         4499    i.SysTick_Handler   port.o
    0x08000e88   0x08000e88   0x000000f4   Code   RO          270    i.SystemClock_Config  main.o
    0x08000f7c   0x08000f7c   0x00000058   Code   RO         2880    i.SystemInit        system_stm32f1xx.o
    0x08000fd4   0x08000fd4   0x00000010   Code   RO          477    i.TIM1_UP_IRQHandler  stm32f1xx_it.o
    0x08000fe4   0x08000fe4   0x0000009c   Code   RO         2030    i.TIM_Base_SetConfig  stm32f1xx_hal_tim.o
    0x08001080   0x08001080   0x00000004   Code   RO          478    i.UsageFault_Handler  stm32f1xx_it.o
    0x08001084   0x08001084   0x00000010   Code   RO         1427    i.__NVIC_GetPriorityGrouping  stm32f1xx_hal_cortex.o
    0x08001094   0x08001094   0x00000028   Code   RO         1428    i.__NVIC_SetPriority  stm32f1xx_hal_cortex.o
    0x080010bc   0x080010bc   0x00000006   Code   RO         4016    i.__get_BASEPRI     cmsis_os2.o
    0x080010c2   0x080010c2   0x00000006   Code   RO         4017    i.__get_IPSR        cmsis_os2.o
    0x080010c8   0x080010c8   0x00000006   Code   RO         4018    i.__get_PRIMASK     cmsis_os2.o
    0x080010ce   0x080010ce   0x0000000e   Code   RO         4606    i.__scatterload_copy  mc_w.l(handlers.o)
    0x080010dc   0x080010dc   0x00000002   Code   RO         4607    i.__scatterload_null  mc_w.l(handlers.o)
    0x080010de   0x080010de   0x0000000e   Code   RO         4608    i.__scatterload_zeroinit  mc_w.l(handlers.o)
    0x080010ec   0x080010ec   0x00000050   Code   RO          271    i.main              main.o
    0x0800113c   0x0800113c   0x0000009c   Code   RO          272    i.moc_L0_ON         main.o
    0x080011d8   0x080011d8   0x0000009c   Code   RO          273    i.moc_L1_ON         main.o
    0x08001274   0x08001274   0x0000009c   Code   RO          274    i.moc_L2_ON         main.o
    0x08001310   0x08001310   0x0000009c   Code   RO          275    i.moc_L3_ON         main.o
    0x080013ac   0x080013ac   0x00000038   Code   RO         4019    i.osDelay           cmsis_os2.o
    0x080013e4   0x080013e4   0x00000040   Code   RO         4033    i.osKernelInitialize  cmsis_os2.o
    0x08001424   0x08001424   0x00000044   Code   RO         4036    i.osKernelStart     cmsis_os2.o
    0x08001468   0x08001468   0x000000dc   Code   RO         4070    i.osThreadNew       cmsis_os2.o
    0x08001544   0x08001544   0x0000007c   Code   RO         3491    i.prvAddCurrentTaskToDelayedList  tasks.o
    0x080015c0   0x080015c0   0x000000b8   Code   RO         3492    i.prvAddNewTaskToReadyList  tasks.o
    0x08001678   0x08001678   0x00000074   Code   RO         3852    i.prvCheckForValidListAndQueue  timers.o
    0x080016ec   0x080016ec   0x00000048   Code   RO         3493    i.prvCheckTasksWaitingTermination  tasks.o
    0x08001734   0x08001734   0x0000002a   Code   RO         3084    i.prvCopyDataFromQueue  queue.o
    0x0800175e   0x0800175e   0x0000007c   Code   RO         3085    i.prvCopyDataToQueue  queue.o
    0x080017da   0x080017da   0x00000050   Code   RO         3494    i.prvDeleteTCB      tasks.o
    0x0800182a   0x0800182a   0x00000002   PAD
    0x0800182c   0x0800182c   0x00000028   Code   RO         3853    i.prvGetNextExpireTime  timers.o
    0x08001854   0x08001854   0x0000007c   Code   RO         4449    i.prvHeapInit       heap_4.o
    0x080018d0   0x080018d0   0x00000028   Code   RO         3495    i.prvIdleTask       tasks.o
    0x080018f8   0x080018f8   0x0000002a   Code   RO         3088    i.prvInitialiseNewQueue  queue.o
    0x08001922   0x08001922   0x000000b4   Code   RO         3496    i.prvInitialiseNewTask  tasks.o
    0x080019d6   0x080019d6   0x00000002   PAD
    0x080019d8   0x080019d8   0x00000068   Code   RO         3497    i.prvInitialiseTaskLists  tasks.o
    0x08001a40   0x08001a40   0x00000068   Code   RO         4450    i.prvInsertBlockIntoFreeList  heap_4.o
    0x08001aa8   0x08001aa8   0x00000058   Code   RO         3855    i.prvInsertTimerInActiveList  timers.o
    0x08001b00   0x08001b00   0x0000001a   Code   RO         3089    i.prvIsQueueEmpty   queue.o
    0x08001b1a   0x08001b1a   0x0000001e   Code   RO         3090    i.prvIsQueueFull    queue.o
    0x08001b38   0x08001b38   0x00000064   Code   RO         3856    i.prvProcessExpiredTimer  timers.o
    0x08001b9c   0x08001b9c   0x00000128   Code   RO         3857    i.prvProcessReceivedCommands  timers.o
    0x08001cc4   0x08001cc4   0x00000074   Code   RO         3858    i.prvProcessTimerOrBlockTask  timers.o
    0x08001d38   0x08001d38   0x00000034   Code   RO         3499    i.prvResetNextTaskUnblockTime  tasks.o
    0x08001d6c   0x08001d6c   0x0000002c   Code   RO         3859    i.prvSampleTimeNow  timers.o
    0x08001d98   0x08001d98   0x000000a0   Code   RO         3860    i.prvSwitchTimerLists  timers.o
    0x08001e38   0x08001e38   0x00000040   Code   RO         4500    i.prvTaskExitError  port.o
    0x08001e78   0x08001e78   0x0000001a   Code   RO         3861    i.prvTimerTask      timers.o
    0x08001e92   0x08001e92   0x0000007e   Code   RO         3091    i.prvUnlockQueue    queue.o
    0x08001f10   0x08001f10   0x0000013c   Code   RO         4451    i.pvPortMalloc      heap_4.o
    0x0800204c   0x0800204c   0x00000024   Code   RO         4501    i.pxPortInitialiseStack  port.o
    0x08002070   0x08002070   0x00000028   Code   RO         3044    i.uxListRemove      list.o
    0x08002098   0x08002098   0x00000018   Code   RO         4082    i.vApplicationGetIdleTaskMemory  cmsis_os2.o
    0x080020b0   0x080020b0   0x00000018   Code   RO         4083    i.vApplicationGetTimerTaskMemory  cmsis_os2.o
    0x080020c8   0x080020c8   0x0000001a   Code   RO         3045    i.vListInitialise   list.o
    0x080020e2   0x080020e2   0x00000006   Code   RO         3046    i.vListInitialiseItem  list.o
    0x080020e8   0x080020e8   0x00000034   Code   RO         3047    i.vListInsert       list.o
    0x0800211c   0x0800211c   0x00000018   Code   RO         3048    i.vListInsertEnd    list.o
    0x08002134   0x08002134   0x00000054   Code   RO         4503    i.vPortEnterCritical  port.o
    0x08002188   0x08002188   0x0000003c   Code   RO         4504    i.vPortExitCritical  port.o
    0x080021c4   0x080021c4   0x00000094   Code   RO         4452    i.vPortFree         heap_4.o
    0x08002258   0x08002258   0x00000028   Code   RO         4505    i.vPortSetupTimerInterrupt  port.o
    0x08002280   0x08002280   0x00000078   Code   RO         4506    i.vPortValidateInterruptPriority  port.o
    0x080022f8   0x080022f8   0x0000002c   Code   RO         3097    i.vQueueAddToRegistry  queue.o
    0x08002324   0x08002324   0x0000004a   Code   RO         3101    i.vQueueWaitForMessageRestricted  queue.o
    0x0800236e   0x0800236e   0x00000002   PAD
    0x08002370   0x08002370   0x0000005c   Code   RO         3511    i.vTaskDelay        tasks.o
    0x080023cc   0x080023cc   0x00000018   Code   RO         3516    i.vTaskInternalSetTimeOutState  tasks.o
    0x080023e4   0x080023e4   0x0000000c   Code   RO         3517    i.vTaskMissedYield  tasks.o
    0x080023f0   0x080023f0   0x00000038   Code   RO         3519    i.vTaskPlaceOnEventList  tasks.o
    0x08002428   0x08002428   0x00000040   Code   RO         3520    i.vTaskPlaceOnEventListRestricted  tasks.o
    0x08002468   0x08002468   0x000000b8   Code   RO         3528    i.vTaskStartScheduler  tasks.o
    0x08002520   0x08002520   0x00000010   Code   RO         3530    i.vTaskSuspendAll   tasks.o
    0x08002530   0x08002530   0x00000090   Code   RO         3531    i.vTaskSwitchContext  tasks.o
    0x080025c0   0x080025c0   0x000000f8   Code   RO         4507    i.xPortStartScheduler  port.o
    0x080026b8   0x080026b8   0x000000de   Code   RO         3107    i.xQueueGenericCreateStatic  queue.o
    0x08002796   0x08002796   0x00000002   PAD
    0x08002798   0x08002798   0x00000098   Code   RO         3108    i.xQueueGenericReset  queue.o
    0x08002830   0x08002830   0x000001a8   Code   RO         3109    i.xQueueGenericSend  queue.o
    0x080029d8   0x080029d8   0x000000f8   Code   RO         3110    i.xQueueGenericSendFromISR  queue.o
    0x08002ad0   0x08002ad0   0x00000168   Code   RO         3119    i.xQueueReceive     queue.o
    0x08002c38   0x08002c38   0x0000008c   Code   RO         3532    i.xTaskCheckForTimeOut  tasks.o
    0x08002cc4   0x08002cc4   0x00000064   Code   RO         3533    i.xTaskCreate       tasks.o
    0x08002d28   0x08002d28   0x000000b8   Code   RO         3534    i.xTaskCreateStatic  tasks.o
    0x08002de0   0x08002de0   0x00000020   Code   RO         3538    i.xTaskGetSchedulerState  tasks.o
    0x08002e00   0x08002e00   0x0000000c   Code   RO         3539    i.xTaskGetTickCount  tasks.o
    0x08002e0c   0x08002e0c   0x00000144   Code   RO         3541    i.xTaskIncrementTick  tasks.o
    0x08002f50   0x08002f50   0x000000a4   Code   RO         3544    i.xTaskPriorityDisinherit  tasks.o
    0x08002ff4   0x08002ff4   0x00000098   Code   RO         3546    i.xTaskRemoveFromEventList  tasks.o
    0x0800308c   0x0800308c   0x00000104   Code   RO         3547    i.xTaskResumeAll    tasks.o
    0x08003190   0x08003190   0x00000078   Code   RO         3868    i.xTimerCreateTimerTask  timers.o
    0x08003208   0x08003208   0x00000084   Code   RO         3869    i.xTimerGenericCommand  timers.o
    0x0800328c   0x0800328c   0x000001eb   Data   RO          276    .constdata          main.o
    0x08003477   0x08003477   0x00000018   Data   RO         2881    .constdata          system_stm32f1xx.o
    0x0800348f   0x0800348f   0x00000001   PAD
    0x08003490   0x08003490   0x00000018   Data   RO          277    .conststring        main.o
    0x080034a8   0x080034a8   0x00000020   Data   RO         4604    Region$$Table       anon$$obj.o


    Execution Region RW_IRAM1 (Exec base: 0x20000000, Load base: 0x080034c8, Size: 0x000031e8, Max: 0x00010000, ABSOLUTE)

    Exec Addr    Load Addr    Size         Type   Attr      Idx    E Section Name        Object

    0x20000000   0x080034c8   0x00000048   Data   RW          278    .data               main.o
    0x20000048   0x08003510   0x00000009   Data   RW          959    .data               stm32f1xx_hal.o
    0x20000051   0x08003519   0x00000003   PAD
    0x20000054   0x0800351c   0x00000004   Data   RW         2882    .data               system_stm32f1xx.o
    0x20000058   0x08003520   0x0000003c   Data   RW         3550    .data               tasks.o
    0x20000094   0x0800355c   0x00000014   Data   RW         3877    .data               timers.o
    0x200000a8   0x08003570   0x00000004   Data   RW         4085    .data               cmsis_os2.o
    0x200000ac   0x08003574   0x00000018   Data   RW         4457    .data               heap_4.o
    0x200000c4   0x0800358c   0x0000000c   Data   RW         4508    .data               port.o
    0x200000d0        -       0x00000040   Zero   RW          567    .bss                stm32f1xx_hal_timebase_tim.o
    0x20000110        -       0x00000040   Zero   RW         3123    .bss                queue.o
    0x20000150        -       0x000004c4   Zero   RW         3549    .bss                tasks.o
    0x20000614        -       0x00000118   Zero   RW         3876    .bss                timers.o
    0x2000072c        -       0x000006b8   Zero   RW         4084    .bss                cmsis_os2.o
    0x20000de4        -       0x00002000   Zero   RW         4456    .bss                heap_4.o
    0x20002de4   0x08003598   0x00000004   PAD
    0x20002de8        -       0x00000400   Zero   RW            1    STACK               startup_stm32f103xe.o


==============================================================================

Image component sizes


      Code (inc. data)   RO Data    RW Data    ZI Data      Debug   Object Name

       296         28          0          0          0     505540   bsp_led_hardware.o
         0          0          0          0          0       2188   bsp_mocbox_uart5.o
       474         38          0          4       1720      11058   cmsis_os2.o
         0          0          0          0          0      20096   event_groups.o
       692         62          0         24       8192       4579   heap_4.o
       148          0          0          0          0       3326   list.o
      2262        206        515         72          0      36412   main.o
       854         78          0         12          0      10729   port.o
      1914         20          0          0         64      16516   queue.o
        36          8        304          0       1024        788   startup_stm32f103xe.o
        64         14          0          9          0       4664   stm32f1xx_hal.o
       252         22          0          0          0      28582   stm32f1xx_hal_cortex.o
        96         10          0          0          0        842   stm32f1xx_hal_msp.o
       112         26          0          0          0       2134   stm32f1xx_hal_rcc.o
       666         22          0          0          0       5870   stm32f1xx_hal_tim.o
         4          0          0          0          0       1473   stm32f1xx_hal_tim_ex.o
       136         18          0          0         64       1391   stm32f1xx_hal_timebase_tim.o
        36          6          0          0          0       2894   stm32f1xx_it.o
       288          0          0          0          0      11307   stm32f1xx_ll_gpio.o
        12          6          0          0          0        540   stm32f1xx_ll_utils.o
         0          0          0          0          0       8876   stream_buffer.o
        88         18         24          4          0       1115   system_stm32f1xx.o
      2796        346          0         60       1220      23278   tasks.o
      1238        124          0         20        280      26367   timers.o

    ----------------------------------------------------------------------
     12478       1052        876        208      12568     730565   Object Totals
         0          0         32          0          0          0   (incl. Generated)
        14          0          1          3          4          0   (incl. Padding)

    ----------------------------------------------------------------------

      Code (inc. data)   RO Data    RW Data    ZI Data      Debug   Library Member Name

         0          0          0          0          0          0   entry.o
         0          0          0          0          0          0   entry10a.o
         0          0          0          0          0          0   entry11a.o
         8          4          0          0          0          0   entry2.o
         4          0          0          0          0          0   entry5.o
         0          0          0          0          0          0   entry7b.o
         0          0          0          0          0          0   entry8b.o
         8          4          0          0          0          0   entry9a.o
        30          0          0          0          0          0   handlers.o
        36          8          0          0          0         68   init.o
        36          0          0          0          0         68   memcpya.o
        36          0          0          0          0        108   memseta.o

    ----------------------------------------------------------------------
       158         16          0          0          0        244   Library Totals
         0          0          0          0          0          0   (incl. Padding)

    ----------------------------------------------------------------------

      Code (inc. data)   RO Data    RW Data    ZI Data      Debug   Library Name

       158         16          0          0          0        244   mc_w.l

    ----------------------------------------------------------------------
       158         16          0          0          0        244   Library Totals

    ----------------------------------------------------------------------

==============================================================================


      Code (inc. data)   RO Data    RW Data    ZI Data      Debug   

     12636       1068        876        208      12568     724357   Grand Totals
     12636       1068        876        208      12568     724357   ELF Image Totals
     12636       1068        876        208          0          0   ROM Totals

==============================================================================

    Total RO  Size (Code + RO Data)                13512 (  13.20kB)
    Total RW  Size (RW Data + ZI Data)             12776 (  12.48kB)
    Total ROM Size (Code + RO Data + RW Data)      13720 (  13.40kB)

==============================================================================

