Component: ARM Compiler 5.06 update 6 (build 750) Tool: armlink [4d35ed]

==============================================================================

Section Cross References

    startup_stm32f103xe.o(RESET) refers to startup_stm32f103xe.o(STACK) for __initial_sp
    startup_stm32f103xe.o(RESET) refers to startup_stm32f103xe.o(.text) for Reset_Handler
    startup_stm32f103xe.o(RESET) refers to stm32f1xx_it.o(i.NMI_Handler) for NMI_Handler
    startup_stm32f103xe.o(RESET) refers to stm32f1xx_it.o(i.HardFault_Handler) for HardFault_Handler
    startup_stm32f103xe.o(RESET) refers to stm32f1xx_it.o(i.MemManage_Handler) for MemManage_Handler
    startup_stm32f103xe.o(RESET) refers to stm32f1xx_it.o(i.BusFault_Handler) for BusFault_Handler
    startup_stm32f103xe.o(RESET) refers to stm32f1xx_it.o(i.UsageFault_Handler) for UsageFault_Handler
    startup_stm32f103xe.o(RESET) refers to port.o(.emb_text) for SVC_Handler
    startup_stm32f103xe.o(RESET) refers to stm32f1xx_it.o(i.DebugMon_Handler) for DebugMon_Handler
    startup_stm32f103xe.o(RESET) refers to stm32f1xx_it.o(i.SysTick_Handler) for SysTick_Handler
    startup_stm32f103xe.o(.text) refers to system_stm32f1xx.o(i.SystemInit) for SystemInit
    startup_stm32f103xe.o(.text) refers to entry.o(.ARM.Collect$$$$00000000) for __main
    main.o(i.MOC_Delay_ms) refers to cmsis_os2.o(i.osDelay) for osDelay
    main.o(i.MOC_Delay_ms) refers to bsp_led_hardware.o(.data) for g_OS_InitFlag
    main.o(i.StartDefaultTask) refers to main.o(i.LED_SendByte2) for LED_SendByte2
    main.o(i.StartDefaultTask) refers to cmsis_os2.o(i.osDelay) for osDelay
    main.o(i.StartTask02) refers to cmsis_os2.o(i.osDelay) for osDelay
    main.o(i.SystemClock_Config) refers to stm32f1xx_ll_utils.o(i.LL_Init1msTick) for LL_Init1msTick
    main.o(i.SystemClock_Config) refers to stm32f1xx_ll_utils.o(i.LL_SetSystemCoreClock) for LL_SetSystemCoreClock
    main.o(i.main) refers to main.o(i.LL_APB2_GRP1_EnableClock) for LL_APB2_GRP1_EnableClock
    main.o(i.main) refers to main.o(i.NVIC_EncodePriority) for NVIC_EncodePriority
    main.o(i.main) refers to main.o(i.__NVIC_SetPriority) for __NVIC_SetPriority
    main.o(i.main) refers to main.o(i.SystemClock_Config) for SystemClock_Config
    main.o(i.main) refers to bsp_led_hardware.o(i.LED_GPIO_Init) for LED_GPIO_Init
    main.o(i.main) refers to cmsis_os2.o(i.osKernelInitialize) for osKernelInitialize
    main.o(i.main) refers to cmsis_os2.o(i.osThreadNew) for osThreadNew
    main.o(i.main) refers to cmsis_os2.o(i.osKernelStart) for osKernelStart
    main.o(i.main) refers to main.o(.constdata) for .constdata
    main.o(i.main) refers to main.o(i.StartDefaultTask) for StartDefaultTask
    main.o(i.main) refers to main.o(.data) for .data
    main.o(.constdata) refers to main.o(.conststring) for .conststring
    main.o(.constdata) refers to main.o(.conststring) for .conststring
    stm32f1xx_it.o(i.SysTick_Handler) refers to tasks.o(i.xTaskGetSchedulerState) for xTaskGetSchedulerState
    stm32f1xx_it.o(i.SysTick_Handler) refers to port.o(i.xPortSysTickHandler) for xPortSysTickHandler
    bsp_led_hardware.o(i.LED_GPIO_Init) refers to memseta.o(.text) for __aeabi_memclr4
    bsp_led_hardware.o(i.LED_GPIO_Init) refers to bsp_led_hardware.o(i.LL_APB2_GRP1_EnableClock) for LL_APB2_GRP1_EnableClock
    bsp_led_hardware.o(i.LED_GPIO_Init) refers to stm32f1xx_ll_gpio.o(i.LL_GPIO_Init) for LL_GPIO_Init
    bsp_mocbox_uart5.o(i.MX_UART5_Init) refers to memseta.o(.text) for __aeabi_memclr4
    bsp_mocbox_uart5.o(i.MX_UART5_Init) refers to bsp_mocbox_uart5.o(i.LL_APB2_GRP1_EnableClock) for LL_APB2_GRP1_EnableClock
    bsp_mocbox_uart5.o(i.MX_UART5_Init) refers to stm32f1xx_ll_gpio.o(i.LL_GPIO_Init) for LL_GPIO_Init
    bsp_mocbox_uart5.o(i.MX_UART5_Init) refers to stm32f1xx_ll_usart.o(i.LL_USART_Init) for LL_USART_Init
    bsp_mocbox_uart5.o(i.moc_printf) refers to bsp_mocbox_uart5.o(i.mocprint) for mocprint
    bsp_mocbox_uart5.o(i.moc_snprintf) refers to bsp_mocbox_uart5.o(i.mocprint) for mocprint
    bsp_mocbox_uart5.o(i.moc_sprintf) refers to bsp_mocbox_uart5.o(i.mocprint) for mocprint
    bsp_mocbox_uart5.o(i.mocprint) refers to bsp_mocbox_uart5.o(i.mocprints) for mocprints
    bsp_mocbox_uart5.o(i.mocprint) refers to bsp_mocbox_uart5.o(i.mocprinti) for mocprinti
    bsp_mocbox_uart5.o(i.mocprint) refers to bsp_mocbox_uart5.o(i.mocprintchar) for mocprintchar
    bsp_mocbox_uart5.o(i.mocprinti) refers to bsp_mocbox_uart5.o(i.mocprints) for mocprints
    bsp_mocbox_uart5.o(i.mocprinti) refers to bsp_mocbox_uart5.o(i.mocprintchar) for mocprintchar
    bsp_mocbox_uart5.o(i.mocprints) refers to bsp_mocbox_uart5.o(i.mocprintchar) for mocprintchar
    stm32f1xx_ll_gpio.o(i.LL_GPIO_DeInit) refers to stm32f1xx_ll_gpio.o(i.LL_APB2_GRP1_ForceReset) for LL_APB2_GRP1_ForceReset
    stm32f1xx_ll_gpio.o(i.LL_GPIO_DeInit) refers to stm32f1xx_ll_gpio.o(i.LL_APB2_GRP1_ReleaseReset) for LL_APB2_GRP1_ReleaseReset
[...]
    cmsis_os2.o(i.osMessageQueuePut) refers to cmsis_os2.o(.data) for .data
    cmsis_os2.o(i.osMessageQueueReset) refers to queue.o(i.xQueueGenericReset) for xQueueGenericReset
    cmsis_os2.o(i.osMessageQueueReset) refers to cmsis_os2.o(.data) for .data
    cmsis_os2.o(i.osMutexAcquire) refers to queue.o(i.xQueueTakeMutexRecursive) for xQueueTakeMutexRecursive
    cmsis_os2.o(i.osMutexAcquire) refers to queue.o(i.xQueueSemaphoreTake) for xQueueSemaphoreTake
    cmsis_os2.o(i.osMutexAcquire) refers to cmsis_os2.o(.data) for .data
    cmsis_os2.o(i.osMutexDelete) refers to queue.o(i.vQueueUnregisterQueue) for vQueueUnregisterQueue
    cmsis_os2.o(i.osMutexDelete) refers to queue.o(i.vQueueDelete) for vQueueDelete
    cmsis_os2.o(i.osMutexDelete) refers to cmsis_os2.o(.data) for .data
    cmsis_os2.o(i.osMutexGetOwner) refers to queue.o(i.xQueueGetMutexHolder) for xQueueGetMutexHolder
    cmsis_os2.o(i.osMutexGetOwner) refers to cmsis_os2.o(.data) for .data
    cmsis_os2.o(i.osMutexNew) refers to queue.o(i.xQueueCreateMutexStatic) for xQueueCreateMutexStatic
    cmsis_os2.o(i.osMutexNew) refers to queue.o(i.xQueueCreateMutex) for xQueueCreateMutex
    cmsis_os2.o(i.osMutexNew) refers to queue.o(i.vQueueAddToRegistry) for vQueueAddToRegistry
    cmsis_os2.o(i.osMutexNew) refers to cmsis_os2.o(.data) for .data
    cmsis_os2.o(i.osMutexRelease) refers to queue.o(i.xQueueGiveMutexRecursive) for xQueueGiveMutexRecursive
    cmsis_os2.o(i.osMutexRelease) refers to queue.o(i.xQueueGenericSend) for xQueueGenericSend
    cmsis_os2.o(i.osMutexRelease) refers to cmsis_os2.o(.data) for .data
    cmsis_os2.o(i.osSemaphoreAcquire) refers to queue.o(i.xQueueReceiveFromISR) for xQueueReceiveFromISR
    cmsis_os2.o(i.osSemaphoreAcquire) refers to queue.o(i.xQueueSemaphoreTake) for xQueueSemaphoreTake
    cmsis_os2.o(i.osSemaphoreAcquire) refers to cmsis_os2.o(.data) for .data
    cmsis_os2.o(i.osSemaphoreDelete) refers to queue.o(i.vQueueUnregisterQueue) for vQueueUnregisterQueue
    cmsis_os2.o(i.osSemaphoreDelete) refers to queue.o(i.vQueueDelete) for vQueueDelete
    cmsis_os2.o(i.osSemaphoreDelete) refers to cmsis_os2.o(.data) for .data
    cmsis_os2.o(i.osSemaphoreGetCount) refers to queue.o(i.uxQueueMessagesWaitingFromISR) for uxQueueMessagesWaitingFromISR
    cmsis_os2.o(i.osSemaphoreGetCount) refers to queue.o(i.uxQueueMessagesWaiting) for uxQueueMessagesWaiting
    cmsis_os2.o(i.osSemaphoreGetCount) refers to cmsis_os2.o(.data) for .data
    cmsis_os2.o(i.osSemaphoreNew) refers to queue.o(i.xQueueCreateCountingSemaphoreStatic) for xQueueCreateCountingSemaphoreStatic
    cmsis_os2.o(i.osSemaphoreNew) refers to queue.o(i.xQueueGenericCreateStatic) for xQueueGenericCreateStatic
    cmsis_os2.o(i.osSemaphoreNew) refers to queue.o(i.xQueueGenericCreate) for xQueueGenericCreate
    cmsis_os2.o(i.osSemaphoreNew) refers to queue.o(i.xQueueGenericSend) for xQueueGenericSend
    cmsis_os2.o(i.osSemaphoreNew) refers to queue.o(i.vQueueDelete) for vQueueDelete
    cmsis_os2.o(i.osSemaphoreNew) refers to queue.o(i.xQueueCreateCountingSemaphore) for xQueueCreateCountingSemaphore
    cmsis_os2.o(i.osSemaphoreNew) refers to queue.o(i.vQueueAddToRegistry) for vQueueAddToRegistry
    cmsis_os2.o(i.osSemaphoreNew) refers to cmsis_os2.o(.data) for .data
    cmsis_os2.o(i.osSemaphoreRelease) refers to queue.o(i.xQueueGiveFromISR) for xQueueGiveFromISR
    cmsis_os2.o(i.osSemaphoreRelease) refers to queue.o(i.xQueueGenericSend) for xQueueGenericSend
    cmsis_os2.o(i.osSemaphoreRelease) refers to cmsis_os2.o(.data) for .data
    cmsis_os2.o(i.osThreadEnumerate) refers to tasks.o(i.vTaskSuspendAll) for vTaskSuspendAll
    cmsis_os2.o(i.osThreadEnumerate) refers to tasks.o(i.uxTaskGetNumberOfTasks) for uxTaskGetNumberOfTasks
    cmsis_os2.o(i.osThreadEnumerate) refers to heap_4.o(i.pvPortMalloc) for pvPortMalloc
    cmsis_os2.o(i.osThreadEnumerate) refers to tasks.o(i.uxTaskGetSystemState) for uxTaskGetSystemState
    cmsis_os2.o(i.osThreadEnumerate) refers to tasks.o(i.xTaskResumeAll) for xTaskResumeAll
    cmsis_os2.o(i.osThreadEnumerate) refers to heap_4.o(i.vPortFree) for vPortFree
    cmsis_os2.o(i.osThreadEnumerate) refers to cmsis_os2.o(.data) for .data
    cmsis_os2.o(i.osThreadExit) refers to tasks.o(i.vTaskDelete) for vTaskDelete
    cmsis_os2.o(i.osThreadFlagsClear) refers to tasks.o(i.xTaskGetCurrentTaskHandle) for xTaskGetCurrentTaskHandle
    cmsis_os2.o(i.osThreadFlagsClear) refers to tasks.o(i.xTaskGenericNotify) for xTaskGenericNotify
    cmsis_os2.o(i.osThreadFlagsClear) refers to cmsis_os2.o(.data) for .data
    cmsis_os2.o(i.osThreadFlagsGet) refers to tasks.o(i.xTaskGetCurrentTaskHandle) for xTaskGetCurrentTaskHandle
    cmsis_os2.o(i.osThreadFlagsGet) refers to tasks.o(i.xTaskGenericNotify) for xTaskGenericNotify
    cmsis_os2.o(i.osThreadFlagsGet) refers to cmsis_os2.o(.data) for .data
    cmsis_os2.o(i.osThreadFlagsSet) refers to tasks.o(i.xTaskGenericNotifyFromISR) for xTaskGenericNotifyFromISR
    cmsis_os2.o(i.osThreadFlagsSet) refers to tasks.o(i.xTaskGenericNotify) for xTaskGenericNotify
    cmsis_os2.o(i.osThreadFlagsSet) refers to cmsis_os2.o(.data) for .data
    cmsis_os2.o(i.osThreadFlagsWait) refers to tasks.o(i.xTaskGetTickCount) for xTaskGetTickCount
    cmsis_os2.o(i.osThreadFlagsWait) refers to tasks.o(i.xTaskNotifyWait) for xTaskNotifyWait
    cmsis_os2.o(i.osThreadFlagsWait) refers to cmsis_os2.o(.data) for .data
    cmsis_os2.o(i.osThreadGetCount) refers to tasks.o(i.uxTaskGetNumberOfTasks) for uxTaskGetNumberOfTasks
    cmsis_os2.o(i.osThreadGetCount) refers to cmsis_os2.o(.data) for .data
    cmsis_os2.o(i.osThreadGetId) refers to tasks.o(i.xTaskGetCurrentTaskHandle) for xTaskGetCurrentTaskHandle
    cmsis_os2.o(i.osThreadGetId) refers to cmsis_os2.o(.data) for .data
    cmsis_os2.o(i.osThreadGetName) refers to tasks.o(i.pcTaskGetName) for pcTaskGetName
    cmsis_os2.o(i.osThreadGetName) refers to cmsis_os2.o(.data) for .data
    cmsis_os2.o(i.osThreadGetPriority) refers to tasks.o(i.uxTaskPriorityGet) for uxTaskPriorityGet
    cmsis_os2.o(i.osThreadGetPriority) refers to cmsis_os2.o(.data) for .data
    cmsis_os2.o(i.osThreadGetStackSpace) refers to tasks.o(i.uxTaskGetStackHighWaterMark) for uxTaskGetStackHighWaterMark
    cmsis_os2.o(i.osThreadGetStackSpace) refers to cmsis_os2.o(.data) for .data
    cmsis_os2.o(i.osThreadGetState) refers to tasks.o(i.eTaskGetState) for eTaskGetState
    cmsis_os2.o(i.osThreadGetState) refers to cmsis_os2.o(.data) for .data
    cmsis_os2.o(i.osThreadNew) refers to tasks.o(i.xTaskCreateStatic) for xTaskCreateStatic
    cmsis_os2.o(i.osThreadNew) refers to tasks.o(i.xTaskCreate) for xTaskCreate
    cmsis_os2.o(i.osThreadNew) refers to cmsis_os2.o(.data) for .data
    cmsis_os2.o(i.osThreadResume) refers to tasks.o(i.vTaskResume) for vTaskResume
    cmsis_os2.o(i.osThreadResume) refers to cmsis_os2.o(.data) for .data
    cmsis_os2.o(i.osThreadSetPriority) refers to tasks.o(i.vTaskPrioritySet) for vTaskPrioritySet
    cmsis_os2.o(i.osThreadSetPriority) refers to cmsis_os2.o(.data) for .data
    cmsis_os2.o(i.osThreadSuspend) refers to tasks.o(i.vTaskSuspend) for vTaskSuspend
    cmsis_os2.o(i.osThreadSuspend) refers to cmsis_os2.o(.data) for .data
    cmsis_os2.o(i.osThreadTerminate) refers to tasks.o(i.eTaskGetState) for eTaskGetState
    cmsis_os2.o(i.osThreadTerminate) refers to tasks.o(i.vTaskDelete) for vTaskDelete
    cmsis_os2.o(i.osThreadTerminate) refers to cmsis_os2.o(.data) for .data
    cmsis_os2.o(i.osThreadYield) refers to cmsis_os2.o(.data) for .data
    cmsis_os2.o(i.osTimerDelete) refers to timers.o(i.pvTimerGetTimerID) for pvTimerGetTimerID
    cmsis_os2.o(i.osTimerDelete) refers to timers.o(i.xTimerGenericCommand) for xTimerGenericCommand
    cmsis_os2.o(i.osTimerDelete) refers to heap_4.o(i.vPortFree) for vPortFree
    cmsis_os2.o(i.osTimerDelete) refers to cmsis_os2.o(.data) for .data
    cmsis_os2.o(i.osTimerGetName) refers to timers.o(i.pcTimerGetName) for pcTimerGetName
    cmsis_os2.o(i.osTimerGetName) refers to cmsis_os2.o(.data) for .data
    cmsis_os2.o(i.osTimerIsRunning) refers to timers.o(i.xTimerIsTimerActive) for xTimerIsTimerActive
    cmsis_os2.o(i.osTimerIsRunning) refers to cmsis_os2.o(.data) for .data
    cmsis_os2.o(i.osTimerNew) refers to heap_4.o(i.pvPortMalloc) for pvPortMalloc
    cmsis_os2.o(i.osTimerNew) refers to timers.o(i.xTimerCreateStatic) for xTimerCreateStatic
    cmsis_os2.o(i.osTimerNew) refers to timers.o(i.xTimerCreate) for xTimerCreate
    cmsis_os2.o(i.osTimerNew) refers to cmsis_os2.o(.data) for .data
    cmsis_os2.o(i.osTimerNew) refers to cmsis_os2.o(i.TimerCallback) for TimerCallback
    cmsis_os2.o(i.osTimerStart) refers to timers.o(i.xTimerGenericCommand) for xTimerGenericCommand
    cmsis_os2.o(i.osTimerStart) refers to cmsis_os2.o(.data) for .data
    cmsis_os2.o(i.osTimerStop) refers to timers.o(i.xTimerIsTimerActive) for xTimerIsTimerActive
    cmsis_os2.o(i.osTimerStop) refers to timers.o(i.xTimerGenericCommand) for xTimerGenericCommand
    cmsis_os2.o(i.osTimerStop) refers to cmsis_os2.o(.data) for .data
    cmsis_os2.o(i.vApplicationGetIdleTaskMemory) refers to cmsis_os2.o(.bss) for .bss
    cmsis_os2.o(i.vApplicationGetTimerTaskMemory) refers to cmsis_os2.o(.bss) for .bss
    heap_4.o(i.prvHeapInit) refers to heap_4.o(.bss) for .bss
    heap_4.o(i.prvHeapInit) refers to heap_4.o(.data) for .data
    heap_4.o(i.prvInsertBlockIntoFreeList) refers to heap_4.o(.data) for .data
    heap_4.o(i.pvPortMalloc) refers to tasks.o(i.vTaskSuspendAll) for vTaskSuspendAll
    heap_4.o(i.pvPortMalloc) refers to heap_4.o(i.prvHeapInit) for prvHeapInit
    heap_4.o(i.pvPortMalloc) refers to heap_4.o(i.prvInsertBlockIntoFreeList) for prvInsertBlockIntoFreeList
    heap_4.o(i.pvPortMalloc) refers to tasks.o(i.xTaskResumeAll) for xTaskResumeAll
    heap_4.o(i.pvPortMalloc) refers to heap_4.o(.data) for .data
    heap_4.o(i.vPortFree) refers to tasks.o(i.vTaskSuspendAll) for vTaskSuspendAll
    heap_4.o(i.vPortFree) refers to heap_4.o(i.prvInsertBlockIntoFreeList) for prvInsertBlockIntoFreeList
    heap_4.o(i.vPortFree) refers to tasks.o(i.xTaskResumeAll) for xTaskResumeAll
    heap_4.o(i.vPortFree) refers to heap_4.o(.data) for .data
    heap_4.o(i.xPortGetFreeHeapSize) refers to heap_4.o(.data) for .data
    heap_4.o(i.xPortGetMinimumEverFreeHeapSize) refers to heap_4.o(.data) for .data
    port.o(.emb_text) refers to tasks.o(i.vTaskSwitchContext) for vTaskSwitchContext
    port.o(.emb_text) refers to tasks.o(.data) for pxCurrentTCB
    port.o(i.prvTaskExitError) refers to port.o(.data) for .data
    port.o(i.pxPortInitialiseStack) refers to port.o(i.prvTaskExitError) for prvTaskExitError
    port.o(i.vPortEndScheduler) refers to port.o(.data) for .data
    port.o(i.vPortEnterCritical) refers to port.o(.data) for .data
    port.o(i.vPortExitCritical) refers to port.o(.data) for .data
    port.o(i.vPortSetupTimerInterrupt) refers to system_stm32f1xx.o(.data) for SystemCoreClock
    port.o(i.vPortValidateInterruptPriority) refers to port.o(.emb_text) for vPortGetIPSR
    port.o(i.vPortValidateInterruptPriority) refers to port.o(.data) for .data
    port.o(i.xPortStartScheduler) refers to port.o(i.vPortSetupTimerInterrupt) for vPortSetupTimerInterrupt
    port.o(i.xPortStartScheduler) refers to port.o(.emb_text) for __asm___6_port_c_39a90d8d__prvStartFirstTask
    port.o(i.xPortStartScheduler) refers to port.o(.data) for .data
    port.o(i.xPortSysTickHandler) refers to tasks.o(i.xTaskIncrementTick) for xTaskIncrementTick
    entry.o(.ARM.Collect$$$$00000000) refers (Special) to entry10a.o(.ARM.Collect$$$$0000000D) for __rt_final_cpp
    entry.o(.ARM.Collect$$$$00000000) refers (Special) to entry11a.o(.ARM.Collect$$$$0000000F) for __rt_final_exit
    entry.o(.ARM.Collect$$$$00000000) refers (Special) to entry7b.o(.ARM.Collect$$$$00000008) for _main_clock
    entry.o(.ARM.Collect$$$$00000000) refers (Special) to entry8b.o(.ARM.Collect$$$$0000000A) for _main_cpp_init
    entry.o(.ARM.Collect$$$$00000000) refers (Special) to entry9a.o(.ARM.Collect$$$$0000000B) for _main_init
    entry.o(.ARM.Collect$$$$00000000) refers (Special) to entry5.o(.ARM.Collect$$$$00000004) for _main_scatterload
    entry.o(.ARM.Collect$$$$00000000) refers (Special) to entry2.o(.ARM.Collect$$$$00000001) for _main_stk
    entry2.o(.ARM.Collect$$$$00000001) refers to entry2.o(.ARM.Collect$$$$00002712) for __lit__00000000
    entry2.o(.ARM.Collect$$$$00002712) refers to startup_stm32f103xe.o(STACK) for __initial_sp
    entry2.o(__vectab_stack_and_reset_area) refers to startup_stm32f103xe.o(STACK) for __initial_sp
    entry2.o(__vectab_stack_and_reset_area) refers to entry.o(.ARM.Collect$$$$00000000) for __main
    entry5.o(.ARM.Collect$$$$00000004) refers to init.o(.text) for __scatterload
    entry9a.o(.ARM.Collect$$$$0000000B) refers to main.o(i.main) for main
    entry9b.o(.ARM.Collect$$$$0000000C) refers to main.o(i.main) for main
    init.o(.text) refers to entry5.o(.ARM.Collect$$$$00000004) for __main_after_scatterload


==============================================================================

Removing Unused input sections from the image.

    Removing startup_stm32f103xe.o(HEAP), (512 bytes).
    Removing main.o(.rev16_text), (4 bytes).
    Removing main.o(.revsh_text), (4 bytes).
    Removing main.o(.rrx_text), (6 bytes).
    Removing main.o(i.Error_Handler), (2 bytes).
    Removing main.o(i.LED_Delay), (12 bytes).
    Removing main.o(i.MOC_Delay_ms), (44 bytes).
    Removing main.o(i.StartTask02), (12 bytes).
    Removing main.o(i.moc_L0_ON), (32 bytes).
    Removing main.o(i.moc_L1_ON), (32 bytes).
    Removing main.o(i.moc_L2_ON), (32 bytes).
    Removing main.o(i.moc_L3_ON), (32 bytes).
    Removing main.o(.constdata), (36 bytes).
    Removing main.o(.conststring), (9 bytes).
    Removing main.o(.data), (4 bytes).
    Removing freertos.o(.rev16_text), (4 bytes).
    Removing freertos.o(.revsh_text), (4 bytes).
    Removing freertos.o(.rrx_text), (6 bytes).
    Removing stm32f1xx_it.o(.rev16_text), (4 bytes).
    Removing stm32f1xx_it.o(.revsh_text), (4 bytes).
    Removing stm32f1xx_it.o(.rrx_text), (6 bytes).
    Removing bsp_led_hardware.o(.rev16_text), (4 bytes).
    Removing bsp_led_hardware.o(.revsh_text), (4 bytes).
    Removing bsp_led_hardware.o(.rrx_text), (6 bytes).
    Removing bsp_led_hardware.o(i.BSP_LED_HARDWAREGlobal), (2 bytes).
    Removing bsp_led_hardware.o(i.BSP_LED_HARDWARELocal), (2 bytes).
    Removing bsp_led_hardware.o(.data), (4 bytes).
    Removing bsp_led_hardware.o(.data), (4 bytes).
    Removing bsp_mocbox_uart5.o(.rev16_text), (4 bytes).
    Removing bsp_mocbox_uart5.o(.revsh_text), (4 bytes).
    Removing bsp_mocbox_uart5.o(.rrx_text), (6 bytes).
    Removing bsp_mocbox_uart5.o(i.LL_APB2_GRP1_EnableClock), (24 bytes).
    Removing bsp_mocbox_uart5.o(i.MX_UART5_Init), (192 bytes).
    Removing bsp_mocbox_uart5.o(i.moc_printf), (20 bytes).
    Removing bsp_mocbox_uart5.o(i.moc_snprintf), (20 bytes).
    Removing bsp_mocbox_uart5.o(i.moc_sprintf), (20 bytes).
    Removing bsp_mocbox_uart5.o(i.mocprint), (252 bytes).
    Removing bsp_mocbox_uart5.o(i.mocprintchar), (56 bytes).
    Removing bsp_mocbox_uart5.o(i.mocprinti), (146 bytes).
    Removing bsp_mocbox_uart5.o(i.mocprints), (116 bytes).
    Removing stm32f1xx_ll_gpio.o(.rev16_text), (4 bytes).
    Removing stm32f1xx_ll_gpio.o(.revsh_text), (4 bytes).
    Removing stm32f1xx_ll_gpio.o(.rrx_text), (6 bytes).
    Removing stm32f1xx_ll_gpio.o(i.LL_APB2_GRP1_ForceReset), (16 bytes).
    Removing stm32f1xx_ll_gpio.o(i.LL_APB2_GRP1_ReleaseReset), (16 bytes).
    Removing stm32f1xx_ll_gpio.o(i.LL_GPIO_DeInit), (156 bytes).
    Removing stm32f1xx_ll_gpio.o(i.LL_GPIO_StructInit), (22 bytes).
    Removing stm32f1xx_ll_rcc.o(.rev16_text), (4 bytes).
    Removing stm32f1xx_ll_rcc.o(.revsh_text), (4 bytes).
    Removing stm32f1xx_ll_rcc.o(.rrx_text), (6 bytes).
    Removing stm32f1xx_ll_rcc.o(i.LL_RCC_DeInit), (96 bytes).
    Removing stm32f1xx_ll_rcc.o(i.LL_RCC_GetADCClockFreq), (48 bytes).
    Removing stm32f1xx_ll_rcc.o(i.LL_RCC_GetSystemClocksFreq), (32 bytes).
    Removing stm32f1xx_ll_rcc.o(i.LL_RCC_GetUSBClockFreq), (56 bytes).
    Removing stm32f1xx_ll_rcc.o(i.RCC_GetHCLKClockFreq), (28 bytes).
    Removing stm32f1xx_ll_rcc.o(i.RCC_GetPCLK1ClockFreq), (28 bytes).
    Removing stm32f1xx_ll_rcc.o(i.RCC_GetPCLK2ClockFreq), (28 bytes).
    Removing stm32f1xx_ll_rcc.o(i.RCC_GetSystemClockFreq), (36 bytes).
    Removing stm32f1xx_ll_rcc.o(i.RCC_PLL_GetFreqDomain_SYS), (60 bytes).
    Removing stm32f1xx_ll_utils.o(.rev16_text), (4 bytes).
    Removing stm32f1xx_ll_utils.o(.revsh_text), (4 bytes).
    Removing stm32f1xx_ll_utils.o(.rrx_text), (6 bytes).
    Removing stm32f1xx_ll_utils.o(i.LL_PLL_ConfigSystemClock_HSE), (108 bytes).
    Removing stm32f1xx_ll_utils.o(i.LL_PLL_ConfigSystemClock_HSI), (88 bytes).
    Removing stm32f1xx_ll_utils.o(i.LL_RCC_PLL_ConfigDomain_SYS), (24 bytes).
    Removing stm32f1xx_ll_utils.o(i.LL_mDelay), (30 bytes).
    Removing stm32f1xx_ll_utils.o(i.UTILS_EnablePLLAndSwitchSystem), (172 bytes).
    Removing stm32f1xx_ll_utils.o(i.UTILS_GetPLLOutputFrequency), (24 bytes).
    Removing stm32f1xx_ll_utils.o(i.UTILS_PLL_IsBusy), (24 bytes).
    Removing stm32f1xx_ll_utils.o(i.UTILS_SetFlashLatency), (68 bytes).
    Removing stm32f1xx_ll_exti.o(.rev16_text), (4 bytes).
    Removing stm32f1xx_ll_exti.o(.revsh_text), (4 bytes).
    Removing stm32f1xx_ll_exti.o(.rrx_text), (6 bytes).
    Removing stm32f1xx_ll_exti.o(i.LL_EXTI_DeInit), (40 bytes).
    Removing stm32f1xx_ll_exti.o(i.LL_EXTI_Init), (160 bytes).
    Removing stm32f1xx_ll_exti.o(i.LL_EXTI_StructInit), (14 bytes).
    Removing stm32f1xx_ll_pwr.o(.rev16_text), (4 bytes).
    Removing stm32f1xx_ll_pwr.o(.revsh_text), (4 bytes).
    Removing stm32f1xx_ll_pwr.o(.rrx_text), (6 bytes).
    Removing stm32f1xx_ll_pwr.o(i.LL_PWR_DeInit), (28 bytes).
    Removing stm32f1xx_ll_usart.o(.rev16_text), (4 bytes).
    Removing stm32f1xx_ll_usart.o(.revsh_text), (4 bytes).
    Removing stm32f1xx_ll_usart.o(.rrx_text), (6 bytes).
    Removing stm32f1xx_ll_usart.o(i.LL_APB1_GRP1_ForceReset), (16 bytes).
    Removing stm32f1xx_ll_usart.o(i.LL_APB1_GRP1_ReleaseReset), (16 bytes).
    Removing stm32f1xx_ll_usart.o(i.LL_USART_ClockInit), (56 bytes).
    Removing stm32f1xx_ll_usart.o(i.LL_USART_ClockStructInit), (12 bytes).
    Removing stm32f1xx_ll_usart.o(i.LL_USART_DeInit), (120 bytes).
    Removing stm32f1xx_ll_usart.o(i.LL_USART_Init), (244 bytes).
    Removing stm32f1xx_ll_usart.o(i.LL_USART_StructInit), (22 bytes).
    Removing stm32f1xx_ll_dma.o(.rev16_text), (4 bytes).
    Removing stm32f1xx_ll_dma.o(.revsh_text), (4 bytes).
    Removing stm32f1xx_ll_dma.o(.rrx_text), (6 bytes).
    Removing stm32f1xx_ll_dma.o(i.LL_DMA_DeInit), (228 bytes).
    Removing stm32f1xx_ll_dma.o(i.LL_DMA_Init), (92 bytes).
    Removing stm32f1xx_ll_dma.o(i.LL_DMA_StructInit), (24 bytes).
    Removing stm32f1xx_ll_dma.o(.constdata), (7 bytes).
    Removing stm32f1xx_ll_rtc.o(.rev16_text), (4 bytes).
    Removing stm32f1xx_ll_rtc.o(.revsh_text), (4 bytes).
    Removing stm32f1xx_ll_rtc.o(.rrx_text), (6 bytes).
    Removing stm32f1xx_ll_rtc.o(i.LL_RTC_ALARM_Init), (132 bytes).
    Removing stm32f1xx_ll_rtc.o(i.LL_RTC_ALARM_SetCounter), (36 bytes).
    Removing stm32f1xx_ll_rtc.o(i.LL_RTC_ALARM_StructInit), (10 bytes).
    Removing stm32f1xx_ll_rtc.o(i.LL_RTC_DeInit), (96 bytes).
    Removing stm32f1xx_ll_rtc.o(i.LL_RTC_EnterInitMode), (66 bytes).
    Removing stm32f1xx_ll_rtc.o(i.LL_RTC_ExitInitMode), (66 bytes).
    Removing stm32f1xx_ll_rtc.o(i.LL_RTC_Init), (120 bytes).
    Removing stm32f1xx_ll_rtc.o(i.LL_RTC_StructInit), (12 bytes).
    Removing stm32f1xx_ll_rtc.o(i.LL_RTC_TIME_Init), (132 bytes).
    Removing stm32f1xx_ll_rtc.o(i.LL_RTC_TIME_SetCounter), (36 bytes).
    Removing stm32f1xx_ll_rtc.o(i.LL_RTC_TIME_StructInit), (10 bytes).
    Removing stm32f1xx_ll_rtc.o(i.LL_RTC_WaitForSynchro), (66 bytes).
    Removing stm32f1xx_ll_tim.o(.rev16_text), (4 bytes).
    Removing stm32f1xx_ll_tim.o(.revsh_text), (4 bytes).
    Removing stm32f1xx_ll_tim.o(.rrx_text), (6 bytes).
    Removing stm32f1xx_ll_tim.o(i.LL_APB1_GRP1_ForceReset), (16 bytes).
    Removing stm32f1xx_ll_tim.o(i.LL_APB1_GRP1_ReleaseReset), (16 bytes).
    Removing stm32f1xx_ll_tim.o(i.LL_TIM_BDTR_Init), (58 bytes).
    Removing stm32f1xx_ll_tim.o(i.LL_TIM_BDTR_StructInit), (18 bytes).
    Removing stm32f1xx_ll_tim.o(i.LL_TIM_DeInit), (192 bytes).
    Removing stm32f1xx_ll_tim.o(i.LL_TIM_ENCODER_Init), (96 bytes).
    Removing stm32f1xx_ll_tim.o(i.LL_TIM_ENCODER_StructInit), (28 bytes).
    Removing stm32f1xx_ll_tim.o(i.LL_TIM_HALLSENSOR_Init), (86 bytes).
    Removing stm32f1xx_ll_tim.o(i.LL_TIM_HALLSENSOR_StructInit), (12 bytes).
    Removing stm32f1xx_ll_tim.o(i.LL_TIM_IC_Init), (224 bytes).
    Removing stm32f1xx_ll_tim.o(i.LL_TIM_IC_StructInit), (16 bytes).
    Removing stm32f1xx_ll_tim.o(i.LL_TIM_Init), (140 bytes).
    Removing stm32f1xx_ll_tim.o(i.LL_TIM_OC_Init), (456 bytes).
    Removing stm32f1xx_ll_tim.o(i.LL_TIM_OC_StructInit), (20 bytes).
    Removing stm32f1xx_ll_tim.o(i.LL_TIM_StructInit), (16 bytes).
    Removing system_stm32f1xx.o(.rev16_text), (4 bytes).
    Removing system_stm32f1xx.o(.revsh_text), (4 bytes).
    Removing system_stm32f1xx.o(.rrx_text), (6 bytes).
    Removing system_stm32f1xx.o(i.SystemCoreClockUpdate), (104 bytes).
    Removing system_stm32f1xx.o(.constdata), (16 bytes).
    Removing system_stm32f1xx.o(.constdata), (8 bytes).
    Removing event_groups.o(i.prvTestWaitCondition), (20 bytes).
    Removing event_groups.o(i.uxEventGroupGetNumber), (8 bytes).
    Removing event_groups.o(i.vEventGroupClearBitsCallback), (4 bytes).
    Removing event_groups.o(i.vEventGroupDelete), (74 bytes).
    Removing event_groups.o(i.vEventGroupSetBitsCallback), (4 bytes).
    Removing event_groups.o(i.vEventGroupSetNumber), (4 bytes).
    Removing event_groups.o(i.xEventGroupClearBits), (64 bytes).
    Removing event_groups.o(i.xEventGroupClearBitsFromISR), (16 bytes).
    Removing event_groups.o(i.xEventGroupCreate), (28 bytes).
    Removing event_groups.o(i.xEventGroupCreateStatic), (44 bytes).
    Removing event_groups.o(i.xEventGroupGetBitsFromISR), (26 bytes).
    Removing event_groups.o(i.xEventGroupSetBits), (140 bytes).
    Removing event_groups.o(i.xEventGroupSetBitsFromISR), (16 bytes).
    Removing event_groups.o(i.xEventGroupSync), (204 bytes).
    Removing event_groups.o(i.xEventGroupWaitBits), (264 bytes).
    Removing queue.o(i.pcQueueGetName), (40 bytes).
    Removing queue.o(i.prvInitialiseMutex), (22 bytes).
    Removing queue.o(i.ucQueueGetQueueType), (6 bytes).
    Removing queue.o(i.uxQueueGetQueueNumber), (4 bytes).
    Removing queue.o(i.uxQueueMessagesWaiting), (36 bytes).
    Removing queue.o(i.uxQueueMessagesWaitingFromISR), (22 bytes).
    Removing queue.o(i.uxQueueSpacesAvailable), (40 bytes).
    Removing queue.o(i.vQueueDelete), (46 bytes).
    Removing queue.o(i.vQueueSetQueueNumber), (4 bytes).
    Removing queue.o(i.vQueueUnregisterQueue), (40 bytes).
    Removing queue.o(i.xQueueCreateCountingSemaphore), (58 bytes).
    Removing queue.o(i.xQueueCreateCountingSemaphoreStatic), (64 bytes).
    Removing queue.o(i.xQueueCreateMutex), (22 bytes).
    Removing queue.o(i.xQueueCreateMutexStatic), (26 bytes).
    Removing queue.o(i.xQueueGenericCreate), (72 bytes).
    Removing queue.o(i.xQueueGetMutexHolder), (28 bytes).
    Removing queue.o(i.xQueueGetMutexHolderFromISR), (30 bytes).
    Removing queue.o(i.xQueueGiveFromISR), (156 bytes).
    Removing queue.o(i.xQueueGiveMutexRecursive), (62 bytes).
    Removing queue.o(i.xQueueIsQueueEmptyFromISR), (30 bytes).
    Removing queue.o(i.xQueueIsQueueFullFromISR), (34 bytes).
    Removing queue.o(i.xQueuePeek), (308 bytes).
    Removing queue.o(i.xQueuePeekFromISR), (116 bytes).
    Removing queue.o(i.xQueueReceiveFromISR), (154 bytes).
    Removing queue.o(i.xQueueSemaphoreTake), (376 bytes).
    Removing queue.o(i.xQueueTakeMutexRecursive), (64 bytes).
    Removing stream_buffer.o(i.prvBytesInBuffer), (18 bytes).
    Removing stream_buffer.o(i.prvInitialiseNewStreamBuffer), (76 bytes).
    Removing stream_buffer.o(i.prvReadBytesFromBuffer), (140 bytes).
    Removing stream_buffer.o(i.prvReadMessageFromBuffer), (66 bytes).
    Removing stream_buffer.o(i.prvWriteBytesToBuffer), (130 bytes).
    Removing stream_buffer.o(i.prvWriteMessageToBuffer), (60 bytes).
    Removing stream_buffer.o(i.ucStreamBufferGetStreamBufferType), (8 bytes).
    Removing stream_buffer.o(i.uxStreamBufferGetStreamBufferNumber), (4 bytes).
    Removing stream_buffer.o(i.vStreamBufferDelete), (34 bytes).
    Removing stream_buffer.o(i.vStreamBufferSetStreamBufferNumber), (4 bytes).
    Removing stream_buffer.o(i.xStreamBufferBytesAvailable), (22 bytes).
    Removing stream_buffer.o(i.xStreamBufferGenericCreate), (82 bytes).
    Removing stream_buffer.o(i.xStreamBufferGenericCreateStatic), (114 bytes).
    Removing stream_buffer.o(i.xStreamBufferIsEmpty), (34 bytes).
    Removing stream_buffer.o(i.xStreamBufferIsFull), (48 bytes).
    Removing stream_buffer.o(i.xStreamBufferReceive), (212 bytes).
    Removing stream_buffer.o(i.xStreamBufferReceiveCompletedFromISR), (70 bytes).
    Removing stream_buffer.o(i.xStreamBufferReceiveFromISR), (144 bytes).
    Removing stream_buffer.o(i.xStreamBufferReset), (68 bytes).
    Removing stream_buffer.o(i.xStreamBufferSend), (236 bytes).
    Removing stream_buffer.o(i.xStreamBufferSendCompletedFromISR), (70 bytes).
    Removing stream_buffer.o(i.xStreamBufferSendFromISR), (142 bytes).
    Removing stream_buffer.o(i.xStreamBufferSetTriggerLevel), (40 bytes).
    Removing stream_buffer.o(i.xStreamBufferSpacesAvailable), (38 bytes).
    Removing tasks.o(i.eTaskGetState), (104 bytes).
    Removing tasks.o(i.pcTaskGetName), (32 bytes).
    Removing tasks.o(i.prvListTasksWithinSingleList), (88 bytes).
    Removing tasks.o(i.prvTaskCheckFreeStackSpace), (20 bytes).
    Removing tasks.o(i.prvTaskIsTaskSuspended), (52 bytes).
    Removing tasks.o(i.pvTaskIncrementMutexHeldCount), (24 bytes).
    Removing tasks.o(i.ulTaskNotifyTake), (104 bytes).
    Removing tasks.o(i.uxTaskGetNumberOfTasks), (12 bytes).
    Removing tasks.o(i.uxTaskGetStackHighWaterMark), (16 bytes).
    Removing tasks.o(i.uxTaskGetSystemState), (172 bytes).
    Removing tasks.o(i.uxTaskGetTaskNumber), (8 bytes).
    Removing tasks.o(i.uxTaskPriorityGet), (28 bytes).
    Removing tasks.o(i.uxTaskPriorityGetFromISR), (44 bytes).
    Removing tasks.o(i.uxTaskResetEventItemValue), (24 bytes).
    Removing tasks.o(i.vTaskDelayUntil), (140 bytes).
    Removing tasks.o(i.vTaskDelete), (144 bytes).
    Removing tasks.o(i.vTaskEndScheduler), (28 bytes).
    Removing tasks.o(i.vTaskGetInfo), (116 bytes).
    Removing tasks.o(i.vTaskNotifyGiveFromISR), (176 bytes).
    Removing tasks.o(i.vTaskPlaceOnUnorderedEventList), (80 bytes).
    Removing tasks.o(i.vTaskPriorityDisinheritAfterTimeout), (144 bytes).
    Removing tasks.o(i.vTaskPrioritySet), (180 bytes).
    Removing tasks.o(i.vTaskRemoveFromUnorderedEventList), (112 bytes).
    Removing tasks.o(i.vTaskResume), (124 bytes).
    Removing tasks.o(i.vTaskSetTaskNumber), (8 bytes).
    Removing tasks.o(i.vTaskSetTimeOutState), (48 bytes).
    Removing tasks.o(i.vTaskSuspend), (156 bytes).
    Removing tasks.o(i.xTaskGenericNotify), (200 bytes).
    Removing tasks.o(i.xTaskGenericNotifyFromISR), (240 bytes).
    Removing tasks.o(i.xTaskGetCurrentTaskHandle), (12 bytes).
    Removing tasks.o(i.xTaskGetTickCountFromISR), (16 bytes).
    Removing tasks.o(i.xTaskNotifyStateClear), (52 bytes).
    Removing tasks.o(i.xTaskNotifyWait), (140 bytes).
    Removing tasks.o(i.xTaskPriorityInherit), (120 bytes).
    Removing tasks.o(i.xTaskResumeFromISR), (136 bytes).
    Removing timers.o(i.pcTimerGetName), (22 bytes).
    Removing timers.o(i.prvInitialiseNewTimer), (68 bytes).
    Removing timers.o(i.pvTimerGetTimerID), (36 bytes).
    Removing timers.o(i.uxTimerGetTimerNumber), (4 bytes).
    Removing timers.o(i.vTimerSetTimerID), (38 bytes).
    Removing timers.o(i.vTimerSetTimerNumber), (4 bytes).
    Removing timers.o(i.xTimerCreate), (52 bytes).
    Removing timers.o(i.xTimerCreateStatic), (46 bytes).
    Removing timers.o(i.xTimerGetExpiryTime), (22 bytes).
    Removing timers.o(i.xTimerGetPeriod), (22 bytes).
    Removing timers.o(i.xTimerGetTimerDaemonTaskHandle), (32 bytes).
    Removing timers.o(i.xTimerIsTimerActive), (44 bytes).
    Removing timers.o(i.xTimerPendFunctionCall), (60 bytes).
    Removing timers.o(i.xTimerPendFunctionCallFromISR), (40 bytes).
    Removing cmsis_os2.o(.rev16_text), (4 bytes).
    Removing cmsis_os2.o(.revsh_text), (4 bytes).
    Removing cmsis_os2.o(.rrx_text), (6 bytes).
    Removing cmsis_os2.o(i.TimerCallback), (24 bytes).
    Removing cmsis_os2.o(i.osDelayUntil), (60 bytes).
    Removing cmsis_os2.o(i.osEventFlagsClear), (88 bytes).
    Removing cmsis_os2.o(i.osEventFlagsDelete), (56 bytes).
    Removing cmsis_os2.o(i.osEventFlagsGet), (48 bytes).
    Removing cmsis_os2.o(i.osEventFlagsNew), (68 bytes).
    Removing cmsis_os2.o(i.osEventFlagsSet), (108 bytes).
    Removing cmsis_os2.o(i.osEventFlagsWait), (124 bytes).
    Removing cmsis_os2.o(i.osKernelGetInfo), (60 bytes).
    Removing cmsis_os2.o(i.osKernelGetState), (32 bytes).
    Removing cmsis_os2.o(i.osKernelGetSysTimerCount), (48 bytes).
    Removing cmsis_os2.o(i.osKernelGetSysTimerFreq), (12 bytes).
    Removing cmsis_os2.o(i.osKernelGetTickCount), (40 bytes).
    Removing cmsis_os2.o(i.osKernelGetTickFreq), (6 bytes).
    Removing cmsis_os2.o(i.osKernelLock), (68 bytes).
    Removing cmsis_os2.o(i.osKernelRestoreLock), (92 bytes).
    Removing cmsis_os2.o(i.osKernelUnlock), (84 bytes).
    Removing cmsis_os2.o(i.osMessageQueueDelete), (68 bytes).
    Removing cmsis_os2.o(i.osMessageQueueGet), (124 bytes).
    Removing cmsis_os2.o(i.osMessageQueueGetCapacity), (8 bytes).
    Removing cmsis_os2.o(i.osMessageQueueGetCount), (44 bytes).
    Removing cmsis_os2.o(i.osMessageQueueGetMsgSize), (8 bytes).
    Removing cmsis_os2.o(i.osMessageQueueGetSpace), (68 bytes).
    Removing cmsis_os2.o(i.osMessageQueueNew), (116 bytes).
    Removing cmsis_os2.o(i.osMessageQueuePut), (128 bytes).
    Removing cmsis_os2.o(i.osMessageQueueReset), (60 bytes).
    Removing cmsis_os2.o(i.osMutexAcquire), (108 bytes).
    Removing cmsis_os2.o(i.osMutexDelete), (68 bytes).
    Removing cmsis_os2.o(i.osMutexGetOwner), (44 bytes).
    Removing cmsis_os2.o(i.osMutexNew), (128 bytes).
    Removing cmsis_os2.o(i.osMutexRelease), (92 bytes).
    Removing cmsis_os2.o(i.osSemaphoreAcquire), (116 bytes).
    Removing cmsis_os2.o(i.osSemaphoreDelete), (68 bytes).
    Removing cmsis_os2.o(i.osSemaphoreGetCount), (44 bytes).
    Removing cmsis_os2.o(i.osSemaphoreNew), (176 bytes).
    Removing cmsis_os2.o(i.osSemaphoreRelease), (112 bytes).
    Removing cmsis_os2.o(i.osThreadEnumerate), (124 bytes).
    Removing cmsis_os2.o(i.osThreadExit), (8 bytes).
    Removing cmsis_os2.o(i.osThreadFlagsClear), (104 bytes).
    Removing cmsis_os2.o(i.osThreadFlagsGet), (68 bytes).
    Removing cmsis_os2.o(i.osThreadFlagsSet), (140 bytes).
    Removing cmsis_os2.o(i.osThreadFlagsWait), (176 bytes).
    Removing cmsis_os2.o(i.osThreadGetCount), (40 bytes).
    Removing cmsis_os2.o(i.osThreadGetId), (40 bytes).
    Removing cmsis_os2.o(i.osThreadGetName), (40 bytes).
    Removing cmsis_os2.o(i.osThreadGetPriority), (44 bytes).
    Removing cmsis_os2.o(i.osThreadGetStackSize), (4 bytes).
    Removing cmsis_os2.o(i.osThreadGetStackSpace), (40 bytes).
    Removing cmsis_os2.o(i.osThreadGetState), (80 bytes).
    Removing cmsis_os2.o(i.osThreadResume), (56 bytes).
    Removing cmsis_os2.o(i.osThreadSetPriority), (64 bytes).
    Removing cmsis_os2.o(i.osThreadSuspend), (56 bytes).
    Removing cmsis_os2.o(i.osThreadTerminate), (76 bytes).
    Removing cmsis_os2.o(i.osThreadYield), (60 bytes).
    Removing cmsis_os2.o(i.osTimerDelete), (92 bytes).
    Removing cmsis_os2.o(i.osTimerGetName), (40 bytes).
    Removing cmsis_os2.o(i.osTimerIsRunning), (40 bytes).
    Removing cmsis_os2.o(i.osTimerNew), (132 bytes).
    Removing cmsis_os2.o(i.osTimerStart), (76 bytes).
    Removing cmsis_os2.o(i.osTimerStop), (92 bytes).
    Removing heap_4.o(i.vPortInitialiseBlocks), (2 bytes).
    Removing heap_4.o(i.xPortGetFreeHeapSize), (12 bytes).
    Removing heap_4.o(i.xPortGetMinimumEverFreeHeapSize), (12 bytes).
    Removing port.o(i.vPortEndScheduler), (32 bytes).

317 unused section(s) (total 18958 bytes) removed from the image.

==============================================================================

Image Symbol Table

    Local Symbols

    Symbol Name                              Value     Ov Type        Size  Object(Section)

    ../Drivers/STM32F1xx_HAL_Driver/Src/stm32f1xx_ll_exti.c 0x00000000   Number         0  stm32f1xx_ll_exti.o ABSOLUTE
    ../Drivers/STM32F1xx_HAL_Driver/Src/stm32f1xx_ll_gpio.c 0x00000000   Number         0  stm32f1xx_ll_gpio.o ABSOLUTE
    ../Drivers/STM32F1xx_HAL_Driver/Src/stm32f1xx_ll_pwr.c 0x00000000   Number         0  stm32f1xx_ll_pwr.o ABSOLUTE
    ../Drivers/STM32F1xx_HAL_Driver/Src/stm32f1xx_ll_rcc.c 0x00000000   Number         0  stm32f1xx_ll_rcc.o ABSOLUTE
    ../Drivers/STM32F1xx_HAL_Driver/Src/stm32f1xx_ll_utils.c 0x00000000   Number         0  stm32f1xx_ll_utils.o ABSOLUTE
    ../Middlewares/Third_Party/FreeRTOS/Source/CMSIS_RTOS_V2/cmsis_os2.c 0x00000000   Number         0  cmsis_os2.o ABSOLUTE
    ../Middlewares/Third_Party/FreeRTOS/Source/croutine.c 0x00000000   Number         0  croutine.o ABSOLUTE
    ../Middlewares/Third_Party/FreeRTOS/Source/event_groups.c 0x00000000   Number         0  event_groups.o ABSOLUTE
    ../Middlewares/Third_Party/FreeRTOS/Source/list.c 0x00000000   Number         0  list.o ABSOLUTE
    ../Middlewares/Third_Party/FreeRTOS/Source/portable/MemMang/heap_4.c 0x00000000   Number         0  heap_4.o ABSOLUTE
    ../Middlewares/Third_Party/FreeRTOS/Source/portable/RVDS/ARM_CM3/port.c 0x00000000   Number         0  port.o ABSOLUTE
    ../Middlewares/Third_Party/FreeRTOS/Source/queue.c 0x00000000   Number         0  queue.o ABSOLUTE
    ../Middlewares/Third_Party/FreeRTOS/Source/stream_buffer.c 0x00000000   Number         0  stream_buffer.o ABSOLUTE
    ../Middlewares/Third_Party/FreeRTOS/Source/tasks.c 0x00000000   Number         0  tasks.o ABSOLUTE
    ../Middlewares/Third_Party/FreeRTOS/Source/timers.c 0x00000000   Number         0  timers.o ABSOLUTE
    ../Src/freertos.c                        0x00000000   Number         0  freertos.o ABSOLUTE
    ../Src/main.c                            0x00000000   Number         0  main.o ABSOLUTE
    ../Src/stm32f1xx_it.c                    0x00000000   Number         0  stm32f1xx_it.o ABSOLUTE
    ../Src/system_stm32f1xx.c                0x00000000   Number         0  system_stm32f1xx.o ABSOLUTE
    ../clib/microlib/init/entry.s            0x00000000   Number         0  entry7b.o ABSOLUTE
    ../clib/microlib/init/entry.s            0x00000000   Number         0  entry8a.o ABSOLUTE
    ../clib/microlib/init/entry.s            0x00000000   Number         0  entry9a.o ABSOLUTE
    ../clib/microlib/init/entry.s            0x00000000   Number         0  entry9b.o ABSOLUTE
    ../clib/microlib/init/entry.s            0x00000000   Number         0  entry10a.o ABSOLUTE
    ../clib/microlib/init/entry.s            0x00000000   Number         0  entry10b.o ABSOLUTE
    ../clib/microlib/init/entry.s            0x00000000   Number         0  entry11a.o ABSOLUTE
    ../clib/microlib/init/entry.s            0x00000000   Number         0  entry8b.o ABSOLUTE
    ../clib/microlib/init/entry.s            0x00000000   Number         0  entry7a.o ABSOLUTE
    ../clib/microlib/init/entry.s            0x00000000   Number         0  entry2.o ABSOLUTE
    ../clib/microlib/init/entry.s            0x00000000   Number         0  entry.o ABSOLUTE
    ../clib/microlib/init/entry.s            0x00000000   Number         0  entry5.o ABSOLUTE
    ../clib/microlib/init/entry.s            0x00000000   Number         0  entry11b.o ABSOLUTE
    ../clib/microlib/string/memcpy.c         0x00000000   Number         0  memcpya.o ABSOLUTE
    ../clib/microlib/string/memcpy.c         0x00000000   Number         0  memcpyb.o ABSOLUTE
    ../clib/microlib/string/memset.c         0x00000000   Number         0  memseta.o ABSOLUTE
    ../clib/microlib/string/memset.c         0x00000000   Number         0  memset.o ABSOLUTE
    ..\Drivers\STM32F1xx_HAL_Driver\Src\stm32f1xx_ll_dma.c 0x00000000   Number         0  stm32f1xx_ll_dma.o ABSOLUTE
    ..\Drivers\STM32F1xx_HAL_Driver\Src\stm32f1xx_ll_exti.c 0x00000000   Number         0  stm32f1xx_ll_exti.o ABSOLUTE
    ..\Drivers\STM32F1xx_HAL_Driver\Src\stm32f1xx_ll_gpio.c 0x00000000   Number         0  stm32f1xx_ll_gpio.o ABSOLUTE
    ..\Drivers\STM32F1xx_HAL_Driver\Src\stm32f1xx_ll_pwr.c 0x00000000   Number         0  stm32f1xx_ll_pwr.o ABSOLUTE
    ..\Drivers\STM32F1xx_HAL_Driver\Src\stm32f1xx_ll_rcc.c 0x00000000   Number         0  stm32f1xx_ll_rcc.o ABSOLUTE
    ..\Drivers\STM32F1xx_HAL_Driver\Src\stm32f1xx_ll_rtc.c 0x00000000   Number         0  stm32f1xx_ll_rtc.o ABSOLUTE
    ..\Drivers\STM32F1xx_HAL_Driver\Src\stm32f1xx_ll_tim.c 0x00000000   Number         0  stm32f1xx_ll_tim.o ABSOLUTE
    ..\Drivers\STM32F1xx_HAL_Driver\Src\stm32f1xx_ll_usart.c 0x00000000   Number         0  stm32f1xx_ll_usart.o ABSOLUTE
    ..\Drivers\STM32F1xx_HAL_Driver\Src\stm32f1xx_ll_utils.c 0x00000000   Number         0  stm32f1xx_ll_utils.o ABSOLUTE
    ..\Middlewares\Third_Party\FreeRTOS\Source\CMSIS_RTOS_V2\cmsis_os2.c 0x00000000   Number         0  cmsis_os2.o ABSOLUTE
    ..\Middlewares\Third_Party\FreeRTOS\Source\portable\RVDS\ARM_CM3\port.c 0x00000000   Number         0  port.o ABSOLUTE
    ..\Src\freertos.c                        0x00000000   Number         0  freertos.o ABSOLUTE
    ..\Src\main.c                            0x00000000   Number         0  main.o ABSOLUTE
    ..\Src\stm32f1xx_it.c                    0x00000000   Number         0  stm32f1xx_it.o ABSOLUTE
    ..\Src\system_stm32f1xx.c                0x00000000   Number         0  system_stm32f1xx.o ABSOLUTE
    ..\\Drivers\\STM32F1xx_HAL_Driver\\Src\\stm32f1xx_ll_dma.c 0x00000000   Number         0  stm32f1xx_ll_dma.o ABSOLUTE
    ..\\Drivers\\STM32F1xx_HAL_Driver\\Src\\stm32f1xx_ll_rtc.c 0x00000000   Number         0  stm32f1xx_ll_rtc.o ABSOLUTE
    ..\\Drivers\\STM32F1xx_HAL_Driver\\Src\\stm32f1xx_ll_tim.c 0x00000000   Number         0  stm32f1xx_ll_tim.o ABSOLUTE
    ..\\Drivers\\STM32F1xx_HAL_Driver\\Src\\stm32f1xx_ll_usart.c 0x00000000   Number         0  stm32f1xx_ll_usart.o ABSOLUTE
    ..\\user\\bsp\\bsp_led_hardware.c        0x00000000   Number         0  bsp_led_hardware.o ABSOLUTE
    ..\\user\\bsp\\bsp_mocbox_UART5.c        0x00000000   Number         0  bsp_mocbox_uart5.o ABSOLUTE
    ..\user\bsp\bsp_led_hardware.c           0x00000000   Number         0  bsp_led_hardware.o ABSOLUTE
    ..\user\bsp\bsp_mocbox_UART5.c           0x00000000   Number         0  bsp_mocbox_uart5.o ABSOLUTE
    dc.s                                     0x00000000   Number         0  dc.o ABSOLUTE
    handlers.s                               0x00000000   Number         0  handlers.o ABSOLUTE
    init.s                                   0x00000000   Number         0  init.o ABSOLUTE
    startup_stm32f103xe.s                    0x00000000   Number         0  startup_stm32f103xe.o ABSOLUTE
    RESET                                    0x08000000   Section      304  startup_stm32f103xe.o(RESET)
    .ARM.Collect$$$$00000000                 0x08000130   Section        0  entry.o(.ARM.Collect$$$$00000000)
    .ARM.Collect$$$$00000001                 0x08000130   Section        4  entry2.o(.ARM.Collect$$$$00000001)
    .ARM.Collect$$$$00000004                 0x08000134   Section        4  entry5.o(.ARM.Collect$$$$00000004)
    .ARM.Collect$$$$00000008                 0x08000138   Section        0  entry7b.o(.ARM.Collect$$$$00000008)
    .ARM.Collect$$$$0000000A                 0x08000138   Section        0  entry8b.o(.ARM.Collect$$$$0000000A)
    .ARM.Collect$$$$0000000B                 0x08000138   Section        8  entry9a.o(.ARM.Collect$$$$0000000B)
    .ARM.Collect$$$$0000000D                 0x08000140   Section        0  entry10a.o(.ARM.Collect$$$$0000000D)
    .ARM.Collect$$$$0000000F                 0x08000140   Section        0  entry11a.o(.ARM.Collect$$$$0000000F)
    .ARM.Collect$$$$00002712                 0x08000140   Section        4  entry2.o(.ARM.Collect$$$$00002712)
    __lit__00000000                          0x08000140   Data           4  entry2.o(.ARM.Collect$$$$00002712)
    .emb_text                                0x08000144   Section      150  port.o(.emb_text)
    .text                                    0x080001dc   Section       36  startup_stm32f103xe.o(.text)
    .text                                    0x08000200   Section        0  memcpya.o(.text)
    .text                                    0x08000224   Section        0  memseta.o(.text)
    .text                                    0x08000248   Section       36  init.o(.text)
    i.BusFault_Handler                       0x0800026c   Section        0  stm32f1xx_it.o(i.BusFault_Handler)
    i.DebugMon_Handler                       0x0800026e   Section        0  stm32f1xx_it.o(i.DebugMon_Handler)
    i.HardFault_Handler                      0x08000270   Section        0  stm32f1xx_it.o(i.HardFault_Handler)
    i.LED_GPIO_Init                          0x08000274   Section        0  bsp_led_hardware.o(i.LED_GPIO_Init)
    i.LED_SendByte2                          0x08000400   Section        0  main.o(i.LED_SendByte2)
    i.LL_APB2_GRP1_EnableClock               0x0800044c   Section        0  main.o(i.LL_APB2_GRP1_EnableClock)
    LL_APB2_GRP1_EnableClock                 0x0800044d   Thumb Code    18  main.o(i.LL_APB2_GRP1_EnableClock)
    i.LL_APB2_GRP1_EnableClock               0x08000464   Section        0  bsp_led_hardware.o(i.LL_APB2_GRP1_EnableClock)
    LL_APB2_GRP1_EnableClock                 0x08000465   Thumb Code    18  bsp_led_hardware.o(i.LL_APB2_GRP1_EnableClock)
    i.LL_GPIO_Init                           0x0800047c   Section        0  stm32f1xx_ll_gpio.o(i.LL_GPIO_Init)
    i.LL_Init1msTick                         0x0800056c   Section        0  stm32f1xx_ll_utils.o(i.LL_Init1msTick)
    i.LL_SetSystemCoreClock                  0x08000588   Section        0  stm32f1xx_ll_utils.o(i.LL_SetSystemCoreClock)
    i.MemManage_Handler                      0x08000594   Section        0  stm32f1xx_it.o(i.MemManage_Handler)
    i.NMI_Handler                            0x08000596   Section        0  stm32f1xx_it.o(i.NMI_Handler)
    i.NVIC_EncodePriority                    0x08000598   Section        0  main.o(i.NVIC_EncodePriority)
    NVIC_EncodePriority                      0x08000599   Thumb Code    50  main.o(i.NVIC_EncodePriority)
    i.StartDefaultTask                       0x080005cc   Section        0  main.o(i.StartDefaultTask)
    i.SysTick_Handler                        0x080007a8   Section        0  stm32f1xx_it.o(i.SysTick_Handler)
    i.SystemClock_Config                     0x080007bc   Section        0  main.o(i.SystemClock_Config)
    i.SystemInit                             0x08000848   Section        0  system_stm32f1xx.o(i.SystemInit)
    i.UsageFault_Handler                     0x08000890   Section        0  stm32f1xx_it.o(i.UsageFault_Handler)
    i.__NVIC_SetPriority                     0x08000892   Section        0  main.o(i.__NVIC_SetPriority)
    __NVIC_SetPriority                       0x08000893   Thumb Code    32  main.o(i.__NVIC_SetPriority)
    i.__scatterload_copy                     0x080008b2   Section       14  handlers.o(i.__scatterload_copy)
    i.__scatterload_null                     0x080008c0   Section        2  handlers.o(i.__scatterload_null)
    i.__scatterload_zeroinit                 0x080008c2   Section       14  handlers.o(i.__scatterload_zeroinit)
    i.main                                   0x080008d0   Section        0  main.o(i.main)
    i.osDelay                                0x08000984   Section        0  cmsis_os2.o(i.osDelay)
    i.osKernelInitialize                     0x080009b8   Section        0  cmsis_os2.o(i.osKernelInitialize)
    i.osKernelStart                          0x080009f0   Section        0  cmsis_os2.o(i.osKernelStart)
    i.osThreadNew                            0x08000a30   Section        0  cmsis_os2.o(i.osThreadNew)
    i.prvAddCurrentTaskToDelayedList         0x08000ad4   Section        0  tasks.o(i.prvAddCurrentTaskToDelayedList)
    prvAddCurrentTaskToDelayedList           0x08000ad5   Thumb Code    84  tasks.o(i.prvAddCurrentTaskToDelayedList)
    i.prvAddNewTaskToReadyList               0x08000b30   Section        0  tasks.o(i.prvAddNewTaskToReadyList)
    prvAddNewTaskToReadyList                 0x08000b31   Thumb Code   190  tasks.o(i.prvAddNewTaskToReadyList)
    i.prvCheckForValidListAndQueue           0x08000c00   Section        0  timers.o(i.prvCheckForValidListAndQueue)
    prvCheckForValidListAndQueue             0x08000c01   Thumb Code    72  timers.o(i.prvCheckForValidListAndQueue)
    i.prvCopyDataFromQueue                   0x08000c58   Section        0  queue.o(i.prvCopyDataFromQueue)
    prvCopyDataFromQueue                     0x08000c59   Thumb Code    38  queue.o(i.prvCopyDataFromQueue)
    i.prvCopyDataToQueue                     0x08000c7e   Section        0  queue.o(i.prvCopyDataToQueue)
    prvCopyDataToQueue                       0x08000c7f   Thumb Code   108  queue.o(i.prvCopyDataToQueue)
    i.prvDeleteTCB                           0x08000cea   Section        0  tasks.o(i.prvDeleteTCB)
    prvDeleteTCB                             0x08000ceb   Thumb Code    52  tasks.o(i.prvDeleteTCB)
    i.prvHeapInit                            0x08000d20   Section        0  heap_4.o(i.prvHeapInit)
    prvHeapInit                              0x08000d21   Thumb Code    66  heap_4.o(i.prvHeapInit)
    i.prvIdleTask                            0x08000d6c   Section        0  tasks.o(i.prvIdleTask)
    prvIdleTask                              0x08000d6d   Thumb Code    82  tasks.o(i.prvIdleTask)
    i.prvInitialiseNewQueue                  0x08000dcc   Section        0  queue.o(i.prvInitialiseNewQueue)
    prvInitialiseNewQueue                    0x08000dcd   Thumb Code    34  queue.o(i.prvInitialiseNewQueue)
    i.prvInitialiseNewTask                   0x08000dee   Section        0  tasks.o(i.prvInitialiseNewTask)
    prvInitialiseNewTask                     0x08000def   Thumb Code   156  tasks.o(i.prvInitialiseNewTask)
    i.prvInsertBlockIntoFreeList             0x08000e8c   Section        0  heap_4.o(i.prvInsertBlockIntoFreeList)
    prvInsertBlockIntoFreeList               0x08000e8d   Thumb Code    72  heap_4.o(i.prvInsertBlockIntoFreeList)
    i.prvInsertTimerInActiveList             0x08000ed8   Section        0  timers.o(i.prvInsertTimerInActiveList)
    prvInsertTimerInActiveList               0x08000ed9   Thumb Code    52  timers.o(i.prvInsertTimerInActiveList)
    i.prvIsQueueEmpty                        0x08000f10   Section        0  queue.o(i.prvIsQueueEmpty)
    prvIsQueueEmpty                          0x08000f11   Thumb Code    28  queue.o(i.prvIsQueueEmpty)
    i.prvProcessReceivedCommands             0x08000f2c   Section        0  timers.o(i.prvProcessReceivedCommands)
    prvProcessReceivedCommands               0x08000f2d   Thumb Code   198  timers.o(i.prvProcessReceivedCommands)
    i.prvProcessTimerOrBlockTask             0x08000ff8   Section        0  timers.o(i.prvProcessTimerOrBlockTask)
    prvProcessTimerOrBlockTask               0x08000ff9   Thumb Code   172  timers.o(i.prvProcessTimerOrBlockTask)
    i.prvResetNextTaskUnblockTime            0x080010ac   Section        0  tasks.o(i.prvResetNextTaskUnblockTime)
    prvResetNextTaskUnblockTime              0x080010ad   Thumb Code    26  tasks.o(i.prvResetNextTaskUnblockTime)
    i.prvSampleTimeNow                       0x080010cc   Section        0  timers.o(i.prvSampleTimeNow)
    prvSampleTimeNow                         0x080010cd   Thumb Code    36  timers.o(i.prvSampleTimeNow)
    i.prvSwitchTimerLists                    0x080010f4   Section        0  timers.o(i.prvSwitchTimerLists)
    prvSwitchTimerLists                      0x080010f5   Thumb Code   102  timers.o(i.prvSwitchTimerLists)
    i.prvTaskExitError                       0x08001160   Section        0  port.o(i.prvTaskExitError)
    prvTaskExitError                         0x08001161   Thumb Code    36  port.o(i.prvTaskExitError)
    i.prvTimerTask                           0x08001188   Section        0  timers.o(i.prvTimerTask)
    prvTimerTask                             0x08001189   Thumb Code    32  timers.o(i.prvTimerTask)
    i.prvUnlockQueue                         0x080011ac   Section        0  queue.o(i.prvUnlockQueue)
    prvUnlockQueue                           0x080011ad   Thumb Code   106  queue.o(i.prvUnlockQueue)
    i.pvPortMalloc                           0x08001218   Section        0  heap_4.o(i.pvPortMalloc)
    i.pxPortInitialiseStack                  0x080012f0   Section        0  port.o(i.pxPortInitialiseStack)
    i.uxListRemove                           0x08001314   Section        0  list.o(i.uxListRemove)
    i.vApplicationGetIdleTaskMemory          0x0800133c   Section        0  cmsis_os2.o(i.vApplicationGetIdleTaskMemory)
    i.vApplicationGetTimerTaskMemory         0x08001350   Section        0  cmsis_os2.o(i.vApplicationGetTimerTaskMemory)
    i.vListInitialise                        0x08001368   Section        0  list.o(i.vListInitialise)
    i.vListInitialiseItem                    0x0800137e   Section        0  list.o(i.vListInitialiseItem)
    i.vListInsert                            0x08001384   Section        0  list.o(i.vListInsert)
    i.vListInsertEnd                         0x080013b4   Section        0  list.o(i.vListInsertEnd)
    i.vPortEnterCritical                     0x080013cc   Section        0  port.o(i.vPortEnterCritical)
    i.vPortExitCritical                      0x0800140c   Section        0  port.o(i.vPortExitCritical)
    i.vPortFree                              0x08001434   Section        0  heap_4.o(i.vPortFree)
    i.vPortSetupTimerInterrupt               0x08001490   Section        0  port.o(i.vPortSetupTimerInterrupt)
    i.vPortValidateInterruptPriority         0x080014b4   Section        0  port.o(i.vPortValidateInterruptPriority)
    i.vQueueAddToRegistry                    0x08001508   Section        0  queue.o(i.vQueueAddToRegistry)
    i.vQueueWaitForMessageRestricted         0x08001530   Section        0  queue.o(i.vQueueWaitForMessageRestricted)
    i.vTaskDelay                             0x08001574   Section        0  tasks.o(i.vTaskDelay)
    i.vTaskInternalSetTimeOutState           0x080015c0   Section        0  tasks.o(i.vTaskInternalSetTimeOutState)
    i.vTaskMissedYield                       0x080015d0   Section        0  tasks.o(i.vTaskMissedYield)
    i.vTaskPlaceOnEventList                  0x080015dc   Section        0  tasks.o(i.vTaskPlaceOnEventList)
    i.vTaskPlaceOnEventListRestricted        0x0800160c   Section        0  tasks.o(i.vTaskPlaceOnEventListRestricted)
    i.vTaskStartScheduler                    0x08001644   Section        0  tasks.o(i.vTaskStartScheduler)
    i.vTaskSuspendAll                        0x080016cc   Section        0  tasks.o(i.vTaskSuspendAll)
    i.vTaskSwitchContext                     0x080016dc   Section        0  tasks.o(i.vTaskSwitchContext)
    i.xPortStartScheduler                    0x08001740   Section        0  port.o(i.xPortStartScheduler)
    i.xPortSysTickHandler                    0x080017e8   Section        0  port.o(i.xPortSysTickHandler)
    i.xQueueGenericCreateStatic              0x08001814   Section        0  queue.o(i.xQueueGenericCreateStatic)
    i.xQueueGenericReset                     0x0800187c   Section        0  queue.o(i.xQueueGenericReset)
    i.xQueueGenericSend                      0x08001904   Section        0  queue.o(i.xQueueGenericSend)
    i.xQueueGenericSendFromISR               0x08001a64   Section        0  queue.o(i.xQueueGenericSendFromISR)
    i.xQueueReceive                          0x08001b20   Section        0  queue.o(i.xQueueReceive)
    i.xTaskCheckForTimeOut                   0x08001c58   Section        0  tasks.o(i.xTaskCheckForTimeOut)
    i.xTaskCreate                            0x08001ccc   Section        0  tasks.o(i.xTaskCreate)
    i.xTaskCreateStatic                      0x08001d26   Section        0  tasks.o(i.xTaskCreateStatic)
    i.xTaskGetSchedulerState                 0x08001d7c   Section        0  tasks.o(i.xTaskGetSchedulerState)
    i.xTaskGetTickCount                      0x08001d98   Section        0  tasks.o(i.xTaskGetTickCount)
    i.xTaskIncrementTick                     0x08001da4   Section        0  tasks.o(i.xTaskIncrementTick)
    i.xTaskPriorityDisinherit                0x08001e6c   Section        0  tasks.o(i.xTaskPriorityDisinherit)
    i.xTaskRemoveFromEventList               0x08001eec   Section        0  tasks.o(i.xTaskRemoveFromEventList)
    i.xTaskResumeAll                         0x08001f5c   Section        0  tasks.o(i.xTaskResumeAll)
    i.xTimerCreateTimerTask                  0x08002020   Section        0  timers.o(i.xTimerCreateTimerTask)
    i.xTimerGenericCommand                   0x08002080   Section        0  timers.o(i.xTimerGenericCommand)
    .constdata                               0x080020e8   Section       36  main.o(.constdata)
    .conststring                             0x0800210c   Section       12  main.o(.conststring)
    .data                                    0x20000000   Section        4  main.o(.data)
    .data                                    0x20000004   Section        4  system_stm32f1xx.o(.data)
    .data                                    0x20000008   Section       60  tasks.o(.data)
    pxDelayedTaskList                        0x2000000c   Data           4  tasks.o(.data)
    pxOverflowDelayedTaskList                0x20000010   Data           4  tasks.o(.data)
    uxDeletedTasksWaitingCleanUp             0x20000014   Data           4  tasks.o(.data)
    uxCurrentNumberOfTasks                   0x20000018   Data           4  tasks.o(.data)
    xTickCount                               0x2000001c   Data           4  tasks.o(.data)
    uxTopReadyPriority                       0x20000020   Data           4  tasks.o(.data)
    xSchedulerRunning                        0x20000024   Data           4  tasks.o(.data)
    uxPendedTicks                            0x20000028   Data           4  tasks.o(.data)
    xYieldPending                            0x2000002c   Data           4  tasks.o(.data)
    xNumOfOverflows                          0x20000030   Data           4  tasks.o(.data)
    uxTaskNumber                             0x20000034   Data           4  tasks.o(.data)
    xNextTaskUnblockTime                     0x20000038   Data           4  tasks.o(.data)
    xIdleTaskHandle                          0x2000003c   Data           4  tasks.o(.data)
    uxSchedulerSuspended                     0x20000040   Data           4  tasks.o(.data)
    .data                                    0x20000044   Section       20  timers.o(.data)
    pxCurrentTimerList                       0x20000044   Data           4  timers.o(.data)
    pxOverflowTimerList                      0x20000048   Data           4  timers.o(.data)
    xTimerQueue                              0x2000004c   Data           4  timers.o(.data)
    xTimerTaskHandle                         0x20000050   Data           4  timers.o(.data)
    xLastTime                                0x20000054   Data           4  timers.o(.data)
    .data                                    0x20000058   Section        4  cmsis_os2.o(.data)
    KernelState                              0x20000058   Data           4  cmsis_os2.o(.data)
    .data                                    0x2000005c   Section       24  heap_4.o(.data)
    pxEnd                                    0x2000005c   Data           4  heap_4.o(.data)
    xFreeBytesRemaining                      0x20000060   Data           4  heap_4.o(.data)
    xMinimumEverFreeBytesRemaining           0x20000064   Data           4  heap_4.o(.data)
    xBlockAllocatedBit                       0x20000068   Data           4  heap_4.o(.data)
    xStart                                   0x2000006c   Data           8  heap_4.o(.data)
    .data                                    0x20000074   Section       12  port.o(.data)
    ucMaxSysCallPriority                     0x20000074   Data           1  port.o(.data)
    uxCriticalNesting                        0x20000078   Data           4  port.o(.data)
    ulMaxPRIGROUPValue                       0x2000007c   Data           4  port.o(.data)
    .bss                                     0x20000080   Section       64  queue.o(.bss)
    .bss                                     0x200000c0   Section     1220  tasks.o(.bss)
    pxReadyTasksLists                        0x200000c0   Data        1120  tasks.o(.bss)
    xDelayedTaskList1                        0x20000520   Data          20  tasks.o(.bss)
    xDelayedTaskList2                        0x20000534   Data          20  tasks.o(.bss)
    xPendingReadyList                        0x20000548   Data          20  tasks.o(.bss)
    xTasksWaitingTermination                 0x2000055c   Data          20  tasks.o(.bss)
    xSuspendedTaskList                       0x20000570   Data          20  tasks.o(.bss)
    .bss                                     0x20000584   Section      280  timers.o(.bss)
    xActiveTimerList1                        0x20000584   Data          20  timers.o(.bss)
    xActiveTimerList2                        0x20000598   Data          20  timers.o(.bss)
    xStaticTimerQueue                        0x200005ac   Data          80  timers.o(.bss)
    ucStaticTimerQueueStorage                0x200005fc   Data         160  timers.o(.bss)
    .bss                                     0x2000069c   Section     1720  cmsis_os2.o(.bss)
    Idle_TCB                                 0x2000069c   Data          92  cmsis_os2.o(.bss)
    Idle_Stack                               0x200006f8   Data         512  cmsis_os2.o(.bss)
    Timer_TCB                                0x200008f8   Data          92  cmsis_os2.o(.bss)
    Timer_Stack                              0x20000954   Data        1024  cmsis_os2.o(.bss)
    .bss                                     0x20000d54   Section     3072  heap_4.o(.bss)
    ucHeap                                   0x20000d54   Data        3072  heap_4.o(.bss)
    STACK                                    0x20001958   Section     1024  startup_stm32f103xe.o(STACK)

    Global Symbols

    Symbol Name                              Value     Ov Type        Size  Object(Section)

    BuildAttributes$$THM_ISAv4$P$D$K$B$S$PE$A:L22UL41UL21$X:L11$S22US41US21$IEEE1$IW$USESV6$~STKCKD$USESV7$~SHL$OSPACE$EBA8$MICROLIB$REQ8$PRES8$EABIv2 0x00000000   Number         0  anon$$obj.o ABSOLUTE
    __ARM_use_no_argv                        0x00000000   Number         0  main.o ABSOLUTE
    __cpp_initialize__aeabi_                  - Undefined Weak Reference
    __cxa_finalize                            - Undefined Weak Reference
    __decompress                              - Undefined Weak Reference
    _clock_init                               - Undefined Weak Reference
    _microlib_exit                            - Undefined Weak Reference
    __Vectors_Size                           0x00000130   Number         0  startup_stm32f103xe.o ABSOLUTE
    __Vectors                                0x08000000   Data           4  startup_stm32f103xe.o(RESET)
    __Vectors_End                            0x08000130   Data           0  startup_stm32f103xe.o(RESET)
    __main                                   0x08000131   Thumb Code     0  entry.o(.ARM.Collect$$$$00000000)
    _main_stk                                0x08000131   Thumb Code     0  entry2.o(.ARM.Collect$$$$00000001)
    _main_scatterload                        0x08000135   Thumb Code     0  entry5.o(.ARM.Collect$$$$00000004)
    __main_after_scatterload                 0x08000139   Thumb Code     0  entry5.o(.ARM.Collect$$$$00000004)
    _main_clock                              0x08000139   Thumb Code     0  entry7b.o(.ARM.Collect$$$$00000008)
    _main_cpp_init                           0x08000139   Thumb Code     0  entry8b.o(.ARM.Collect$$$$0000000A)
    _main_init                               0x08000139   Thumb Code     0  entry9a.o(.ARM.Collect$$$$0000000B)
    __rt_final_cpp                           0x08000141   Thumb Code     0  entry10a.o(.ARM.Collect$$$$0000000D)
    __rt_final_exit                          0x08000141   Thumb Code     0  entry11a.o(.ARM.Collect$$$$0000000F)
    SVC_Handler                              0x08000145   Thumb Code    32  port.o(.emb_text)
    __asm___6_port_c_39a90d8d__prvStartFirstTask 0x08000169   Thumb Code    28  port.o(.emb_text)
    PendSV_Handler                           0x08000189   Thumb Code    72  port.o(.emb_text)
    vPortGetIPSR                             0x080001d5   Thumb Code     6  port.o(.emb_text)
    Reset_Handler                            0x080001dd   Thumb Code     8  startup_stm32f103xe.o(.text)
    ADC1_2_IRQHandler                        0x080001f7   Thumb Code     0  startup_stm32f103xe.o(.text)
    ADC3_IRQHandler                          0x080001f7   Thumb Code     0  startup_stm32f103xe.o(.text)
    CAN1_RX1_IRQHandler                      0x080001f7   Thumb Code     0  startup_stm32f103xe.o(.text)
    CAN1_SCE_IRQHandler                      0x080001f7   Thumb Code     0  startup_stm32f103xe.o(.text)
    DMA1_Channel1_IRQHandler                 0x080001f7   Thumb Code     0  startup_stm32f103xe.o(.text)
    DMA1_Channel2_IRQHandler                 0x080001f7   Thumb Code     0  startup_stm32f103xe.o(.text)
    DMA1_Channel3_IRQHandler                 0x080001f7   Thumb Code     0  startup_stm32f103xe.o(.text)
    DMA1_Channel4_IRQHandler                 0x080001f7   Thumb Code     0  startup_stm32f103xe.o(.text)
    DMA1_Channel5_IRQHandler                 0x080001f7   Thumb Code     0  startup_stm32f103xe.o(.text)
    DMA1_Channel6_IRQHandler                 0x080001f7   Thumb Code     0  startup_stm32f103xe.o(.text)
    DMA1_Channel7_IRQHandler                 0x080001f7   Thumb Code     0  startup_stm32f103xe.o(.text)
    DMA2_Channel1_IRQHandler                 0x080001f7   Thumb Code     0  startup_stm32f103xe.o(.text)
    DMA2_Channel2_IRQHandler                 0x080001f7   Thumb Code     0  startup_stm32f103xe.o(.text)
    DMA2_Channel3_IRQHandler                 0x080001f7   Thumb Code     0  startup_stm32f103xe.o(.text)
    DMA2_Channel4_5_IRQHandler               0x080001f7   Thumb Code     0  startup_stm32f103xe.o(.text)
    EXTI0_IRQHandler                         0x080001f7   Thumb Code     0  startup_stm32f103xe.o(.text)
    EXTI15_10_IRQHandler                     0x080001f7   Thumb Code     0  startup_stm32f103xe.o(.text)
    EXTI1_IRQHandler                         0x080001f7   Thumb Code     0  startup_stm32f103xe.o(.text)
    EXTI2_IRQHandler                         0x080001f7   Thumb Code     0  startup_stm32f103xe.o(.text)
    EXTI3_IRQHandler                         0x080001f7   Thumb Code     0  startup_stm32f103xe.o(.text)
    EXTI4_IRQHandler                         0x080001f7   Thumb Code     0  startup_stm32f103xe.o(.text)
    EXTI9_5_IRQHandler                       0x080001f7   Thumb Code     0  startup_stm32f103xe.o(.text)
    FLASH_IRQHandler                         0x080001f7   Thumb Code     0  startup_stm32f103xe.o(.text)
    FSMC_IRQHandler                          0x080001f7   Thumb Code     0  startup_stm32f103xe.o(.text)
    I2C1_ER_IRQHandler                       0x080001f7   Thumb Code     0  startup_stm32f103xe.o(.text)
    I2C1_EV_IRQHandler                       0x080001f7   Thumb Code     0  startup_stm32f103xe.o(.text)
    I2C2_ER_IRQHandler                       0x080001f7   Thumb Code     0  startup_stm32f103xe.o(.text)
    I2C2_EV_IRQHandler                       0x080001f7   Thumb Code     0  startup_stm32f103xe.o(.text)
    PVD_IRQHandler                           0x080001f7   Thumb Code     0  startup_stm32f103xe.o(.text)
    RCC_IRQHandler                           0x080001f7   Thumb Code     0  startup_stm32f103xe.o(.text)
    RTC_Alarm_IRQHandler                     0x080001f7   Thumb Code     0  startup_stm32f103xe.o(.text)
    RTC_IRQHandler                           0x080001f7   Thumb Code     0  startup_stm32f103xe.o(.text)
    SDIO_IRQHandler                          0x080001f7   Thumb Code     0  startup_stm32f103xe.o(.text)
    SPI1_IRQHandler                          0x080001f7   Thumb Code     0  startup_stm32f103xe.o(.text)
    SPI2_IRQHandler                          0x080001f7   Thumb Code     0  startup_stm32f103xe.o(.text)
    SPI3_IRQHandler                          0x080001f7   Thumb Code     0  startup_stm32f103xe.o(.text)
    TAMPER_IRQHandler                        0x080001f7   Thumb Code     0  startup_stm32f103xe.o(.text)
    TIM1_BRK_IRQHandler                      0x080001f7   Thumb Code     0  startup_stm32f103xe.o(.text)
    TIM1_CC_IRQHandler                       0x080001f7   Thumb Code     0  startup_stm32f103xe.o(.text)
    TIM1_TRG_COM_IRQHandler                  0x080001f7   Thumb Code     0  startup_stm32f103xe.o(.text)
    TIM1_UP_IRQHandler                       0x080001f7   Thumb Code     0  startup_stm32f103xe.o(.text)
    TIM2_IRQHandler                          0x080001f7   Thumb Code     0  startup_stm32f103xe.o(.text)
    TIM3_IRQHandler                          0x080001f7   Thumb Code     0  startup_stm32f103xe.o(.text)
    TIM4_IRQHandler                          0x080001f7   Thumb Code     0  startup_stm32f103xe.o(.text)
    TIM5_IRQHandler                          0x080001f7   Thumb Code     0  startup_stm32f103xe.o(.text)
    TIM6_IRQHandler                          0x080001f7   Thumb Code     0  startup_stm32f103xe.o(.text)
    TIM7_IRQHandler                          0x080001f7   Thumb Code     0  startup_stm32f103xe.o(.text)
    TIM8_BRK_IRQHandler                      0x080001f7   Thumb Code     0  startup_stm32f103xe.o(.text)
    TIM8_CC_IRQHandler                       0x080001f7   Thumb Code     0  startup_stm32f103xe.o(.text)
    TIM8_TRG_COM_IRQHandler                  0x080001f7   Thumb Code     0  startup_stm32f103xe.o(.text)
    TIM8_UP_IRQHandler                       0x080001f7   Thumb Code     0  startup_stm32f103xe.o(.text)
    UART4_IRQHandler                         0x080001f7   Thumb Code     0  startup_stm32f103xe.o(.text)
    UART5_IRQHandler                         0x080001f7   Thumb Code     0  startup_stm32f103xe.o(.text)
    USART1_IRQHandler                        0x080001f7   Thumb Code     0  startup_stm32f103xe.o(.text)
    USART2_IRQHandler                        0x080001f7   Thumb Code     0  startup_stm32f103xe.o(.text)
    USART3_IRQHandler                        0x080001f7   Thumb Code     0  startup_stm32f103xe.o(.text)
    USBWakeUp_IRQHandler                     0x080001f7   Thumb Code     0  startup_stm32f103xe.o(.text)
    USB_HP_CAN1_TX_IRQHandler                0x080001f7   Thumb Code     0  startup_stm32f103xe.o(.text)
    USB_LP_CAN1_RX0_IRQHandler               0x080001f7   Thumb Code     0  startup_stm32f103xe.o(.text)
    WWDG_IRQHandler                          0x080001f7   Thumb Code     0  startup_stm32f103xe.o(.text)
    __aeabi_memcpy                           0x08000201   Thumb Code    36  memcpya.o(.text)
    __aeabi_memcpy4                          0x08000201   Thumb Code     0  memcpya.o(.text)
    __aeabi_memcpy8                          0x08000201   Thumb Code     0  memcpya.o(.text)
    __aeabi_memset                           0x08000225   Thumb Code    14  memseta.o(.text)
    __aeabi_memset4                          0x08000225   Thumb Code     0  memseta.o(.text)
    __aeabi_memset8                          0x08000225   Thumb Code     0  memseta.o(.text)
    __aeabi_memclr                           0x08000233   Thumb Code     4  memseta.o(.text)
    __aeabi_memclr4                          0x08000233   Thumb Code     0  memseta.o(.text)
    __aeabi_memclr8                          0x08000233   Thumb Code     0  memseta.o(.text)
    memset                                   0x08000237   Thumb Code    18  memseta.o(.text)
    __scatterload                            0x08000249   Thumb Code    28  init.o(.text)
    __scatterload_rt2                        0x08000249   Thumb Code     0  init.o(.text)
    BusFault_Handler                         0x0800026d   Thumb Code     2  stm32f1xx_it.o(i.BusFault_Handler)
    DebugMon_Handler                         0x0800026f   Thumb Code     2  stm32f1xx_it.o(i.DebugMon_Handler)
    HardFault_Handler                        0x08000271   Thumb Code     2  stm32f1xx_it.o(i.HardFault_Handler)
    LED_GPIO_Init                            0x08000275   Thumb Code   358  bsp_led_hardware.o(i.LED_GPIO_Init)
    LED_SendByte2                            0x08000401   Thumb Code    70  main.o(i.LED_SendByte2)
    LL_GPIO_Init                             0x0800047d   Thumb Code   240  stm32f1xx_ll_gpio.o(i.LL_GPIO_Init)
    LL_Init1msTick                           0x0800056d   Thumb Code    26  stm32f1xx_ll_utils.o(i.LL_Init1msTick)
    LL_SetSystemCoreClock                    0x08000589   Thumb Code     6  stm32f1xx_ll_utils.o(i.LL_SetSystemCoreClock)
    MemManage_Handler                        0x08000595   Thumb Code     2  stm32f1xx_it.o(i.MemManage_Handler)
    NMI_Handler                              0x08000597   Thumb Code     2  stm32f1xx_it.o(i.NMI_Handler)
    StartDefaultTask                         0x080005cd   Thumb Code   464  main.o(i.StartDefaultTask)
    SysTick_Handler                          0x080007a9   Thumb Code    20  stm32f1xx_it.o(i.SysTick_Handler)
    SystemClock_Config                       0x080007bd   Thumb Code   128  main.o(i.SystemClock_Config)
    SystemInit                               0x08000849   Thumb Code    56  system_stm32f1xx.o(i.SystemInit)
    UsageFault_Handler                       0x08000891   Thumb Code     2  stm32f1xx_it.o(i.UsageFault_Handler)
    __scatterload_copy                       0x080008b3   Thumb Code    14  handlers.o(i.__scatterload_copy)
    __scatterload_null                       0x080008c1   Thumb Code     2  handlers.o(i.__scatterload_null)
    __scatterload_zeroinit                   0x080008c3   Thumb Code    14  handlers.o(i.__scatterload_zeroinit)
    main                                     0x080008d1   Thumb Code   152  main.o(i.main)
    osDelay                                  0x08000985   Thumb Code    46  cmsis_os2.o(i.osDelay)
    osKernelInitialize                       0x080009b9   Thumb Code    50  cmsis_os2.o(i.osKernelInitialize)
    osKernelStart                            0x080009f1   Thumb Code    58  cmsis_os2.o(i.osKernelStart)
    osThreadNew                              0x08000a31   Thumb Code   160  cmsis_os2.o(i.osThreadNew)
    pvPortMalloc                             0x08001219   Thumb Code   210  heap_4.o(i.pvPortMalloc)
    pxPortInitialiseStack                    0x080012f1   Thumb Code    32  port.o(i.pxPortInitialiseStack)
    uxListRemove                             0x08001315   Thumb Code    38  list.o(i.uxListRemove)
    vApplicationGetIdleTaskMemory            0x0800133d   Thumb Code    16  cmsis_os2.o(i.vApplicationGetIdleTaskMemory)
    vApplicationGetTimerTaskMemory           0x08001351   Thumb Code    18  cmsis_os2.o(i.vApplicationGetTimerTaskMemory)
    vListInitialise                          0x08001369   Thumb Code    22  list.o(i.vListInitialise)
    vListInitialiseItem                      0x0800137f   Thumb Code     6  list.o(i.vListInitialiseItem)
    vListInsert                              0x08001385   Thumb Code    48  list.o(i.vListInsert)
    vListInsertEnd                           0x080013b5   Thumb Code    24  list.o(i.vListInsertEnd)
    vPortEnterCritical                       0x080013cd   Thumb Code    54  port.o(i.vPortEnterCritical)
    vPortExitCritical                        0x0800140d   Thumb Code    34  port.o(i.vPortExitCritical)
    vPortFree                                0x08001435   Thumb Code    88  heap_4.o(i.vPortFree)
    vPortSetupTimerInterrupt                 0x08001491   Thumb Code    32  port.o(i.vPortSetupTimerInterrupt)
    vPortValidateInterruptPriority           0x080014b5   Thumb Code    74  port.o(i.vPortValidateInterruptPriority)
    vQueueAddToRegistry                      0x08001509   Thumb Code    34  queue.o(i.vQueueAddToRegistry)
    vQueueWaitForMessageRestricted           0x08001531   Thumb Code    68  queue.o(i.vQueueWaitForMessageRestricted)
    vTaskDelay                               0x08001575   Thumb Code    66  tasks.o(i.vTaskDelay)
    vTaskInternalSetTimeOutState             0x080015c1   Thumb Code    12  tasks.o(i.vTaskInternalSetTimeOutState)
    vTaskMissedYield                         0x080015d1   Thumb Code     8  tasks.o(i.vTaskMissedYield)
    vTaskPlaceOnEventList                    0x080015dd   Thumb Code    44  tasks.o(i.vTaskPlaceOnEventList)
    vTaskPlaceOnEventListRestricted          0x0800160d   Thumb Code    52  tasks.o(i.vTaskPlaceOnEventListRestricted)
    vTaskStartScheduler                      0x08001645   Thumb Code   118  tasks.o(i.vTaskStartScheduler)
    vTaskSuspendAll                          0x080016cd   Thumb Code    10  tasks.o(i.vTaskSuspendAll)
    vTaskSwitchContext                       0x080016dd   Thumb Code    90  tasks.o(i.vTaskSwitchContext)
    xPortStartScheduler                      0x08001741   Thumb Code   154  port.o(i.xPortStartScheduler)
    xPortSysTickHandler                      0x080017e9   Thumb Code    38  port.o(i.xPortSysTickHandler)
    xQueueGenericCreateStatic                0x08001815   Thumb Code   102  queue.o(i.xQueueGenericCreateStatic)
    xQueueGenericReset                       0x0800187d   Thumb Code   132  queue.o(i.xQueueGenericReset)
    xQueueGenericSend                        0x08001905   Thumb Code   346  queue.o(i.xQueueGenericSend)
    xQueueGenericSendFromISR                 0x08001a65   Thumb Code   188  queue.o(i.xQueueGenericSendFromISR)
    xQueueReceive                            0x08001b21   Thumb Code   308  queue.o(i.xQueueReceive)
    xTaskCheckForTimeOut                     0x08001c59   Thumb Code   112  tasks.o(i.xTaskCheckForTimeOut)
    xTaskCreate                              0x08001ccd   Thumb Code    90  tasks.o(i.xTaskCreate)
    xTaskCreateStatic                        0x08001d27   Thumb Code    86  tasks.o(i.xTaskCreateStatic)
    xTaskGetSchedulerState                   0x08001d7d   Thumb Code    22  tasks.o(i.xTaskGetSchedulerState)
    xTaskGetTickCount                        0x08001d99   Thumb Code     6  tasks.o(i.xTaskGetTickCount)
    xTaskIncrementTick                       0x08001da5   Thumb Code   190  tasks.o(i.xTaskIncrementTick)
    xTaskPriorityDisinherit                  0x08001e6d   Thumb Code   118  tasks.o(i.xTaskPriorityDisinherit)
    xTaskRemoveFromEventList                 0x08001eed   Thumb Code    98  tasks.o(i.xTaskRemoveFromEventList)
    xTaskResumeAll                           0x08001f5d   Thumb Code   182  tasks.o(i.xTaskResumeAll)
    xTimerCreateTimerTask                    0x08002021   Thumb Code    78  timers.o(i.xTimerCreateTimerTask)
    xTimerGenericCommand                     0x08002081   Thumb Code    98  timers.o(i.xTimerGenericCommand)
    defaultTask_attributes                   0x080020e8   Data          36  main.o(.constdata)
    Region$$Table$$Base                      0x08002118   Number         0  anon$$obj.o(Region$$Table)
    Region$$Table$$Limit                     0x08002138   Number         0  anon$$obj.o(Region$$Table)
    defaultTaskHandle                        0x20000000   Data           4  main.o(.data)
    SystemCoreClock                          0x20000004   Data           4  system_stm32f1xx.o(.data)
    pxCurrentTCB                             0x20000008   Data           4  tasks.o(.data)
    xQueueRegistry                           0x20000080   Data          64  queue.o(.bss)
    __initial_sp                             0x20001d58   Data           0  startup_stm32f103xe.o(STACK)



==============================================================================

Memory Map of the image

  Image Entry point : 0x08000131

  Load Region LR_IROM1 (Base: 0x08000000, Size: 0x000021b8, Max: 0x00080000, ABSOLUTE)

    Execution Region ER_IROM1 (Exec base: 0x08000000, Load base: 0x08000000, Size: 0x00002138, Max: 0x00080000, ABSOLUTE)

    Exec Addr    Load Addr    Size         Type   Attr      Idx    E Section Name        Object

    0x08000000   0x08000000   0x00000130   Data   RO            3    RESET               startup_stm32f103xe.o
    0x08000130   0x08000130   0x00000000   Code   RO         2752  * .ARM.Collect$$$$00000000  mc_w.l(entry.o)
    0x08000130   0x08000130   0x00000004   Code   RO         2763    .ARM.Collect$$$$00000001  mc_w.l(entry2.o)
    0x08000134   0x08000134   0x00000004   Code   RO         2766    .ARM.Collect$$$$00000004  mc_w.l(entry5.o)
    0x08000138   0x08000138   0x00000000   Code   RO         2768    .ARM.Collect$$$$00000008  mc_w.l(entry7b.o)
    0x08000138   0x08000138   0x00000000   Code   RO         2770    .ARM.Collect$$$$0000000A  mc_w.l(entry8b.o)
    0x08000138   0x08000138   0x00000008   Code   RO         2771    .ARM.Collect$$$$0000000B  mc_w.l(entry9a.o)
    0x08000140   0x08000140   0x00000000   Code   RO         2773    .ARM.Collect$$$$0000000D  mc_w.l(entry10a.o)
    0x08000140   0x08000140   0x00000000   Code   RO         2775    .ARM.Collect$$$$0000000F  mc_w.l(entry11a.o)
    0x08000140   0x08000140   0x00000004   Code   RO         2764    .ARM.Collect$$$$00002712  mc_w.l(entry2.o)
    0x08000144   0x08000144   0x00000096   Code   RO         2675    .emb_text           port.o
    0x080001da   0x080001da   0x00000002   PAD
    0x080001dc   0x080001dc   0x00000024   Code   RO            4    .text               startup_stm32f103xe.o
    0x08000200   0x08000200   0x00000024   Code   RO         2755    .text               mc_w.l(memcpya.o)
    0x08000224   0x08000224   0x00000024   Code   RO         2759    .text               mc_w.l(memseta.o)
    0x08000248   0x08000248   0x00000024   Code   RO         2777    .text               mc_w.l(init.o)
    0x0800026c   0x0800026c   0x00000002   Code   RO          294    i.BusFault_Handler  stm32f1xx_it.o
    0x0800026e   0x0800026e   0x00000002   Code   RO          295    i.DebugMon_Handler  stm32f1xx_it.o
    0x08000270   0x08000270   0x00000002   Code   RO          296    i.HardFault_Handler  stm32f1xx_it.o
    0x08000272   0x08000272   0x00000002   PAD
    0x08000274   0x08000274   0x0000018c   Code   RO          359    i.LED_GPIO_Init     bsp_led_hardware.o
    0x08000400   0x08000400   0x0000004c   Code   RO           15    i.LED_SendByte2     main.o
    0x0800044c   0x0800044c   0x00000018   Code   RO           16    i.LL_APB2_GRP1_EnableClock  main.o
    0x08000464   0x08000464   0x00000018   Code   RO          360    i.LL_APB2_GRP1_EnableClock  bsp_led_hardware.o
    0x0800047c   0x0800047c   0x000000f0   Code   RO          525    i.LL_GPIO_Init      stm32f1xx_ll_gpio.o
    0x0800056c   0x0800056c   0x0000001a   Code   RO          646    i.LL_Init1msTick    stm32f1xx_ll_utils.o
    0x08000586   0x08000586   0x00000002   PAD
    0x08000588   0x08000588   0x0000000c   Code   RO          650    i.LL_SetSystemCoreClock  stm32f1xx_ll_utils.o
    0x08000594   0x08000594   0x00000002   Code   RO          297    i.MemManage_Handler  stm32f1xx_it.o
    0x08000596   0x08000596   0x00000002   Code   RO          298    i.NMI_Handler       stm32f1xx_it.o
    0x08000598   0x08000598   0x00000032   Code   RO           18    i.NVIC_EncodePriority  main.o
    0x080005ca   0x080005ca   0x00000002   PAD
    0x080005cc   0x080005cc   0x000001dc   Code   RO           19    i.StartDefaultTask  main.o
    0x080007a8   0x080007a8   0x00000014   Code   RO          299    i.SysTick_Handler   stm32f1xx_it.o
    0x080007bc   0x080007bc   0x0000008c   Code   RO           21    i.SystemClock_Config  main.o
    0x08000848   0x08000848   0x00000048   Code   RO         1102    i.SystemInit        system_stm32f1xx.o
    0x08000890   0x08000890   0x00000002   Code   RO          300    i.UsageFault_Handler  stm32f1xx_it.o
    0x08000892   0x08000892   0x00000020   Code   RO           22    i.__NVIC_SetPriority  main.o
    0x080008b2   0x080008b2   0x0000000e   Code   RO         2781    i.__scatterload_copy  mc_w.l(handlers.o)
    0x080008c0   0x080008c0   0x00000002   Code   RO         2782    i.__scatterload_null  mc_w.l(handlers.o)
    0x080008c2   0x080008c2   0x0000000e   Code   RO         2783    i.__scatterload_zeroinit  mc_w.l(handlers.o)
    0x080008d0   0x080008d0   0x000000b4   Code   RO           23    i.main              main.o
    0x08000984   0x08000984   0x00000034   Code   RO         2208    i.osDelay           cmsis_os2.o
    0x080009b8   0x080009b8   0x00000038   Code   RO         2222    i.osKernelInitialize  cmsis_os2.o
    0x080009f0   0x080009f0   0x00000040   Code   RO         2225    i.osKernelStart     cmsis_os2.o
    0x08000a30   0x08000a30   0x000000a4   Code   RO         2259    i.osThreadNew       cmsis_os2.o
    0x08000ad4   0x08000ad4   0x0000005c   Code   RO         1704    i.prvAddCurrentTaskToDelayedList  tasks.o
    0x08000b30   0x08000b30   0x000000d0   Code   RO         1705    i.prvAddNewTaskToReadyList  tasks.o
    0x08000c00   0x08000c00   0x00000058   Code   RO         2054    i.prvCheckForValidListAndQueue  timers.o
    0x08000c58   0x08000c58   0x00000026   Code   RO         1307    i.prvCopyDataFromQueue  queue.o
    0x08000c7e   0x08000c7e   0x0000006c   Code   RO         1308    i.prvCopyDataToQueue  queue.o
    0x08000cea   0x08000cea   0x00000034   Code   RO         1706    i.prvDeleteTCB      tasks.o
    0x08000d1e   0x08000d1e   0x00000002   PAD
    0x08000d20   0x08000d20   0x0000004c   Code   RO         2626    i.prvHeapInit       heap_4.o
    0x08000d6c   0x08000d6c   0x00000060   Code   RO         1707    i.prvIdleTask       tasks.o
    0x08000dcc   0x08000dcc   0x00000022   Code   RO         1310    i.prvInitialiseNewQueue  queue.o
    0x08000dee   0x08000dee   0x0000009c   Code   RO         1708    i.prvInitialiseNewTask  tasks.o
    0x08000e8a   0x08000e8a   0x00000002   PAD
    0x08000e8c   0x08000e8c   0x0000004c   Code   RO         2627    i.prvInsertBlockIntoFreeList  heap_4.o
    0x08000ed8   0x08000ed8   0x00000038   Code   RO         2056    i.prvInsertTimerInActiveList  timers.o
    0x08000f10   0x08000f10   0x0000001c   Code   RO         1311    i.prvIsQueueEmpty   queue.o
    0x08000f2c   0x08000f2c   0x000000cc   Code   RO         2057    i.prvProcessReceivedCommands  timers.o
    0x08000ff8   0x08000ff8   0x000000b4   Code   RO         2058    i.prvProcessTimerOrBlockTask  timers.o
    0x080010ac   0x080010ac   0x00000020   Code   RO         1710    i.prvResetNextTaskUnblockTime  tasks.o
    0x080010cc   0x080010cc   0x00000028   Code   RO         2059    i.prvSampleTimeNow  timers.o
    0x080010f4   0x080010f4   0x0000006c   Code   RO         2060    i.prvSwitchTimerLists  timers.o
    0x08001160   0x08001160   0x00000028   Code   RO         2676    i.prvTaskExitError  port.o
    0x08001188   0x08001188   0x00000024   Code   RO         2061    i.prvTimerTask      timers.o
    0x080011ac   0x080011ac   0x0000006a   Code   RO         1312    i.prvUnlockQueue    queue.o
    0x08001216   0x08001216   0x00000002   PAD
    0x08001218   0x08001218   0x000000d8   Code   RO         2628    i.pvPortMalloc      heap_4.o
    0x080012f0   0x080012f0   0x00000024   Code   RO         2677    i.pxPortInitialiseStack  port.o
    0x08001314   0x08001314   0x00000026   Code   RO         1267    i.uxListRemove      list.o
    0x0800133a   0x0800133a   0x00000002   PAD
    0x0800133c   0x0800133c   0x00000014   Code   RO         2271    i.vApplicationGetIdleTaskMemory  cmsis_os2.o
    0x08001350   0x08001350   0x00000018   Code   RO         2272    i.vApplicationGetTimerTaskMemory  cmsis_os2.o
    0x08001368   0x08001368   0x00000016   Code   RO         1268    i.vListInitialise   list.o
    0x0800137e   0x0800137e   0x00000006   Code   RO         1269    i.vListInitialiseItem  list.o
    0x08001384   0x08001384   0x00000030   Code   RO         1270    i.vListInsert       list.o
    0x080013b4   0x080013b4   0x00000018   Code   RO         1271    i.vListInsertEnd    list.o
    0x080013cc   0x080013cc   0x00000040   Code   RO         2679    i.vPortEnterCritical  port.o
    0x0800140c   0x0800140c   0x00000028   Code   RO         2680    i.vPortExitCritical  port.o
    0x08001434   0x08001434   0x0000005c   Code   RO         2629    i.vPortFree         heap_4.o
    0x08001490   0x08001490   0x00000024   Code   RO         2681    i.vPortSetupTimerInterrupt  port.o
    0x080014b4   0x080014b4   0x00000054   Code   RO         2682    i.vPortValidateInterruptPriority  port.o
    0x08001508   0x08001508   0x00000028   Code   RO         1318    i.vQueueAddToRegistry  queue.o
    0x08001530   0x08001530   0x00000044   Code   RO         1322    i.vQueueWaitForMessageRestricted  queue.o
    0x08001574   0x08001574   0x0000004c   Code   RO         1722    i.vTaskDelay        tasks.o
    0x080015c0   0x080015c0   0x00000010   Code   RO         1727    i.vTaskInternalSetTimeOutState  tasks.o
    0x080015d0   0x080015d0   0x0000000c   Code   RO         1728    i.vTaskMissedYield  tasks.o
    0x080015dc   0x080015dc   0x00000030   Code   RO         1730    i.vTaskPlaceOnEventList  tasks.o
    0x0800160c   0x0800160c   0x00000038   Code   RO         1731    i.vTaskPlaceOnEventListRestricted  tasks.o
    0x08001644   0x08001644   0x00000088   Code   RO         1739    i.vTaskStartScheduler  tasks.o
    0x080016cc   0x080016cc   0x00000010   Code   RO         1741    i.vTaskSuspendAll   tasks.o
    0x080016dc   0x080016dc   0x00000064   Code   RO         1742    i.vTaskSwitchContext  tasks.o
    0x08001740   0x08001740   0x000000a8   Code   RO         2683    i.xPortStartScheduler  port.o
    0x080017e8   0x080017e8   0x0000002c   Code   RO         2684    i.xPortSysTickHandler  port.o
    0x08001814   0x08001814   0x00000066   Code   RO         1328    i.xQueueGenericCreateStatic  queue.o
    0x0800187a   0x0800187a   0x00000002   PAD
    0x0800187c   0x0800187c   0x00000088   Code   RO         1329    i.xQueueGenericReset  queue.o
    0x08001904   0x08001904   0x00000160   Code   RO         1330    i.xQueueGenericSend  queue.o
    0x08001a64   0x08001a64   0x000000bc   Code   RO         1331    i.xQueueGenericSendFromISR  queue.o
    0x08001b20   0x08001b20   0x00000138   Code   RO         1340    i.xQueueReceive     queue.o
    0x08001c58   0x08001c58   0x00000074   Code   RO         1743    i.xTaskCheckForTimeOut  tasks.o
    0x08001ccc   0x08001ccc   0x0000005a   Code   RO         1744    i.xTaskCreate       tasks.o
    0x08001d26   0x08001d26   0x00000056   Code   RO         1745    i.xTaskCreateStatic  tasks.o
    0x08001d7c   0x08001d7c   0x0000001c   Code   RO         1749    i.xTaskGetSchedulerState  tasks.o
    0x08001d98   0x08001d98   0x0000000c   Code   RO         1750    i.xTaskGetTickCount  tasks.o
    0x08001da4   0x08001da4   0x000000c8   Code   RO         1752    i.xTaskIncrementTick  tasks.o
    0x08001e6c   0x08001e6c   0x00000080   Code   RO         1755    i.xTaskPriorityDisinherit  tasks.o
    0x08001eec   0x08001eec   0x00000070   Code   RO         1757    i.xTaskRemoveFromEventList  tasks.o
    0x08001f5c   0x08001f5c   0x000000c4   Code   RO         1758    i.xTaskResumeAll    tasks.o
    0x08002020   0x08002020   0x00000060   Code   RO         2068    i.xTimerCreateTimerTask  timers.o
    0x08002080   0x08002080   0x00000068   Code   RO         2069    i.xTimerGenericCommand  timers.o
    0x080020e8   0x080020e8   0x00000024   Data   RO           28    .constdata          main.o
    0x0800210c   0x0800210c   0x0000000c   Data   RO           30    .conststring        main.o
    0x08002118   0x08002118   0x00000020   Data   RO         2779    Region$$Table       anon$$obj.o


    Execution Region RW_IRAM1 (Exec base: 0x20000000, Load base: 0x08002138, Size: 0x00001d58, Max: 0x00010000, ABSOLUTE)

    Exec Addr    Load Addr    Size         Type   Attr      Idx    E Section Name        Object

    0x20000000   0x08002138   0x00000004   Data   RW           32    .data               main.o
    0x20000004   0x0800213c   0x00000004   Data   RW         1105    .data               system_stm32f1xx.o
    0x20000008   0x08002140   0x0000003c   Data   RW         1761    .data               tasks.o
    0x20000044   0x0800217c   0x00000014   Data   RW         2077    .data               timers.o
    0x20000058   0x08002190   0x00000004   Data   RW         2274    .data               cmsis_os2.o
    0x2000005c   0x08002194   0x00000018   Data   RW         2634    .data               heap_4.o
    0x20000074   0x080021ac   0x0000000c   Data   RW         2685    .data               port.o
    0x20000080        -       0x00000040   Zero   RW         1344    .bss                queue.o
    0x200000c0        -       0x000004c4   Zero   RW         1760    .bss                tasks.o
    0x20000584        -       0x00000118   Zero   RW         2076    .bss                timers.o
    0x2000069c        -       0x000006b8   Zero   RW         2273    .bss                cmsis_os2.o
    0x20000d54        -       0x00000c00   Zero   RW         2633    .bss                heap_4.o
    0x20001954   0x080021b8   0x00000004   PAD
    0x20001958        -       0x00000400   Zero   RW            1    STACK               startup_stm32f103xe.o


==============================================================================

Image component sizes


      Code (inc. data)   RO Data    RW Data    ZI Data      Debug   Object Name

       420         44          0          0          0       8104   bsp_led_hardware.o
       380         32          0          4       1720      10414   cmsis_os2.o
         0          0          0          0          0      20060   event_groups.o
         0          0          0          0          0       8748   freertos.o
       460         24          0         24       3072       4547   heap_4.o
       138          0          0          0          0       3270   list.o
       978         64         48          4          0     461264   main.o
       662         70          0         12          0      10577   port.o
      1512         20          0          0         64      16596   queue.o
        36          8        304          0       1024        784   startup_stm32f103xe.o
        32          0          0          0          0       2883   stm32f1xx_it.o
       240          0          0          0          0      11103   stm32f1xx_ll_gpio.o
        38          6          0          0          0       4905   stm32f1xx_ll_utils.o
         0          0          0          0          0       8868   stream_buffer.o
        72         16          0          4          0       1099   system_stm32f1xx.o
      2064        170          0         60       1220      22724   tasks.o
       912         82          0         20        280      25679   timers.o

    ----------------------------------------------------------------------
      7962        536        384        128       7384     621625   Object Totals
         0          0         32          0          0          0   (incl. Generated)
        18          0          0          0          4          0   (incl. Padding)

    ----------------------------------------------------------------------

      Code (inc. data)   RO Data    RW Data    ZI Data      Debug   Library Member Name

         0          0          0          0          0          0   entry.o
         0          0          0          0          0          0   entry10a.o
         0          0          0          0          0          0   entry11a.o
         8          4          0          0          0          0   entry2.o
         4          0          0          0          0          0   entry5.o
         0          0          0          0          0          0   entry7b.o
         0          0          0          0          0          0   entry8b.o
         8          4          0          0          0          0   entry9a.o
        30          0          0          0          0          0   handlers.o
        36          8          0          0          0         68   init.o
        36          0          0          0          0         68   memcpya.o
        36          0          0          0          0        108   memseta.o

    ----------------------------------------------------------------------
       158         16          0          0          0        244   Library Totals
         0          0          0          0          0          0   (incl. Padding)

    ----------------------------------------------------------------------

      Code (inc. data)   RO Data    RW Data    ZI Data      Debug   Library Name

       158         16          0          0          0        244   mc_w.l

    ----------------------------------------------------------------------
       158         16          0          0          0        244   Library Totals

    ----------------------------------------------------------------------

==============================================================================


      Code (inc. data)   RO Data    RW Data    ZI Data      Debug   

      8120        552        384        128       7384     617653   Grand Totals
      8120        552        384        128       7384     617653   ELF Image Totals
      8120        552        384        128          0          0   ROM Totals

==============================================================================

    Total RO  Size (Code + RO Data)                 8504 (   8.30kB)
    Total RW  Size (RW Data + ZI Data)              7512 (   7.34kB)
    Total ROM Size (Code + RO Data + RW Data)       8632 (   8.43kB)

==============================================================================

